BL51 BANKED LINKER/LOCATER V6.22.2.0                                                    08/04/2022  16:08:17  PAGE 1


BL51 BANKED LINKER/LOCATER V6.22.2.0, INVOKED BY:
D:\KEIL-C51\C51\BIN\BL51.EXE .\Objects\STARTUP.obj, .\Objects\main.obj, .\Objects\Driver.obj, .\Objects\LCD12864.obj, .\
>> Objects\NameList.obj, .\Objects\Eeprom.obj, .\Objects\SysStatus.obj, .\Objects\UnlockPassword.obj, .\Objects\SysStrin
>> g.obj, .\Objects\Card.obj, .\Objects\CardRead.obj, .\Objects\Audio.obj, .\Objects\UART.obj, .\Objects\timer.obj, .\Ob
>> jects\GPIO.obj, .\Objects\Exti.obj, .\Objects\spi.obj, .\Objects\WDT.obj TO .\Objects\FSK PRINT (.\Listings\FSK.m51) 
>> RAMSIZE (256)


MEMORY MODEL: LARGE


INPUT MODULES INCLUDED:
  .\Objects\STARTUP.obj (?C_STARTUP)
  .\Objects\main.obj (MAIN)
  .\Objects\Driver.obj (DRIVER)
  .\Objects\LCD12864.obj (LCD12864)
  .\Objects\NameList.obj (NAMELIST)
  .\Objects\Eeprom.obj (EEPROM)
  .\Objects\SysStatus.obj (SYSSTATUS)
  .\Objects\UnlockPassword.obj (UNLOCKPASSWORD)
  .\Objects\SysString.obj (SYSSTRING)
  .\Objects\Card.obj (CARD)
  .\Objects\CardRead.obj (CARDREAD)
  .\Objects\Audio.obj (AUDIO)
  .\Objects\UART.obj (UART)
  .\Objects\timer.obj (TIMER)
  .\Objects\GPIO.obj (GPIO)
  .\Objects\Exti.obj (EXTI)
  .\Objects\spi.obj (SPI)
  .\Objects\WDT.obj (WDT)
  D:\KEIL-C51\C51\LIB\C51L.LIB (?C_INIT)
  D:\KEIL-C51\C51\LIB\C51L.LIB (?C?CLDPTR)
  D:\KEIL-C51\C51\LIB\C51L.LIB (?C?CLDOPTR)
  D:\KEIL-C51\C51\LIB\C51L.LIB (?C?CSTPTR)
  D:\KEIL-C51\C51\LIB\C51L.LIB (?C?CSTOPTR)
  D:\KEIL-C51\C51\LIB\C51L.LIB (?C?IMUL)
  D:\KEIL-C51\C51\LIB\C51L.LIB (?C?UIDIV)
  D:\KEIL-C51\C51\LIB\C51L.LIB (?C?IILDX)
  D:\KEIL-C51\C51\LIB\C51L.LIB (?C?ILDIX)
  D:\KEIL-C51\C51\LIB\C51L.LIB (?C?ILDPTR)
  D:\KEIL-C51\C51\LIB\C51L.LIB (?C?ILDOPTR)
  D:\KEIL-C51\C51\LIB\C51L.LIB (?C?LMUL)
  D:\KEIL-C51\C51\LIB\C51L.LIB (?C?ULDIV)
  D:\KEIL-C51\C51\LIB\C51L.LIB (?C?ULCMP)
  D:\KEIL-C51\C51\LIB\C51L.LIB (?C?ULSHR)
  D:\KEIL-C51\C51\LIB\C51L.LIB (?C?LSHL)
  D:\KEIL-C51\C51\LIB\C51L.LIB (?C?LLDOPTR)
  D:\KEIL-C51\C51\LIB\C51L.LIB (?C?LLDOPTR0)
  D:\KEIL-C51\C51\LIB\C51L.LIB (?C?LSTXDATA)
  D:\KEIL-C51\C51\LIB\C51L.LIB (?C?LSTKXDATA)
  D:\KEIL-C51\C51\LIB\C51L.LIB (?C?CCASE)
  D:\KEIL-C51\C51\LIB\C51L.LIB (PRINTF)
  D:\KEIL-C51\C51\LIB\C51L.LIB (SCANF)
  D:\KEIL-C51\C51\LIB\C51L.LIB (?C?ISTPTR)
  D:\KEIL-C51\C51\LIB\C51L.LIB (?C?LNEG)
  D:\KEIL-C51\C51\LIB\C51L.LIB (?C?LSTPTR)
  D:\KEIL-C51\C51\LIB\C51L.LIB (?C?LLDIDATA)
  D:\KEIL-C51\C51\LIB\C51L.LIB (?C?LLDXDATA)
BL51 BANKED LINKER/LOCATER V6.22.2.0                                                  08/04/2022  16:08:17  PAGE 2


  D:\KEIL-C51\C51\LIB\C51L.LIB (?C?LLDPDATA)
  D:\KEIL-C51\C51\LIB\C51L.LIB (?C?LLDCODE)
  D:\KEIL-C51\C51\LIB\C51L.LIB (?C?LLDIDATA0)
  D:\KEIL-C51\C51\LIB\C51L.LIB (?C?LLDXDATA0)
  D:\KEIL-C51\C51\LIB\C51L.LIB (?C?LLDPDATA0)
  D:\KEIL-C51\C51\LIB\C51L.LIB (?C?LLDCODE0)
  D:\KEIL-C51\C51\LIB\C51L.LIB (?C?PLDXDATA)
  D:\KEIL-C51\C51\LIB\C51L.LIB (?C?PLDIXDATA)
  D:\KEIL-C51\C51\LIB\C51L.LIB (?C?PILDXDATA)
  D:\KEIL-C51\C51\LIB\C51L.LIB (?C?PSTXDATA)
  D:\KEIL-C51\C51\LIB\C51L.LIB (GETCHAR)
  D:\KEIL-C51\C51\LIB\C51L.LIB (UNGETC)
  D:\KEIL-C51\C51\LIB\C51L.LIB (ISSPACE)
  D:\KEIL-C51\C51\LIB\C51L.LIB (?C?LSTIDATA)
  D:\KEIL-C51\C51\LIB\C51L.LIB (?C?LSTPDATA)
  D:\KEIL-C51\C51\LIB\C51L.LIB (_GETKEY)


LINK MAP OF MODULE:  .\Objects\FSK (?C_STARTUP)


            TYPE    BASE      LENGTH    RELOCATION   SEGMENT NAME
            -----------------------------------------------------

            * * * * * * *   D A T A   M E M O R Y   * * * * * * *
            REG     0000H     0008H     ABSOLUTE     "REG BANK 0"
            DATA    0008H     0005H     UNIT         _DATA_GROUP_
                    000DH     0013H                  *** GAP ***
            BIT     0020H.0   0001H.2   UNIT         _BIT_GROUP_
            BIT     0021H.2   0000H.4   UNIT         ?BI?CARDREAD
            BIT     0021H.6   0000H.3   UNIT         ?BI?UNLOCKPASSWORD
            BIT     0022H.1   0000H.3   UNIT         ?BI?AUDIO
            BIT     0022H.4   0000H.2   UNIT         ?BI?LCD12864
            BIT     0022H.6   0000H.2   UNIT         ?BI?CARD
            BIT     0023H.0   0000H.1   UNIT         ?BI?NAMELIST
            BIT     0023H.1   0000H.1   UNIT         ?BI?TIMER
            BIT     0023H.2   0000H.1   UNIT         ?BI?SPI
            BIT     0023H.3   0000H.1   UNIT         ?BI?GETCHAR
                    0023H.4   0000H.4                *** GAP ***
            IDATA   0024H     0001H     UNIT         ?STACK

            * * * * * * *  X D A T A   M E M O R Y  * * * * * * *
            XDATA   0000H     08A3H     UNIT         ?XD?AUDIO
            XDATA   08A3H     0406H     UNIT         ?XD?LCD12864
            XDATA   0CA9H     03D8H     UNIT         ?XD?UART
            XDATA   1081H     00AEH     UNIT         _XDATA_GROUP_
            XDATA   112FH     0082H     UNIT         ?XD?SPI
            XDATA   11B1H     005AH     UNIT         ?XD?CARDREAD
            XDATA   120BH     0054H     UNIT         ?XD?SYSSTATUS
            XDATA   125FH     0034H     UNIT         ?XD?NAMELIST
            XDATA   1293H     0014H     UNIT         ?XD?SYSSTRING
            XDATA   12A7H     000CH     UNIT         ?XD?DRIVER
            XDATA   12B3H     000CH     UNIT         ?XD?UNLOCKPASSWORD
            XDATA   12BFH     0008H     UNIT         ?XD?CARD
            XDATA   12C7H     0005H     UNIT         ?XD?MAIN
            XDATA   12CCH     0005H     UNIT         ?XD?_GETPSWBYROOM?UNLOCKPASSWORD
            XDATA   12D1H     0002H     UNIT         ?XD?TIMER
BL51 BANKED LINKER/LOCATER V6.22.2.0                                                  08/04/2022  16:08:17  PAGE 3


            XDATA   12D3H     0001H     UNIT         ?XD?GETCHAR

            * * * * * * *   C O D E   M E M O R Y   * * * * * * *
            CODE    0000H     0003H     ABSOLUTE     
            CODE    0003H     0003H     ABSOLUTE     
            CODE    0006H     0004H     UNIT         ?PR?WDT_CLEAR?WDT
            CODE    000AH     0001H     UNIT         ?PR?SHOWGSMCSQ?SYSSTRING
            CODE    000BH     0003H     ABSOLUTE     
            CODE    000EH     000CH     UNIT         ?PR?_SYSTALKKEY?SYSSTATUS
                    001AH     0001H                  *** GAP ***
            CODE    001BH     0003H     ABSOLUTE     
            CODE    001EH     0003H     UNIT         ?CO?MAIN
                    0021H     0002H                  *** GAP ***
            CODE    0023H     0003H     ABSOLUTE     
            CODE    0026H     0025H     UNIT         ?PR?EDITNAMEITEMCON?NAMELIST
            CODE    004BH     0003H     ABSOLUTE     
            CODE    004EH     003BH     UNIT         ?PR?_WRITENAMEITEMBYIDX?NAMELIST
                    0089H     0002H                  *** GAP ***
            CODE    008BH     0003H     ABSOLUTE     
            CODE    008EH     0015H     UNIT         ?PR?IIC_NACK?EEPROM
            CODE    00A3H     0003H     ABSOLUTE     
            CODE    00A6H     0840H     UNIT         ?CO?LCD12864
            CODE    08E6H     0490H     UNIT         ?C?LIB_CODE
            CODE    0D76H     044CH     UNIT         ?PR?_UART_CONFIGURATION?UART
            CODE    11C2H     0425H     UNIT         ?PR?_PSWEDITKEY?UNLOCKPASSWORD
            CODE    15E7H     03EBH     UNIT         ?PR?_NAMEEDITKEY?NAMELIST
            CODE    19D2H     0371H     UNIT         ?PR?_REVNAMELIST?NAMELIST
            CODE    1D43H     0365H     UNIT         ?PR?PRINTF?PRINTF
            CODE    20A8H     033AH     UNIT         ?PR?_SHOWPSW?UNLOCKPASSWORD
            CODE    23E2H     0322H     UNIT         ?PR?SCANF?SCANF
            CODE    2704H     02EBH     UNIT         ?CO?SYSSTRING
            CODE    29EFH     02C1H     UNIT         ?PR?_SYSPSWEDITKEY?UNLOCKPASSWORD
            CODE    2CB0H     0254H     UNIT         ?PR?_GPIO_INILIZE?GPIO
            CODE    2F04H     0227H     UNIT         ?PR?WG_SEND26?CARDREAD
            CODE    312BH     0226H     UNIT         ?PR?_NAMEDELETEKEY?NAMELIST
            CODE    3351H     0226H     UNIT         ?PR?_SHOWCARD?CARD
            CODE    3577H     01F0H     UNIT         ?PR?_TIMER_INILIZE?TIMER
            CODE    3767H     01E8H     UNIT         ?PR?MAIN?MAIN
            CODE    394FH     01D2H     UNIT         ?C_INITSEG
            CODE    3B21H     01CFH     UNIT         ?PR?_SHOWNAME?NAMELIST
            CODE    3CF0H     01B8H     UNIT         ?PR?_CARDDELETEKEY?CARD
            CODE    3EA8H     01B2H     UNIT         ?PR?_CARDEDITKEY?CARD
            CODE    405AH     01AAH     UNIT         ?PR?_PSWDELETEKEY?UNLOCKPASSWORD
            CODE    4204H     0180H     UNIT         ?PR?SHOWSUBPARA?SYSSTATUS
            CODE    4384H     017DH     UNIT         ?PR?_SYSKEY?SYSSTATUS
            CODE    4501H     0155H     UNIT         ?PR?_SYSSUBSETKEY?SYSSTATUS
            CODE    4656H     014DH     UNIT         ?PR?_WRITELCD?LCD12864
            CODE    47A3H     0146H     UNIT         ?PR?_SYSIDLEKEY?SYSSTATUS
            CODE    48E9H     0144H     UNIT         ?PR?_PSWINPUTKEY?UNLOCKPASSWORD
            CODE    4A2DH     0126H     UNIT         ?PR?WAVREADTASK?AUDIO
            CODE    4B53H     011EH     UNIT         ?PR?KEYSCAN?DRIVER
            CODE    4C71H     011EH     UNIT         ?PR?INITSYSPARA?SYSSTATUS
            CODE    4D8FH     010CH     UNIT         ?PR?SKEYSCAN?DRIVER
            CODE    4E9BH     0107H     UNIT         ?PR?_SYSINPUTROOM?SYSSTATUS
            CODE    4FA2H     00FEH     UNIT         ?PR?_INPUTSYSPSW?SYSSTATUS
            CODE    50A0H     00F8H     UNIT         ?PR?_LOOKFORSTR?DRIVER
            CODE    5198H     00F1H     UNIT         ?PR?_CALLBYNAMEITEM?NAMELIST
BL51 BANKED LINKER/LOCATER V6.22.2.0                                                  08/04/2022  16:08:17  PAGE 4


            CODE    5289H     00EDH     UNIT         ?PR?_SAVESUBPARA?SYSSTATUS
            CODE    5376H     00E8H     UNIT         ?PR?GPIO_CONFIG?DRIVER
            CODE    545EH     00E5H     UNIT         ?PR?NAMEEDITCHAGETYPE?NAMELIST
            CODE    5543H     00DEH     UNIT         ?PR?_SHOWMAIN?SYSSTRING
            CODE    5621H     00DEH     UNIT         ?PR?_ADDCARDITEM?CARD
            CODE    56FFH     00DDH     UNIT         ?CO?NAMELIST
            CODE    57DCH     00CFH     UNIT         ?PR?_SYSSETTINGKEY?SYSSTATUS
            CODE    58ABH     00C6H     UNIT         ?PR?_SUBSETCON?SYSSTATUS
            CODE    5971H     00B4H     UNIT         ?PR?PWMTASK?AUDIO
            CODE    5A25H     00ADH     UNIT         ?PR?_DISPLAYFL?LCD12864
            CODE    5AD2H     00A9H     UNIT         ?PR?SHOWINPUTPSW?SYSSTATUS
            CODE    5B7BH     00A6H     UNIT         ?PR?WG_READ26?CARDREAD
            CODE    5C21H     00A0H     UNIT         ?PR?_CHECKCARD?CARD
            CODE    5CC1H     009BH     UNIT         ?PR?_MP3_STARTPLAY?AUDIO
            CODE    5D5CH     009AH     UNIT         ?PR?UART3_INT?UART
            CODE    5DF6H     0099H     UNIT         ?PR?_SPI_FLASH_READ?SPI
            CODE    5E8FH     0098H     UNIT         ?PR?_SPI_INIT?SPI
            CODE    5F27H     0091H     UNIT         ?PR?_BITBLT?LCD12864
            CODE    5FB8H     008FH     UNIT         ?CO?SYSSTATUS
            CODE    6047H     008EH     UNIT         ?PR?UART1_INT?UART
            CODE    60D5H     008CH     UNIT         ?C_C51STARTUP
            CODE    6161H     008BH     UNIT         ?PR?_WRITEBUF_AT24C02?EEPROM
            CODE    61ECH     0085H     UNIT         ?PR?_GETIDXBYROOM?SYSSTATUS
            CODE    6271H     007BH     UNIT         ?PR?_BEEP_STARTPLAY?AUDIO
            CODE    62ECH     0078H     UNIT         ?PR?_CHECKPSW?UNLOCKPASSWORD
            CODE    6364H     0077H     UNIT         ?PR?_ADDNAMEITEM?NAMELIST
            CODE    63DBH     0077H     UNIT         ?PR?_ADDPSWITEM?UNLOCKPASSWORD
            CODE    6452H     0070H     UNIT         ?PR?_WRITELCDICO?LCD12864
            CODE    64C2H     006FH     UNIT         ?PR?_DELNAMEITEMBYIDX?NAMELIST
            CODE    6531H     006FH     UNIT         ?PR?NAMESETCON?NAMELIST
            CODE    65A0H     006FH     UNIT         ?PR?_DELPSWBYIDX?UNLOCKPASSWORD
            CODE    660FH     006FH     UNIT         ?PR?PSWSETCON?UNLOCKPASSWORD
            CODE    667EH     006FH     UNIT         ?PR?_DELCARDBYIDX?CARD
            CODE    66EDH     006FH     UNIT         ?PR?CARDSETCON?CARD
            CODE    675CH     006CH     UNIT         ?PR?SHOWINPUTROOM?SYSSTATUS
            CODE    67C8H     006BH     UNIT         ?PR?_SENDRELAY?DRIVER
            CODE    6833H     0064H     UNIT         ?PR?_SYSCARD?SYSSTATUS
            CODE    6897H     0063H     UNIT         ?PR?_RELAYOPEN?DRIVER
            CODE    68FAH     0063H     UNIT         ?PR?_READBUF_AT24C02?EEPROM
            CODE    695DH     0063H     UNIT         ?PR?_EXT_INILIZE?EXTI
            CODE    69C0H     0059H     UNIT         ?PR?INITUSERPARA?SYSSTATUS
            CODE    6A19H     0059H     UNIT         ?PR?_READROOMBYIDX?SYSSTATUS
            CODE    6A72H     0056H     UNIT         ?PR?UART_CONFIG?DRIVER
            CODE    6AC8H     0055H     UNIT         ?PR?RINGTASK?AUDIO
            CODE    6B1DH     0055H     UNIT         ?PR?TIMER4_INT?TIMER
            CODE    6B72H     0053H     UNIT         ?PR?TIMER_CONFIG?DRIVER
            CODE    6BC5H     004DH     UNIT         ?PR?_LCD_WDAT?LCD12864
            CODE    6C12H     0049H     UNIT         ?PR?_GETNAMEITEMBYROOM?NAMELIST
            CODE    6C5BH     0049H     UNIT         ?PR?_GETPSWBYROOM?UNLOCKPASSWORD
            CODE    6CA4H     0049H     UNIT         ?PR?SPI_TRANSIVION?SPI
            CODE    6CEDH     0048H     UNIT         ?PR?UARTTASK?UART
            CODE    6D35H     0044H     UNIT         ?PR?_HS_MEMCPY?DRIVER
            CODE    6D79H     0043H     UNIT         ?PR?_LCD_WCMD?LCD12864
            CODE    6DBCH     0042H     UNIT         ?PR?SHOWTALKTIME?SYSSTRING
            CODE    6DFEH     0040H     UNIT         ?PR?KEYBEEPTASK?AUDIO
            CODE    6E3EH     0040H     UNIT         ?PR?TIMER0_INT?TIMER
            CODE    6E7EH     003BH     UNIT         ?PR?_CARDEDITCARDIN?CARD
BL51 BANKED LINKER/LOCATER V6.22.2.0                                                  08/04/2022  16:08:17  PAGE 5


            CODE    6EB9H     0039H     UNIT         ?PR?_IIC_SEND_BYTE?EEPROM
            CODE    6EF2H     0038H     UNIT         ?PR?SYSSETTINGCON?SYSSTATUS
            CODE    6F2AH     0037H     UNIT         ?CO?AUDIO
            CODE    6F61H     0035H     UNIT         ?CO?DRIVER
            CODE    6F96H     0035H     UNIT         ?PR?MP3_STOP?AUDIO
            CODE    6FCBH     0033H     UNIT         ?PR?DELETECARDCON?CARD
            CODE    6FFEH     0032H     UNIT         ?PR?FLASHTASK?LCD12864
            CODE    7030H     0032H     UNIT         ?PR?CARDMSTASK?CARDREAD
            CODE    7062H     0031H     UNIT         ?PR?_WRITECARDBYIDX?CARD
            CODE    7093H     0031H     UNIT         ?PR?_READCARDBYIDX?CARD
            CODE    70C4H     0030H     UNIT         ?PR?INIT_12864?LCD12864
            CODE    70F4H     0030H     UNIT         ?PR?_READNAMEITEMBYIDX?NAMELIST
            CODE    7124H     002FH     UNIT         ?PR?_INPUTROOMCON?SYSSTATUS
            CODE    7153H     002EH     UNIT         ?PR?_MEMISEMPTY?DRIVER
            CODE    7181H     002EH     UNIT         ?PR?IIC_READ_BYTE?EEPROM
            CODE    71AFH     002CH     UNIT         ?PR?_CLEARBUF?DRIVER
            CODE    71DBH     002CH     UNIT         ?PR?TIMER1_INT?TIMER
            CODE    7207H     002BH     UNIT         ?PR?_UART3SENDBUF?UART
            CODE    7232H     0029H     UNIT         ?PR?_DELCARDBYCARD?CARD
            CODE    725BH     0029H     UNIT         ?PR?SPI_CONFIG?AUDIO
            CODE    7284H     0029H     UNIT         ?PR?_WDT_INILIZE?WDT
            CODE    72ADH     0028H     UNIT         ?PR?_WRITEPSWBYIDX?UNLOCKPASSWORD
            CODE    72D5H     0028H     UNIT         ?PR?_TX3_WRITE2BUFF?UART
            CODE    72FDH     0027H     UNIT         ?PR?_TX1_WRITE2BUFF?UART
            CODE    7324H     0026H     UNIT         ?PR?_DELAY?DRIVER
            CODE    734AH     0026H     UNIT         ?PR?_STRLEN?DRIVER
            CODE    7370H     0025H     UNIT         ?PR?DELETENAMECON?NAMELIST
            CODE    7395H     0025H     UNIT         ?PR?IIC_ACK?EEPROM
            CODE    73BAH     0025H     UNIT         ?PR?_DELPSWBYROOM?UNLOCKPASSWORD
            CODE    73DFH     0025H     UNIT         ?PR?EDITPSWCON?UNLOCKPASSWORD
            CODE    7404H     0025H     UNIT         ?PR?DELETEPSWCON?UNLOCKPASSWORD
            CODE    7429H     0025H     UNIT         ?PR?EDITSYSPSWCON?UNLOCKPASSWORD
            CODE    744EH     0025H     UNIT         ?PR?_DELCARDBYROOM?CARD
            CODE    7473H     0025H     UNIT         ?PR?EDITCARDCON?CARD
            CODE    7498H     0025H     UNIT         ?PR?PWM_CONFIG?AUDIO
            CODE    74BDH     0024H     UNIT         ?PR?INPUTPSWCON?UNLOCKPASSWORD
            CODE    74E1H     0023H     UNIT         ?PR?SAVENAMECOUNT?NAMELIST
            CODE    7504H     0023H     UNIT         ?PR?SAVEPSWCOUNT?UNLOCKPASSWORD
            CODE    7527H     0023H     UNIT         ?PR?SAVECARDCOUNT?CARD
            CODE    754AH     0023H     UNIT         ?CO?CARD
            CODE    756DH     0022H     UNIT         ?PR?_SHOWNAMEBYIDX?NAMELIST
            CODE    758FH     0021H     UNIT         ?PR?LCD_BUSY?LCD12864
            CODE    75B0H     0021H     UNIT         ?PR?_NAMESETKEY?NAMELIST
            CODE    75D1H     0021H     UNIT         ?PR?_PSWSETKEY?UNLOCKPASSWORD
            CODE    75F2H     0021H     UNIT         ?PR?_CARDSETKEY?CARD
            CODE    7613H     001DH     UNIT         ?PR?LCDCLEAR?LCD12864
            CODE    7630H     001DH     UNIT         ?PR?_CHECKUNICODE?LCD12864
            CODE    764DH     001DH     UNIT         ?PR?INPUTSYSPSWCON?SYSSTATUS
            CODE    766AH     001DH     UNIT         ?PR?_READPSWBYIDX?UNLOCKPASSWORD
            CODE    7687H     001DH     UNIT         ?PR?SAVESYSPSW?UNLOCKPASSWORD
            CODE    76A4H     001CH     UNIT         ?PR?WGRESET?CARDREAD
            CODE    76C0H     001BH     UNIT         ?PR?_SPI_READWRITEBYTE?SPI
            CODE    76DBH     001AH     UNIT         ?PR?RELAYTASK?DRIVER
            CODE    76F5H     001AH     UNIT         ?PR?SYSIDLECON?SYSSTATUS
            CODE    770FH     001AH     UNIT         ?CO?UNLOCKPASSWORD
            CODE    7729H     001AH     UNIT         ?PR?CARDREADINIT?CARDREAD
            CODE    7743H     0019H     UNIT         ?PR?EXTI_CONFIG?DRIVER
BL51 BANKED LINKER/LOCATER V6.22.2.0                                                  08/04/2022  16:08:17  PAGE 6


            CODE    775CH     0019H     UNIT         ?PR?SHOWUNLOCK?SYSSTRING
            CODE    7775H     0019H     UNIT         ?PR?UART1CLEAR?UART
            CODE    778EH     0019H     UNIT         ?PR?UART3CLEAR?UART
            CODE    77A7H     0017H     UNIT         ?PR?_NAMEDELALLKEY?NAMELIST
            CODE    77BEH     0017H     UNIT         ?PR?_PSWDELALLKEY?UNLOCKPASSWORD
            CODE    77D5H     0017H     UNIT         ?PR?_CARDDELALLKEY?CARD
            CODE    77ECH     0016H     UNIT         ?PR?WDT_CONFIG?DRIVER
            CODE    7802H     0016H     UNIT         ?PR?_DISPLAYSTRING?LCD12864
            CODE    7818H     0016H     UNIT         ?PR?DELETEALLNAMECON?NAMELIST
            CODE    782EH     0016H     UNIT         ?PR?IIC_START?EEPROM
            CODE    7844H     0016H     UNIT         ?PR?IIC_STOP?EEPROM
            CODE    785AH     0016H     UNIT         ?PR?DELETEALLPSWCON?UNLOCKPASSWORD
            CODE    7870H     0016H     UNIT         ?PR?DELETEALLCARDCON?CARD
            CODE    7886H     0015H     UNIT         ?PR?SHOWSAVEOK?SYSSTRING
            CODE    789BH     0015H     UNIT         ?PR?SHOWERR?SYSSTRING
            CODE    78B0H     0015H     UNIT         ?PR?SHOWDELETEOK?SYSSTRING
            CODE    78C5H     0015H     UNIT         ?PR?SHOWCARDERR?SYSSTRING
            CODE    78DAH     0014H     UNIT         ?PR?GETCHAR?GETCHAR
            CODE    78EEH     0014H     UNIT         ?PR?_ISSPACE?ISSPACE
            CODE    7902H     0013H     UNIT         ?PR?INITNAMELIST?NAMELIST
            CODE    7915H     0013H     UNIT         ?PR?IIC_AACK?EEPROM
            CODE    7928H     0013H     UNIT         ?PR?INITPSW?UNLOCKPASSWORD
            CODE    793BH     0013H     UNIT         ?PR?INITCARD?CARD
            CODE    794EH     0012H     UNIT         ?PR?_DISPLAYICO?LCD12864
            CODE    7960H     0012H     UNIT         ?PR?_IIC_DELAYMS?EEPROM
            CODE    7972H     0012H     UNIT         ?PR?EXT_INT0?EXTI
            CODE    7984H     0011H     UNIT         ?PR?UNLOCK?DRIVER
            CODE    7995H     0011H     UNIT         ?PR?_DELNAMEITEMBYROOM?NAMELIST
            CODE    79A6H     0010H     UNIT         ?PR?LCDADDROW?LCD12864
            CODE    79B6H     0010H     UNIT         ?PR?SHOWCONFIRMSAVE?SYSSTRING
            CODE    79C6H     0010H     UNIT         ?PR?SHOWCONFIRMDEL?SYSSTRING
            CODE    79D6H     0010H     UNIT         ?PR?SHOWROOMERR?SYSSTRING
            CODE    79E6H     0010H     UNIT         ?PR?SHOWRESET?SYSSTRING
            CODE    79F6H     0010H     UNIT         ?CO?CARDREAD
            CODE    7A06H     000EH     UNIT         ?PR?_PUTCHAR?DRIVER
            CODE    7A14H     000EH     UNIT         ?PR?WGWDG?CARDREAD
            CODE    7A22H     000EH     UNIT         ?PR?_STARTRING?AUDIO
            CODE    7A30H     000AH     UNIT         ?PR?CLEARNAMELIST?NAMELIST
            CODE    7A3AH     000AH     UNIT         ?PR?CLEARPSW?UNLOCKPASSWORD
            CODE    7A44H     000AH     UNIT         ?PR?CLEARCARD?CARD
            CODE    7A4EH     000AH     UNIT         ?PR?_GETKEY?_GETKEY
            CODE    7A58H     0009H     UNIT         ?PR?_SETFLASH?LCD12864
            CODE    7A61H     0008H     UNIT         ?PR?GETCHAR?UNGETCHAR
            CODE    7A69H     0007H     UNIT         ?PR?RELAYCLOASEALL?DRIVER



OVERLAY MAP OF MODULE:   .\Objects\FSK (?C_STARTUP)


SEGMENT                                       BIT_GROUP          DATA_GROUP          XDATA_GROUP
  +--> CALLED SEGMENT                      START    LENGTH     START    LENGTH     START    LENGTH
--------------------------------------------------------------------------------------------------
?C_C51STARTUP                              -----    -----      -----    -----      -----    -----
  +--> ?PR?MAIN?MAIN
  +--> ?C_INITSEG

BL51 BANKED LINKER/LOCATER V6.22.2.0                                                  08/04/2022  16:08:17  PAGE 7


?PR?MAIN?MAIN                              -----    -----      -----    -----      -----    -----
  +--> ?PR?_DELAY?DRIVER
  +--> ?PR?GPIO_CONFIG?DRIVER
  +--> ?PR?TIMER_CONFIG?DRIVER
  +--> ?PR?UART_CONFIG?DRIVER
  +--> ?PR?EXTI_CONFIG?DRIVER
  +--> ?PR?SPI_CONFIG?AUDIO
  +--> ?PR?PWM_CONFIG?AUDIO
  +--> ?PR?INIT_12864?LCD12864
  +--> ?PR?INITSYSPARA?SYSSTATUS
  +--> ?PR?INITUSERPARA?SYSSTATUS
  +--> ?PR?WDT_CONFIG?DRIVER
  +--> ?PR?SYSIDLECON?SYSSTATUS
  +--> ?PR?CARDREADINIT?CARDREAD
  +--> ?PR?_MP3_STARTPLAY?AUDIO
  +--> ?PR?_BEEP_STARTPLAY?AUDIO
  +--> ?PR?_REVNAMELIST?NAMELIST
  +--> ?PR?UART1CLEAR?UART
  +--> ?CO?MAIN
  +--> ?PR?PRINTF?PRINTF
  +--> ?PR?UART3CLEAR?UART
  +--> ?PR?WAVREADTASK?AUDIO
  +--> ?PR?UARTTASK?UART
  +--> ?PR?FLASHTASK?LCD12864
  +--> ?PR?WGWDG?CARDREAD
  +--> ?PR?WDT_CLEAR?WDT
  +--> ?PR?RELAYTASK?DRIVER
  +--> ?PR?SHOWTALKTIME?SYSSTRING
  +--> ?PR?_SHOWMAIN?SYSSTRING
  +--> ?PR?_NAMEEDITKEY?NAMELIST
  +--> ?PR?KEYSCAN?DRIVER
  +--> ?PR?_SYSKEY?SYSSTATUS
  +--> ?PR?SKEYSCAN?DRIVER
  +--> ?PR?CARDMSTASK?CARDREAD
  +--> ?PR?WG_READ26?CARDREAD
  +--> ?PR?WG_SEND26?CARDREAD
  +--> ?PR?_SYSCARD?SYSSTATUS

?PR?GPIO_CONFIG?DRIVER                     -----    -----      -----    -----      1081H    0002H
  +--> ?PR?_GPIO_INILIZE?GPIO
  +--> ?PR?RELAYCLOASEALL?DRIVER

?PR?TIMER_CONFIG?DRIVER                    -----    -----      -----    -----      1081H    0008H
  +--> ?PR?_TIMER_INILIZE?TIMER

?PR?UART_CONFIG?DRIVER                     -----    -----      -----    -----      1081H    000CH
  +--> ?PR?_UART_CONFIGURATION?UART
  +--> ?CO?DRIVER
  +--> ?PR?PRINTF?PRINTF
  +--> ?PR?_TX3_WRITE2BUFF?UART

?PR?_UART_CONFIGURATION?UART               -----    -----      -----    -----      108DH    000AH

?PR?PRINTF?PRINTF                          0020H.1  0001H.1    0008H    0005H      1106H    0028H
  +--> ?PR?_PUTCHAR?DRIVER

?PR?_PUTCHAR?DRIVER                        -----    -----      -----    -----      112EH    0001H
BL51 BANKED LINKER/LOCATER V6.22.2.0                                                  08/04/2022  16:08:17  PAGE 8


  +--> ?PR?_TX1_WRITE2BUFF?UART

?PR?EXTI_CONFIG?DRIVER                     -----    -----      -----    -----      1081H    0003H
  +--> ?PR?_EXT_INILIZE?EXTI

?PR?SPI_CONFIG?AUDIO                       -----    -----      -----    -----      1081H    0009H
  +--> ?PR?_SPI_INIT?SPI

?PR?INIT_12864?LCD12864                    -----    -----      -----    -----      -----    -----
  +--> ?PR?_LCD_WCMD?LCD12864

?PR?_LCD_WCMD?LCD12864                     -----    -----      -----    -----      110EH    0001H
  +--> ?PR?LCD_BUSY?LCD12864
  +--> ?PR?_BEEP_STARTPLAY?AUDIO

?PR?LCD_BUSY?LCD12864                      0020H.2  0000H.1    -----    -----      -----    -----

?PR?_BEEP_STARTPLAY?AUDIO                  -----    -----      -----    -----      -----    -----
  +--> ?PR?KEYBEEPTASK?AUDIO

?PR?KEYBEEPTASK?AUDIO                      -----    -----      -----    -----      -----    -----
  +--> ?CO?AUDIO

?PR?INITSYSPARA?SYSSTATUS                  0020H.0  0000H.1    -----    -----      -----    -----
  +--> ?PR?_READBUF_AT24C02?EEPROM
  +--> ?PR?_WRITEBUF_AT24C02?EEPROM
  +--> ?CO?SYSSTATUS
  +--> ?PR?PRINTF?PRINTF

?PR?_READBUF_AT24C02?EEPROM                -----    -----      -----    -----      10E6H    0008H
  +--> ?PR?IIC_ACK?EEPROM
  +--> ?PR?_IIC_SEND_BYTE?EEPROM
  +--> ?PR?IIC_START?EEPROM
  +--> ?PR?IIC_READ_BYTE?EEPROM
  +--> ?PR?IIC_AACK?EEPROM
  +--> ?PR?IIC_NACK?EEPROM
  +--> ?PR?IIC_STOP?EEPROM

?PR?IIC_ACK?EEPROM                         -----    -----      -----    -----      -----    -----
  +--> ?PR?IIC_START?EEPROM
  +--> ?PR?_IIC_SEND_BYTE?EEPROM

?PR?_WRITEBUF_AT24C02?EEPROM               -----    -----      -----    -----      10E6H    0007H
  +--> ?PR?_IIC_SEND_BYTE?EEPROM
  +--> ?PR?IIC_ACK?EEPROM
  +--> ?PR?IIC_STOP?EEPROM
  +--> ?PR?_IIC_DELAYMS?EEPROM

?PR?INITUSERPARA?SYSSTATUS                 -----    -----      -----    -----      -----    -----
  +--> ?PR?_READBUF_AT24C02?EEPROM
  +--> ?PR?_WRITEBUF_AT24C02?EEPROM
  +--> ?PR?INITNAMELIST?NAMELIST
  +--> ?PR?INITPSW?UNLOCKPASSWORD
  +--> ?PR?INITCARD?CARD

?PR?INITNAMELIST?NAMELIST                  -----    -----      -----    -----      -----    -----
  +--> ?PR?CLEARNAMELIST?NAMELIST
BL51 BANKED LINKER/LOCATER V6.22.2.0                                                  08/04/2022  16:08:17  PAGE 9



?PR?CLEARNAMELIST?NAMELIST                 -----    -----      -----    -----      -----    -----
  +--> ?PR?SAVENAMECOUNT?NAMELIST

?PR?SAVENAMECOUNT?NAMELIST                 -----    -----      -----    -----      -----    -----
  +--> ?PR?_WRITEBUF_AT24C02?EEPROM

?PR?INITPSW?UNLOCKPASSWORD                 -----    -----      -----    -----      -----    -----
  +--> ?PR?CLEARPSW?UNLOCKPASSWORD

?PR?CLEARPSW?UNLOCKPASSWORD                -----    -----      -----    -----      -----    -----
  +--> ?PR?SAVEPSWCOUNT?UNLOCKPASSWORD

?PR?SAVEPSWCOUNT?UNLOCKPASSWORD            -----    -----      -----    -----      -----    -----
  +--> ?PR?_WRITEBUF_AT24C02?EEPROM

?PR?INITCARD?CARD                          -----    -----      -----    -----      -----    -----
  +--> ?PR?CLEARCARD?CARD

?PR?CLEARCARD?CARD                         -----    -----      -----    -----      -----    -----
  +--> ?PR?SAVECARDCOUNT?CARD

?PR?SAVECARDCOUNT?CARD                     -----    -----      -----    -----      -----    -----
  +--> ?PR?_WRITEBUF_AT24C02?EEPROM

?PR?WDT_CONFIG?DRIVER                      -----    -----      -----    -----      1081H    0003H
  +--> ?PR?_WDT_INILIZE?WDT

?PR?SYSIDLECON?SYSSTATUS                   -----    -----      -----    -----      -----    -----
  +--> ?PR?_SHOWMAIN?SYSSTRING

?PR?_SHOWMAIN?SYSSTRING                    -----    -----      -----    -----      1083H    0001H
  +--> ?PR?LCDCLEAR?LCD12864
  +--> ?PR?SHOWGSMCSQ?SYSSTRING
  +--> ?CO?SYSSTRING
  +--> ?PR?_DISPLAYSTRING?LCD12864
  +--> ?PR?_DISPLAYICO?LCD12864

?PR?LCDCLEAR?LCD12864                      -----    -----      -----    -----      -----    -----
  +--> ?PR?_LCD_WCMD?LCD12864
  +--> ?PR?_CLEARBUF?DRIVER
  +--> ?PR?_SETFLASH?LCD12864

?PR?_CLEARBUF?DRIVER                       -----    -----      -----    -----      1106H    0003H

?PR?_DISPLAYSTRING?LCD12864                -----    -----      -----    -----      -----    -----
  +--> ?PR?_WRITELCD?LCD12864
  +--> ?PR?_BITBLT?LCD12864

?PR?_WRITELCD?LCD12864                     -----    -----      -----    -----      1106H    0008H
  +--> ?PR?_CHECKUNICODE?LCD12864
  +--> ?PR?LCDADDROW?LCD12864
  +--> ?CO?LCD12864

?PR?_BITBLT?LCD12864                       -----    -----      -----    -----      1106H    0008H
  +--> ?PR?_LCD_WCMD?LCD12864
  +--> ?PR?_LCD_WDAT?LCD12864
BL51 BANKED LINKER/LOCATER V6.22.2.0                                                  08/04/2022  16:08:17  PAGE 10


  +--> ?PR?WAVREADTASK?AUDIO

?PR?_LCD_WDAT?LCD12864                     -----    -----      -----    -----      110EH    0001H
  +--> ?PR?LCD_BUSY?LCD12864
  +--> ?PR?_BEEP_STARTPLAY?AUDIO

?PR?WAVREADTASK?AUDIO                      -----    -----      -----    -----      110EH    0001H
  +--> ?PR?WDT_CLEAR?WDT
  +--> ?PR?MP3_STOP?AUDIO
  +--> ?PR?_SPI_FLASH_READ?SPI

?PR?_SPI_FLASH_READ?SPI                    -----    -----      -----    -----      110FH    000DH
  +--> ?PR?_DELAY?DRIVER
  +--> ?PR?_SPI_READWRITEBYTE?SPI

?PR?_DISPLAYICO?LCD12864                   -----    -----      -----    -----      -----    -----
  +--> ?PR?_WRITELCDICO?LCD12864
  +--> ?PR?_BITBLT?LCD12864

?PR?_WRITELCDICO?LCD12864                  -----    -----      -----    -----      1084H    0007H
  +--> ?CO?LCD12864

?PR?_MP3_STARTPLAY?AUDIO                   -----    -----      -----    -----      10B3H    0001H
  +--> ?PR?WDT_CLEAR?WDT
  +--> ?PR?_DELAY?DRIVER
  +--> ?PR?WAVREADTASK?AUDIO

?PR?_REVNAMELIST?NAMELIST                  -----    -----      -----    -----      1081H    0037H
  +--> ?CO?NAMELIST
  +--> ?PR?PRINTF?PRINTF
  +--> ?PR?_LOOKFORSTR?DRIVER
  +--> ?PR?SCANF?SCANF
  +--> ?PR?_CLEARBUF?DRIVER
  +--> ?PR?_ADDNAMEITEM?NAMELIST

?PR?_LOOKFORSTR?DRIVER                     -----    -----      -----    -----      10B8H    000AH

?PR?SCANF?SCANF                            0020H.0  0000H.6    0008H    0005H      10B8H    002EH
  +--> ?PR?GETCHAR?UNGETCHAR
  +--> ?PR?_ISSPACE?ISSPACE
  +--> ?PR?GETCHAR?GETCHAR

?PR?GETCHAR?GETCHAR                        -----    -----      -----    -----      -----    -----
  +--> ?PR?_GETKEY?_GETKEY
  +--> ?PR?_PUTCHAR?DRIVER

?PR?_ADDNAMEITEM?NAMELIST                  -----    -----      -----    -----      10B8H    0005H
  +--> ?PR?_GETIDXBYROOM?SYSSTATUS
  +--> ?PR?_WRITENAMEITEMBYIDX?NAMELIST
  +--> ?PR?SAVENAMECOUNT?NAMELIST

?PR?_GETIDXBYROOM?SYSSTATUS                -----    -----      -----    -----      10BDH    0007H
  +--> ?PR?_READROOMBYIDX?SYSSTATUS

?PR?_READROOMBYIDX?SYSSTATUS               -----    -----      -----    -----      10C4H    0002H
  +--> ?PR?_READBUF_AT24C02?EEPROM

BL51 BANKED LINKER/LOCATER V6.22.2.0                                                  08/04/2022  16:08:17  PAGE 11


?PR?_WRITENAMEITEMBYIDX?NAMELIST           -----    -----      -----    -----      10E3H    0003H
  +--> ?PR?_WRITEBUF_AT24C02?EEPROM

?PR?UART1CLEAR?UART                        -----    -----      -----    -----      -----    -----
  +--> ?PR?_CLEARBUF?DRIVER

?PR?UART3CLEAR?UART                        -----    -----      -----    -----      -----    -----
  +--> ?PR?_CLEARBUF?DRIVER

?PR?UARTTASK?UART                          -----    -----      -----    -----      -----    -----
  +--> ?PR?UART1CLEAR?UART
  +--> ?PR?UART3CLEAR?UART

?PR?FLASHTASK?LCD12864                     -----    -----      -----    -----      -----    -----
  +--> ?PR?_DISPLAYFL?LCD12864

?PR?_DISPLAYFL?LCD12864                    0020H.0  0000H.1    -----    -----      1081H    0002H
  +--> ?PR?_LCD_WCMD?LCD12864
  +--> ?PR?_LCD_WDAT?LCD12864

?PR?WGWDG?CARDREAD                         -----    -----      -----    -----      -----    -----
  +--> ?PR?WGRESET?CARDREAD

?PR?RELAYTASK?DRIVER                       -----    -----      -----    -----      -----    -----
  +--> ?PR?RELAYCLOASEALL?DRIVER

?PR?SHOWTALKTIME?SYSSTRING                 -----    -----      -----    -----      -----    -----
  +--> ?PR?LCDCLEAR?LCD12864
  +--> ?CO?SYSSTRING
  +--> ?PR?PRINTF?PRINTF
  +--> ?PR?_DISPLAYSTRING?LCD12864

?PR?_NAMEEDITKEY?NAMELIST                  -----    -----      -----    -----      1082H    0001H
  +--> ?PR?_CLEARBUF?DRIVER
  +--> ?PR?_ADDNAMEITEM?NAMELIST
  +--> ?PR?SHOWSAVEOK?SYSSTRING
  +--> ?PR?SHOWERR?SYSSTRING
  +--> ?PR?NAMEEDITCHAGETYPE?NAMELIST
  +--> ?PR?NAMESETCON?NAMELIST
  +--> ?CO?SYSSTRING
  +--> ?PR?_SHOWNAME?NAMELIST

?PR?SHOWSAVEOK?SYSSTRING                   -----    -----      -----    -----      -----    -----
  +--> ?PR?LCDCLEAR?LCD12864
  +--> ?CO?SYSSTRING
  +--> ?PR?_DISPLAYSTRING?LCD12864
  +--> ?PR?_MP3_STARTPLAY?AUDIO

?PR?SHOWERR?SYSSTRING                      -----    -----      -----    -----      -----    -----
  +--> ?PR?LCDCLEAR?LCD12864
  +--> ?CO?SYSSTRING
  +--> ?PR?_DISPLAYSTRING?LCD12864
  +--> ?PR?_MP3_STARTPLAY?AUDIO

?PR?NAMEEDITCHAGETYPE?NAMELIST             -----    -----      -----    -----      1083H    0030H
  +--> ?PR?_GETNAMEITEMBYROOM?NAMELIST
  +--> ?PR?_HS_MEMCPY?DRIVER
BL51 BANKED LINKER/LOCATER V6.22.2.0                                                  08/04/2022  16:08:17  PAGE 12


  +--> ?PR?_STRLEN?DRIVER
  +--> ?PR?SHOWCONFIRMSAVE?SYSSTRING

?PR?_GETNAMEITEMBYROOM?NAMELIST            -----    -----      -----    -----      10B3H    0005H
  +--> ?PR?_GETIDXBYROOM?SYSSTATUS
  +--> ?PR?_READNAMEITEMBYIDX?NAMELIST

?PR?_READNAMEITEMBYIDX?NAMELIST            -----    -----      -----    -----      10E3H    0003H
  +--> ?PR?_READBUF_AT24C02?EEPROM

?PR?_HS_MEMCPY?DRIVER                      -----    -----      -----    -----      10B3H    0008H

?PR?_STRLEN?DRIVER                         -----    -----      -----    -----      1106H    0003H

?PR?SHOWCONFIRMSAVE?SYSSTRING              -----    -----      -----    -----      -----    -----
  +--> ?PR?LCDCLEAR?LCD12864
  +--> ?CO?SYSSTRING
  +--> ?PR?_DISPLAYSTRING?LCD12864

?PR?NAMESETCON?NAMELIST                    -----    -----      -----    -----      10B3H    000AH
  +--> ?PR?LCDCLEAR?LCD12864
  +--> ?CO?SYSSTRING
  +--> ?PR?_DISPLAYSTRING?LCD12864
  +--> ?CO?NAMELIST
  +--> ?PR?PRINTF?PRINTF

?PR?_SHOWNAME?NAMELIST                     0020H.0  0000H.1    -----    -----      10B3H    0053H
  +--> ?PR?LCDCLEAR?LCD12864
  +--> ?CO?SYSSTRING
  +--> ?PR?_DISPLAYSTRING?LCD12864
  +--> ?CO?NAMELIST
  +--> ?PR?PRINTF?PRINTF
  +--> ?PR?_STRLEN?DRIVER
  +--> ?PR?_SETFLASH?LCD12864

?PR?KEYSCAN?DRIVER                         -----    -----      -----    -----      1081H    0001H

?PR?_SYSKEY?SYSSTATUS                      -----    -----      -----    -----      1081H    0001H
  +--> ?PR?_SYSIDLEKEY?SYSSTATUS
  +--> ?PR?_SYSSETTINGKEY?SYSSTATUS
  +--> ?PR?_NAMESETKEY?NAMELIST
  +--> ?PR?_NAMEEDITKEY?NAMELIST
  +--> ?PR?_NAMEDELETEKEY?NAMELIST
  +--> ?PR?_NAMEDELALLKEY?NAMELIST
  +--> ?PR?_PSWSETKEY?UNLOCKPASSWORD
  +--> ?PR?_PSWEDITKEY?UNLOCKPASSWORD
  +--> ?PR?_PSWDELETEKEY?UNLOCKPASSWORD
  +--> ?PR?_PSWDELALLKEY?UNLOCKPASSWORD
  +--> ?PR?_PSWINPUTKEY?UNLOCKPASSWORD
  +--> ?PR?_SYSINPUTROOM?SYSSTATUS
  +--> ?PR?_INPUTSYSPSW?SYSSTATUS
  +--> ?PR?_SYSPSWEDITKEY?UNLOCKPASSWORD
  +--> ?PR?_SYSTALKKEY?SYSSTATUS
  +--> ?PR?_SYSSUBSETKEY?SYSSTATUS
  +--> ?PR?_CARDSETKEY?CARD
  +--> ?PR?_CARDEDITKEY?CARD
  +--> ?PR?_CARDDELETEKEY?CARD
BL51 BANKED LINKER/LOCATER V6.22.2.0                                                  08/04/2022  16:08:17  PAGE 13


  +--> ?PR?_CARDDELALLKEY?CARD

?PR?_SYSIDLEKEY?SYSSTATUS                  -----    -----      -----    -----      1082H    0001H
  +--> ?PR?SYSIDLECON?SYSSTATUS
  +--> ?PR?INPUTPSWCON?UNLOCKPASSWORD
  +--> ?PR?INPUTSYSPSWCON?SYSSTATUS
  +--> ?PR?_SHOWNAMEBYIDX?NAMELIST
  +--> ?PR?_READNAMEITEMBYIDX?NAMELIST
  +--> ?PR?_CALLBYNAMEITEM?NAMELIST
  +--> ?PR?_MP3_STARTPLAY?AUDIO
  +--> ?PR?SHOWERR?SYSSTRING
  +--> ?PR?_INPUTROOMCON?SYSSTATUS

?PR?INPUTPSWCON?UNLOCKPASSWORD             -----    -----      -----    -----      -----    -----
  +--> ?PR?_CLEARBUF?DRIVER
  +--> ?PR?_SHOWPSW?UNLOCKPASSWORD
  +--> ?PR?_MP3_STARTPLAY?AUDIO

?PR?_SHOWPSW?UNLOCKPASSWORD                0020H.0  0000H.1    -----    -----      1089H    001CH
  +--> ?PR?LCDCLEAR?LCD12864
  +--> ?CO?SYSSTRING
  +--> ?PR?_DISPLAYSTRING?LCD12864
  +--> ?CO?UNLOCKPASSWORD
  +--> ?PR?PRINTF?PRINTF
  +--> ?PR?_STRLEN?DRIVER
  +--> ?PR?_SETFLASH?LCD12864

?PR?INPUTSYSPSWCON?SYSSTATUS               -----    -----      -----    -----      -----    -----
  +--> ?PR?SHOWINPUTPSW?SYSSTATUS
  +--> ?PR?_MP3_STARTPLAY?AUDIO

?PR?SHOWINPUTPSW?SYSSTATUS                 -----    -----      -----    -----      1083H    001FH
  +--> ?PR?LCDCLEAR?LCD12864
  +--> ?CO?SYSSTRING
  +--> ?PR?_DISPLAYSTRING?LCD12864
  +--> ?CO?SYSSTATUS
  +--> ?PR?PRINTF?PRINTF
  +--> ?PR?_STRLEN?DRIVER
  +--> ?PR?_SETFLASH?LCD12864

?PR?_SHOWNAMEBYIDX?NAMELIST                -----    -----      -----    -----      1083H    002EH
  +--> ?PR?_READNAMEITEMBYIDX?NAMELIST
  +--> ?PR?_SHOWNAME?NAMELIST

?PR?_CALLBYNAMEITEM?NAMELIST               -----    -----      -----    -----      1083H    0017H
  +--> ?PR?LCDCLEAR?LCD12864
  +--> ?PR?_RELAYOPEN?DRIVER
  +--> ?PR?_STARTRING?AUDIO
  +--> ?PR?_STRLEN?DRIVER
  +--> ?CO?SYSSTRING
  +--> ?PR?_DISPLAYSTRING?LCD12864
  +--> ?CO?NAMELIST
  +--> ?PR?PRINTF?PRINTF

?PR?_RELAYOPEN?DRIVER                      -----    -----      -----    -----      109AH    0003H
  +--> ?PR?_SENDRELAY?DRIVER

BL51 BANKED LINKER/LOCATER V6.22.2.0                                                  08/04/2022  16:08:17  PAGE 14


?PR?_SENDRELAY?DRIVER                      -----    -----      -----    -----      109DH    000CH
  +--> ?PR?_UART3SENDBUF?UART

?PR?_UART3SENDBUF?UART                     -----    -----      -----    -----      10A9H    0003H
  +--> ?PR?_TX3_WRITE2BUFF?UART

?PR?_INPUTROOMCON?SYSSTATUS                -----    -----      -----    -----      -----    -----
  +--> ?PR?SHOWINPUTROOM?SYSSTATUS
  +--> ?PR?_CLEARBUF?DRIVER
  +--> ?PR?_MP3_STARTPLAY?AUDIO

?PR?SHOWINPUTROOM?SYSSTATUS                -----    -----      -----    -----      1083H    0018H
  +--> ?PR?LCDCLEAR?LCD12864
  +--> ?CO?SYSSTRING
  +--> ?PR?_DISPLAYSTRING?LCD12864
  +--> ?CO?SYSSTATUS
  +--> ?PR?PRINTF?PRINTF

?PR?_SYSSETTINGKEY?SYSSTATUS               -----    -----      -----    -----      1082H    0001H
  +--> ?PR?SYSIDLECON?SYSSTATUS
  +--> ?PR?EDITSYSPSWCON?UNLOCKPASSWORD
  +--> ?PR?NAMESETCON?NAMELIST
  +--> ?PR?PSWSETCON?UNLOCKPASSWORD
  +--> ?PR?CARDSETCON?CARD
  +--> ?PR?_SUBSETCON?SYSSTATUS

?PR?EDITSYSPSWCON?UNLOCKPASSWORD           -----    -----      -----    -----      -----    -----
  +--> ?PR?_CLEARBUF?DRIVER
  +--> ?PR?_SHOWPSW?UNLOCKPASSWORD

?PR?PSWSETCON?UNLOCKPASSWORD               -----    -----      -----    -----      1089H    000AH
  +--> ?PR?LCDCLEAR?LCD12864
  +--> ?CO?SYSSTRING
  +--> ?PR?_DISPLAYSTRING?LCD12864
  +--> ?CO?UNLOCKPASSWORD
  +--> ?PR?PRINTF?PRINTF

?PR?CARDSETCON?CARD                        -----    -----      -----    -----      1085H    000AH
  +--> ?PR?LCDCLEAR?LCD12864
  +--> ?CO?SYSSTRING
  +--> ?PR?_DISPLAYSTRING?LCD12864
  +--> ?CO?CARD
  +--> ?PR?PRINTF?PRINTF

?PR?_SUBSETCON?SYSSTATUS                   -----    -----      -----    -----      -----    -----
  +--> ?PR?SHOWSUBPARA?SYSSTATUS

?PR?SHOWSUBPARA?SYSSTATUS                  -----    -----      -----    -----      1083H    0018H
  +--> ?PR?LCDCLEAR?LCD12864
  +--> ?CO?SYSSTATUS
  +--> ?CO?SYSSTRING
  +--> ?PR?PRINTF?PRINTF
  +--> ?PR?_DISPLAYSTRING?LCD12864

?PR?_NAMESETKEY?NAMELIST                   -----    -----      -----    -----      -----    -----
  +--> ?PR?EDITNAMEITEMCON?NAMELIST
  +--> ?PR?DELETENAMECON?NAMELIST
BL51 BANKED LINKER/LOCATER V6.22.2.0                                                  08/04/2022  16:08:17  PAGE 15


  +--> ?PR?DELETEALLNAMECON?NAMELIST
  +--> ?PR?SYSSETTINGCON?SYSSTATUS

?PR?EDITNAMEITEMCON?NAMELIST               -----    -----      -----    -----      -----    -----
  +--> ?PR?_CLEARBUF?DRIVER
  +--> ?PR?_SHOWNAME?NAMELIST

?PR?DELETENAMECON?NAMELIST                 -----    -----      -----    -----      -----    -----
  +--> ?PR?_CLEARBUF?DRIVER
  +--> ?PR?_SHOWNAME?NAMELIST

?PR?DELETEALLNAMECON?NAMELIST              -----    -----      -----    -----      -----    -----
  +--> ?PR?LCDCLEAR?LCD12864
  +--> ?CO?SYSSTRING
  +--> ?PR?_DISPLAYSTRING?LCD12864

?PR?SYSSETTINGCON?SYSSTATUS                -----    -----      -----    -----      -----    -----
  +--> ?PR?LCDCLEAR?LCD12864
  +--> ?CO?SYSSTRING
  +--> ?PR?_DISPLAYSTRING?LCD12864
  +--> ?PR?_DISPLAYICO?LCD12864

?PR?_NAMEDELETEKEY?NAMELIST                -----    -----      -----    -----      1082H    0031H
  +--> ?PR?_CLEARBUF?DRIVER
  +--> ?PR?_DELNAMEITEMBYROOM?NAMELIST
  +--> ?PR?SHOWDELETEOK?SYSSTRING
  +--> ?PR?_GETNAMEITEMBYROOM?NAMELIST
  +--> ?PR?_HS_MEMCPY?DRIVER
  +--> ?PR?_STRLEN?DRIVER
  +--> ?PR?SHOWCONFIRMDEL?SYSSTRING
  +--> ?PR?NAMESETCON?NAMELIST
  +--> ?PR?_SHOWNAME?NAMELIST

?PR?_DELNAMEITEMBYROOM?NAMELIST            -----    -----      -----    -----      -----    -----
  +--> ?PR?_GETIDXBYROOM?SYSSTATUS
  +--> ?PR?_DELNAMEITEMBYIDX?NAMELIST

?PR?_DELNAMEITEMBYIDX?NAMELIST             -----    -----      -----    -----      10B3H    0030H
  +--> ?PR?SAVENAMECOUNT?NAMELIST
  +--> ?PR?_READNAMEITEMBYIDX?NAMELIST
  +--> ?PR?_WRITENAMEITEMBYIDX?NAMELIST

?PR?SHOWDELETEOK?SYSSTRING                 -----    -----      -----    -----      -----    -----
  +--> ?PR?LCDCLEAR?LCD12864
  +--> ?CO?SYSSTRING
  +--> ?PR?_DISPLAYSTRING?LCD12864
  +--> ?PR?_MP3_STARTPLAY?AUDIO

?PR?SHOWCONFIRMDEL?SYSSTRING               -----    -----      -----    -----      -----    -----
  +--> ?PR?LCDCLEAR?LCD12864
  +--> ?CO?SYSSTRING
  +--> ?PR?_DISPLAYSTRING?LCD12864

?PR?_NAMEDELALLKEY?NAMELIST                -----    -----      -----    -----      -----    -----
  +--> ?PR?CLEARNAMELIST?NAMELIST
  +--> ?PR?SHOWDELETEOK?SYSSTRING
  +--> ?PR?NAMESETCON?NAMELIST
BL51 BANKED LINKER/LOCATER V6.22.2.0                                                  08/04/2022  16:08:17  PAGE 16



?PR?_PSWSETKEY?UNLOCKPASSWORD              -----    -----      -----    -----      -----    -----
  +--> ?PR?EDITPSWCON?UNLOCKPASSWORD
  +--> ?PR?DELETEPSWCON?UNLOCKPASSWORD
  +--> ?PR?DELETEALLPSWCON?UNLOCKPASSWORD
  +--> ?PR?SYSSETTINGCON?SYSSTATUS

?PR?EDITPSWCON?UNLOCKPASSWORD              -----    -----      -----    -----      -----    -----
  +--> ?PR?_CLEARBUF?DRIVER
  +--> ?PR?_SHOWPSW?UNLOCKPASSWORD

?PR?DELETEPSWCON?UNLOCKPASSWORD            -----    -----      -----    -----      -----    -----
  +--> ?PR?_CLEARBUF?DRIVER
  +--> ?PR?_SHOWPSW?UNLOCKPASSWORD

?PR?DELETEALLPSWCON?UNLOCKPASSWORD         -----    -----      -----    -----      -----    -----
  +--> ?PR?LCDCLEAR?LCD12864
  +--> ?CO?SYSSTRING
  +--> ?PR?_DISPLAYSTRING?LCD12864

?PR?_PSWEDITKEY?UNLOCKPASSWORD             -----    -----      -----    -----      1082H    0007H
  +--> ?PR?_CLEARBUF?DRIVER
  +--> ?PR?_ADDPSWITEM?UNLOCKPASSWORD
  +--> ?PR?SHOWSAVEOK?SYSSTRING
  +--> ?PR?SHOWERR?SYSSTRING
  +--> ?PR?SHOWCONFIRMSAVE?SYSSTRING
  +--> ?PR?PSWSETCON?UNLOCKPASSWORD
  +--> ?PR?_SHOWPSW?UNLOCKPASSWORD

?PR?_ADDPSWITEM?UNLOCKPASSWORD             -----    -----      -----    -----      1089H    0005H
  +--> ?PR?_GETIDXBYROOM?SYSSTATUS
  +--> ?PR?_WRITEPSWBYIDX?UNLOCKPASSWORD
  +--> ?PR?SAVEPSWCOUNT?UNLOCKPASSWORD

?PR?_WRITEPSWBYIDX?UNLOCKPASSWORD          -----    -----      -----    -----      -----    -----
  +--> ?PR?_WRITEBUF_AT24C02?EEPROM

?PR?_PSWDELETEKEY?UNLOCKPASSWORD           -----    -----      -----    -----      1082H    0003H
  +--> ?PR?_CLEARBUF?DRIVER
  +--> ?PR?_DELPSWBYROOM?UNLOCKPASSWORD
  +--> ?PR?SHOWDELETEOK?SYSSTRING
  +--> ?PR?SHOWCONFIRMDEL?SYSSTRING
  +--> ?PR?PSWSETCON?UNLOCKPASSWORD
  +--> ?PR?_SHOWPSW?UNLOCKPASSWORD

?PR?_DELPSWBYROOM?UNLOCKPASSWORD           -----    -----      -----    -----      1085H    0002H
  +--> ?PR?_DELPSWBYIDX?UNLOCKPASSWORD
  +--> ?PR?_GETIDXBYROOM?SYSSTATUS

?PR?_DELPSWBYIDX?UNLOCKPASSWORD            -----    -----      -----    -----      1087H    0006H
  +--> ?PR?SAVEPSWCOUNT?UNLOCKPASSWORD
  +--> ?PR?_READPSWBYIDX?UNLOCKPASSWORD
  +--> ?PR?_WRITEPSWBYIDX?UNLOCKPASSWORD

?PR?_READPSWBYIDX?UNLOCKPASSWORD           -----    -----      -----    -----      -----    -----
  +--> ?PR?_READBUF_AT24C02?EEPROM

BL51 BANKED LINKER/LOCATER V6.22.2.0                                                  08/04/2022  16:08:17  PAGE 17


?PR?_PSWDELALLKEY?UNLOCKPASSWORD           -----    -----      -----    -----      -----    -----
  +--> ?PR?CLEARPSW?UNLOCKPASSWORD
  +--> ?PR?SHOWDELETEOK?SYSSTRING
  +--> ?PR?PSWSETCON?UNLOCKPASSWORD

?PR?_PSWINPUTKEY?UNLOCKPASSWORD            -----    -----      -----    -----      1082H    0001H
  +--> ?PR?SYSIDLECON?SYSSTATUS
  +--> ?PR?MP3_STOP?AUDIO
  +--> ?PR?_CHECKPSW?UNLOCKPASSWORD
  +--> ?PR?UNLOCK?DRIVER
  +--> ?PR?SHOWERR?SYSSTRING
  +--> ?PR?_MP3_STARTPLAY?AUDIO
  +--> ?PR?_SHOWPSW?UNLOCKPASSWORD

?PR?_CHECKPSW?UNLOCKPASSWORD               -----    -----      -----    -----      1083H    0008H
  +--> ?CO?UNLOCKPASSWORD
  +--> ?PR?PRINTF?PRINTF
  +--> ?PR?_READPSWBYIDX?UNLOCKPASSWORD

?PR?UNLOCK?DRIVER                          0020H.0  0000H.1    -----    -----      -----    -----
  +--> ?PR?SHOWUNLOCK?SYSSTRING

?PR?SHOWUNLOCK?SYSSTRING                   0020H.1  0000H.1    -----    -----      -----    -----
  +--> ?PR?LCDCLEAR?LCD12864
  +--> ?CO?SYSSTRING
  +--> ?PR?_DISPLAYSTRING?LCD12864
  +--> ?PR?_MP3_STARTPLAY?AUDIO

?PR?_SYSINPUTROOM?SYSSTATUS                -----    -----      -----    -----      1082H    0001H
  +--> ?PR?_GETNAMEITEMBYROOM?NAMELIST
  +--> ?PR?_CALLBYNAMEITEM?NAMELIST
  +--> ?PR?_MP3_STARTPLAY?AUDIO
  +--> ?PR?SHOWERR?SYSSTRING
  +--> ?PR?SHOWROOMERR?SYSSTRING
  +--> ?PR?SHOWINPUTROOM?SYSSTATUS
  +--> ?PR?MP3_STOP?AUDIO
  +--> ?PR?SYSIDLECON?SYSSTATUS

?PR?SHOWROOMERR?SYSSTRING                  -----    -----      -----    -----      -----    -----
  +--> ?PR?LCDCLEAR?LCD12864
  +--> ?CO?SYSSTRING
  +--> ?PR?_DISPLAYSTRING?LCD12864

?PR?_INPUTSYSPSW?SYSSTATUS                 -----    -----      -----    -----      1082H    0001H
  +--> ?PR?SYSSETTINGCON?SYSSTATUS
  +--> ?PR?SHOWERR?SYSSTRING
  +--> ?PR?_MP3_STARTPLAY?AUDIO
  +--> ?PR?SHOWINPUTPSW?SYSSTATUS
  +--> ?PR?MP3_STOP?AUDIO
  +--> ?PR?SYSIDLECON?SYSSTATUS

?PR?_SYSPSWEDITKEY?UNLOCKPASSWORD          -----    -----      -----    -----      1082H    0001H
  +--> ?PR?_CLEARBUF?DRIVER
  +--> ?PR?SAVESYSPSW?UNLOCKPASSWORD
  +--> ?PR?SHOWSAVEOK?SYSSTRING
  +--> ?PR?SHOWERR?SYSSTRING
  +--> ?PR?SHOWCONFIRMSAVE?SYSSTRING
BL51 BANKED LINKER/LOCATER V6.22.2.0                                                  08/04/2022  16:08:17  PAGE 18


  +--> ?PR?SYSSETTINGCON?SYSSTATUS
  +--> ?PR?_SHOWPSW?UNLOCKPASSWORD

?PR?SAVESYSPSW?UNLOCKPASSWORD              -----    -----      -----    -----      -----    -----
  +--> ?PR?_WRITEBUF_AT24C02?EEPROM

?PR?_SYSTALKKEY?SYSSTATUS                  -----    -----      -----    -----      -----    -----
  +--> ?PR?RELAYCLOASEALL?DRIVER
  +--> ?PR?SYSIDLECON?SYSSTATUS

?PR?_SYSSUBSETKEY?SYSSTATUS                -----    -----      -----    -----      1082H    0001H
  +--> ?PR?SHOWSUBPARA?SYSSTATUS
  +--> ?PR?_SAVESUBPARA?SYSSTATUS
  +--> ?PR?SYSSETTINGCON?SYSSTATUS

?PR?_SAVESUBPARA?SYSSTATUS                 -----    -----      -----    -----      1083H    0002H
  +--> ?PR?_WRITEBUF_AT24C02?EEPROM
  +--> ?PR?SHOWSAVEOK?SYSSTRING

?PR?_CARDSETKEY?CARD                       -----    -----      -----    -----      -----    -----
  +--> ?PR?EDITCARDCON?CARD
  +--> ?PR?DELETECARDCON?CARD
  +--> ?PR?DELETEALLCARDCON?CARD
  +--> ?PR?SYSSETTINGCON?SYSSTATUS

?PR?EDITCARDCON?CARD                       -----    -----      -----    -----      -----    -----
  +--> ?PR?_CLEARBUF?DRIVER
  +--> ?PR?_SHOWCARD?CARD

?PR?_SHOWCARD?CARD                         0020H.0  0000H.1    -----    -----      1087H    0043H
  +--> ?PR?LCDCLEAR?LCD12864
  +--> ?CO?CARD
  +--> ?CO?SYSSTRING
  +--> ?PR?PRINTF?PRINTF
  +--> ?PR?_DISPLAYSTRING?LCD12864
  +--> ?PR?_STRLEN?DRIVER
  +--> ?PR?_SETFLASH?LCD12864
  +--> ?PR?_MEMISEMPTY?DRIVER

?PR?_MEMISEMPTY?DRIVER                     -----    -----      -----    -----      10CAH    0003H

?PR?DELETECARDCON?CARD                     -----    -----      -----    -----      -----    -----
  +--> ?PR?_CLEARBUF?DRIVER
  +--> ?PR?_MEMISEMPTY?DRIVER
  +--> ?PR?_SHOWCARD?CARD

?PR?DELETEALLCARDCON?CARD                  -----    -----      -----    -----      -----    -----
  +--> ?PR?LCDCLEAR?LCD12864
  +--> ?CO?SYSSTRING
  +--> ?PR?_DISPLAYSTRING?LCD12864

?PR?_CARDEDITKEY?CARD                      -----    -----      -----    -----      1082H    0003H
  +--> ?PR?_CLEARBUF?DRIVER
  +--> ?PR?_MEMISEMPTY?DRIVER
  +--> ?PR?_ADDCARDITEM?CARD
  +--> ?PR?SHOWSAVEOK?SYSSTRING
  +--> ?PR?SHOWERR?SYSSTRING
BL51 BANKED LINKER/LOCATER V6.22.2.0                                                  08/04/2022  16:08:17  PAGE 19


  +--> ?PR?SHOWCONFIRMSAVE?SYSSTRING
  +--> ?PR?CARDSETCON?CARD
  +--> ?PR?_SHOWCARD?CARD

?PR?_ADDCARDITEM?CARD                      -----    -----      -----    -----      1085H    000BH
  +--> ?PR?_READCARDBYIDX?CARD
  +--> ?PR?_WRITECARDBYIDX?CARD
  +--> ?PR?SAVECARDCOUNT?CARD

?PR?_READCARDBYIDX?CARD                    -----    -----      -----    -----      1093H    0003H
  +--> ?PR?_READBUF_AT24C02?EEPROM

?PR?_WRITECARDBYIDX?CARD                   -----    -----      -----    -----      1090H    0003H
  +--> ?PR?_WRITEBUF_AT24C02?EEPROM

?PR?_CARDDELETEKEY?CARD                    -----    -----      -----    -----      1082H    0003H
  +--> ?PR?_CLEARBUF?DRIVER
  +--> ?PR?_MEMISEMPTY?DRIVER
  +--> ?PR?_DELCARDBYCARD?CARD
  +--> ?PR?_DELCARDBYROOM?CARD
  +--> ?PR?SHOWDELETEOK?SYSSTRING
  +--> ?PR?SHOWCONFIRMDEL?SYSSTRING
  +--> ?PR?CARDSETCON?CARD
  +--> ?PR?_SHOWCARD?CARD

?PR?_DELCARDBYCARD?CARD                    -----    -----      -----    -----      1085H    0003H
  +--> ?PR?_DELCARDBYIDX?CARD
  +--> ?PR?_CHECKCARD?CARD

?PR?_DELCARDBYIDX?CARD                     -----    -----      -----    -----      1088H    0008H
  +--> ?PR?SAVECARDCOUNT?CARD
  +--> ?PR?_READCARDBYIDX?CARD
  +--> ?PR?_WRITECARDBYIDX?CARD

?PR?_CHECKCARD?CARD                        -----    -----      -----    -----      1088H    000BH
  +--> ?PR?_READCARDBYIDX?CARD
  +--> ?CO?CARD
  +--> ?PR?PRINTF?PRINTF

?PR?_DELCARDBYROOM?CARD                    -----    -----      -----    -----      1085H    0002H
  +--> ?PR?_DELCARDBYIDX?CARD
  +--> ?PR?_GETIDXBYROOM?SYSSTATUS

?PR?_CARDDELALLKEY?CARD                    -----    -----      -----    -----      -----    -----
  +--> ?PR?CLEARCARD?CARD
  +--> ?PR?SHOWDELETEOK?SYSSTRING
  +--> ?PR?CARDSETCON?CARD

?PR?SKEYSCAN?DRIVER                        -----    -----      -----    -----      -----    -----
  +--> ?PR?UNLOCK?DRIVER
  +--> ?CO?DRIVER
  +--> ?PR?PRINTF?PRINTF
  +--> ?PR?INITSYSPARA?SYSSTATUS
  +--> ?PR?SHOWRESET?SYSSTRING

?PR?SHOWRESET?SYSSTRING                    -----    -----      -----    -----      -----    -----
  +--> ?PR?LCDCLEAR?LCD12864
BL51 BANKED LINKER/LOCATER V6.22.2.0                                                  08/04/2022  16:08:17  PAGE 20


  +--> ?CO?SYSSTRING
  +--> ?PR?_DISPLAYSTRING?LCD12864

?PR?WG_SEND26?CARDREAD                     -----    -----      -----    -----      1081H    000FH
  +--> ?CO?CARDREAD
  +--> ?PR?PRINTF?PRINTF

?PR?_SYSCARD?SYSSTATUS                     -----    -----      -----    -----      1081H    0003H
  +--> ?PR?_CARDEDITCARDIN?CARD
  +--> ?PR?_CHECKCARD?CARD
  +--> ?PR?UNLOCK?DRIVER
  +--> ?PR?SHOWCARDERR?SYSSTRING

?PR?_CARDEDITCARDIN?CARD                   -----    -----      -----    -----      1084H    0003H
  +--> ?PR?_HS_MEMCPY?DRIVER
  +--> ?PR?_SHOWCARD?CARD

?PR?SHOWCARDERR?SYSSTRING                  -----    -----      -----    -----      -----    -----
  +--> ?PR?LCDCLEAR?LCD12864
  +--> ?CO?SYSSTRING
  +--> ?PR?_DISPLAYSTRING?LCD12864
  +--> ?PR?_MP3_STARTPLAY?AUDIO

*** NEW ROOT ***************************************************

?PR?TIMER0_INT?TIMER                       -----    -----      -----    -----      -----    -----
  +--> ?PR?KEYBEEPTASK?AUDIO
  +--> ?PR?RINGTASK?AUDIO

*** NEW ROOT ***************************************************

?PR?TIMER4_INT?TIMER                       -----    -----      -----    -----      -----    -----
  +--> ?PR?PWMTASK?AUDIO

?PR?PWMTASK?AUDIO                          -----    -----      -----    -----      -----    -----
  +--> ?PR?MP3_STOP?AUDIO



SYMBOL TABLE OF MODULE:  .\Objects\FSK (?C_STARTUP)

  VALUE           TYPE          NAME
  ----------------------------------

  -------         MODULE        ?C_STARTUP
  C:60D5H         SEGMENT       ?C_C51STARTUP
  I:0024H         SEGMENT       ?STACK
  C:0000H         PUBLIC        ?C_STARTUP
  D:00E0H         SYMBOL        ACC
  D:00F0H         SYMBOL        B
  D:0083H         SYMBOL        DPH
  D:0082H         SYMBOL        DPL
  N:0000H         SYMBOL        IBPSTACK
  N:0100H         SYMBOL        IBPSTACKTOP
  N:0080H         SYMBOL        IDATALEN
  C:60D8H         SYMBOL        IDATALOOP
  N:0000H         SYMBOL        PBPSTACK
BL51 BANKED LINKER/LOCATER V6.22.2.0                                                  08/04/2022  16:08:17  PAGE 21


  N:0100H         SYMBOL        PBPSTACKTOP
  N:0000H         SYMBOL        PDATALEN
  N:0000H         SYMBOL        PDATASTART
  N:0000H         SYMBOL        PPAGE
  N:0000H         SYMBOL        PPAGEENABLE
  D:00A0H         SYMBOL        PPAGE_SFR
  D:0081H         SYMBOL        SP
  C:60D5H         SYMBOL        STARTUP1
  N:0000H         SYMBOL        XBPSTACK
  N:0000H         SYMBOL        XBPSTACKTOP
  N:0000H         SYMBOL        XDATALEN
  N:0000H         SYMBOL        XDATASTART
  C:0000H         LINE#         126
  C:60D5H         LINE#         133
  C:60D7H         LINE#         134
  C:60D8H         LINE#         135
  C:60D9H         LINE#         136
  C:60DBH         LINE#         185
  C:60DEH         LINE#         196
  -------         ENDMOD        ?C_STARTUP

  -------         MODULE        MAIN
  C:0000H         SYMBOL        _ICE_DUMMY_
  D:0080H         PUBLIC        P0
  D:0090H         PUBLIC        P1
  D:00A0H         PUBLIC        P2
  D:00B0H         PUBLIC        P3
  D:00C0H         PUBLIC        P4
  D:00C8H         PUBLIC        P5
  B:00A8H.7       PUBLIC        EA
  D:00E8H         PUBLIC        P6
  D:00F8H         PUBLIC        P7
  D:00A8H         PUBLIC        IE
  X:12C7H         PUBLIC        MainTime
  D:00B8H         PUBLIC        IP
  D:00D8H         PUBLIC        CCON
  C:3767H         PUBLIC        main
  X:12C9H         PUBLIC        Key
  X:12CBH         PUBLIC        MainShow
  B:00C0H.0       PUBLIC        P40
  D:0098H         PUBLIC        SCON
  B:00C0H.1       PUBLIC        P41
  D:0088H         PUBLIC        TCON
  D:00F0H         PUBLIC        B
  D:00E0H         PUBLIC        ACC
  D:00D0H         PUBLIC        PSW
  -------         PROC          MAIN
  C:3767H         LINE#         19
  C:3767H         LINE#         20
  C:3767H         LINE#         21
  C:376EH         LINE#         22
  C:3770H         LINE#         23
  C:3773H         LINE#         24
  C:3776H         LINE#         25
  C:3779H         LINE#         26
  C:377CH         LINE#         27
  C:377FH         LINE#         29
BL51 BANKED LINKER/LOCATER V6.22.2.0                                                  08/04/2022  16:08:17  PAGE 22


  C:3782H         LINE#         30
  C:3785H         LINE#         35
  C:378CH         LINE#         36
  C:378FH         LINE#         37
  C:3791H         LINE#         38
  C:3798H         LINE#         39
  C:379DH         LINE#         40
  C:37A0H         LINE#         41
  C:37A7H         LINE#         42
  C:37AAH         LINE#         43
  C:37ADH         LINE#         44
  C:37B0H         LINE#         45
  C:37B5H         LINE#         51
  C:37BAH         LINE#         55
  C:37BAH         LINE#         56
  C:37BAH         LINE#         58
  C:37C0H         LINE#         59
  C:37C0H         LINE#         61
  C:37C9H         LINE#         62
  C:37CCH         LINE#         63
  C:37CCH         LINE#         65
  C:37D2H         LINE#         66
  C:37D2H         LINE#         67
  C:37E9H         LINE#         68
  C:37ECH         LINE#         69
  C:37ECH         LINE#         79
  C:37EFH         LINE#         90
  C:37F5H         LINE#         91
  C:37F5H         LINE#         92
  C:37F7H         LINE#         94
  C:37FAH         LINE#         95
  C:37FDH         LINE#         96
  C:3800H         LINE#         97
  C:381AH         LINE#         98
  C:381AH         LINE#         99
  C:3821H         LINE#         100
  C:3824H         LINE#         101
  C:3826H         LINE#         102
  C:3829H         LINE#         103
  C:3833H         LINE#         104
  C:3833H         LINE#         105
  C:3841H         LINE#         106
  C:3841H         LINE#         107
  C:3844H         LINE#         108
  C:3844H         LINE#         109
  C:3844H         LINE#         110
  C:384BH         LINE#         111
  C:384BH         LINE#         112
  C:3859H         LINE#         113
  C:3859H         LINE#         114
  C:385CH         LINE#         115
  C:385EH         LINE#         116
  C:3864H         LINE#         117
  C:3864H         LINE#         118
  C:3867H         LINE#         119
  C:3867H         LINE#         120
  C:3867H         LINE#         121
BL51 BANKED LINKER/LOCATER V6.22.2.0                                                  08/04/2022  16:08:17  PAGE 23


  C:386EH         LINE#         122
  C:386EH         LINE#         123
  C:387CH         LINE#         124
  C:387CH         LINE#         128
  C:387FH         LINE#         129
  C:387FH         LINE#         130
  C:387FH         LINE#         132
  C:3885H         LINE#         133
  C:388DH         LINE#         134
  C:38BBH         LINE#         135
  C:38BBH         LINE#         136
  C:38D2H         LINE#         137
  C:38D2H         LINE#         139
  C:38D2H         LINE#         141
  C:38E7H         LINE#         142
  C:38E7H         LINE#         143
  C:38F5H         LINE#         144
  C:38FCH         LINE#         145
  C:38FCH         LINE#         146
  C:3901H         LINE#         147
  C:3901H         LINE#         148
  C:3901H         LINE#         149
  C:390CH         LINE#         150
  C:3917H         LINE#         151
  C:3917H         LINE#         154
  C:391CH         LINE#         158
  C:3926H         LINE#         159
  C:3926H         LINE#         160
  C:3929H         LINE#         161
  C:392CH         LINE#         162
  C:392CH         LINE#         181
  C:392FH         LINE#         182
  C:3932H         LINE#         183
  C:3938H         LINE#         184
  C:3938H         LINE#         185
  C:393BH         LINE#         186
  C:393BH         LINE#         188
  C:3940H         LINE#         192
  C:3949H         LINE#         193
  C:3949H         LINE#         194
  C:394CH         LINE#         195
  C:394CH         LINE#         202
  -------         ENDPROC       MAIN
  -------         ENDMOD        MAIN

  -------         MODULE        DRIVER
  C:0000H         SYMBOL        _ICE_DUMMY_
  D:0080H         PUBLIC        P0
  D:0090H         PUBLIC        P1
  X:12ABH         PUBLIC        UnlockTime
  D:00A0H         PUBLIC        P2
  D:00B0H         PUBLIC        P3
  D:00C0H         PUBLIC        P4
  D:00C8H         PUBLIC        P5
  D:00E8H         PUBLIC        P6
  D:00F8H         PUBLIC        P7
  C:71AFH         PUBLIC        _ClearBuf
BL51 BANKED LINKER/LOCATER V6.22.2.0                                                  08/04/2022  16:08:17  PAGE 24


  C:5376H         PUBLIC        GPIO_config
  C:6D35H         PUBLIC        _HS_memcpy
  C:67C8H         PUBLIC        _SendRelay
  D:00A8H         PUBLIC        IE
  X:12ACH         PUBLIC        RelayTime
  C:7324H         PUBLIC        _delay
  C:6897H         PUBLIC        _RelayOpen
  C:76DBH         PUBLIC        RelayTask
  C:6A72H         PUBLIC        UART_config
  D:00B8H         PUBLIC        IP
  C:734AH         PUBLIC        _strlen
  D:00D8H         PUBLIC        CCON
  C:4D8FH         PUBLIC        SkeyScan
  X:12ADH         PUBLIC        SkeyStatus
  C:4B53H         PUBLIC        KeyScan
  B:00C0H.0       PUBLIC        P40
  D:0098H         PUBLIC        SCON
  D:0088H         PUBLIC        TCON
  B:00C0H.3       PUBLIC        P43
  B:00B0H.4       PUBLIC        P34
  B:00B0H.5       PUBLIC        P35
  B:00E8H.3       PUBLIC        P63
  B:00C8H.4       PUBLIC        P54
  B:00E8H.5       PUBLIC        P65
  B:00E8H.6       PUBLIC        P66
  B:00E8H.7       PUBLIC        P67
  D:00F0H         PUBLIC        B
  X:12AEH         PUBLIC        ResetKeyTime
  D:00E0H         PUBLIC        ACC
  X:12B0H         PUBLIC        SkeyStatusOld
  C:77ECH         PUBLIC        WDT_config
  X:12B1H         PUBLIC        CallOutTime
  C:50A0H         PUBLIC        _lookforstr
  D:00D1H         PUBLIC        T4T3M
  C:6B72H         PUBLIC        Timer_config
  C:7984H         PUBLIC        Unlock
  C:7153H         PUBLIC        _MemIsEmpty
  C:7A69H         PUBLIC        RelayCloaseAll
  C:7743H         PUBLIC        Exti_config
  D:00D0H         PUBLIC        PSW
  C:7A06H         PUBLIC        _putchar
  -------         PROC          WDT_CONFIG
  -------         DO            
  X:1081H         SYMBOL        WDT_InitStructure
  -------         ENDDO         
  C:77ECH         LINE#         17
  C:77ECH         LINE#         18
  C:77ECH         LINE#         21
  C:77F2H         LINE#         22
  C:77F5H         LINE#         23
  C:77F9H         LINE#         24
  -------         ENDPROC       WDT_CONFIG
  -------         PROC          _DELAY
  D:0006H         SYMBOL        t
  -------         DO            
  D:0004H         SYMBOL        i
  D:0002H         SYMBOL        j
BL51 BANKED LINKER/LOCATER V6.22.2.0                                                  08/04/2022  16:08:17  PAGE 25


  -------         ENDDO         
  C:7324H         LINE#         27
  C:7324H         LINE#         28
  C:7324H         LINE#         30
  C:732BH         LINE#         31
  C:7334H         LINE#         32
  C:7349H         LINE#         33
  -------         ENDPROC       _DELAY
  -------         PROC          _PUTCHAR
  X:112EH         SYMBOL        ch
  C:7A06H         LINE#         35
  C:7A0BH         LINE#         36
  C:7A0BH         LINE#         37
  C:7A0EH         LINE#         38
  C:7A13H         LINE#         39
  -------         ENDPROC       _PUTCHAR
  -------         PROC          _STRLEN
  X:1106H         SYMBOL        pch
  -------         DO            
  D:0007H         SYMBOL        len
  -------         ENDDO         
  C:734AH         LINE#         40
  C:7355H         LINE#         41
  C:7355H         LINE#         42
  C:7357H         LINE#         43
  C:736FH         LINE#         44
  C:736FH         LINE#         45
  -------         ENDPROC       _STRLEN
  -------         PROC          _LOOKFORSTR
  X:10B8H         SYMBOL        srcBuf
  X:10BBH         SYMBOL        detBuf
  -------         DO            
  X:10BEH         SYMBOL        i
  X:10C0H         SYMBOL        j
  -------         ENDDO         
  C:50A0H         LINE#         94
  C:50ABH         LINE#         95
  C:50ABH         LINE#         97
  C:50B2H         LINE#         98
  C:50B6H         LINE#         99
  C:50D5H         LINE#         100
  C:50D5H         LINE#         101
  C:50E9H         LINE#         102
  C:50E9H         LINE#         103
  C:510AH         LINE#         104
  C:510AH         LINE#         105
  C:514BH         LINE#         106
  C:514BH         LINE#         107
  C:514BH         LINE#         108
  C:514BH         LINE#         109
  C:515BH         LINE#         110
  C:5176H         LINE#         111
  C:5176H         LINE#         112
  C:517FH         LINE#         113
  C:517FH         LINE#         114
  C:517FH         LINE#         115
  C:5190H         LINE#         116
BL51 BANKED LINKER/LOCATER V6.22.2.0                                                  08/04/2022  16:08:17  PAGE 26


  C:5193H         LINE#         117
  C:5197H         LINE#         118
  -------         ENDPROC       _LOOKFORSTR
  -------         PROC          _CLEARBUF
  X:1106H         SYMBOL        buf
  D:0004H         SYMBOL        len
  C:71AFH         LINE#         120
  C:71BAH         LINE#         121
  C:71BAH         LINE#         122
  C:71C4H         LINE#         123
  C:71C4H         LINE#         124
  C:71D8H         LINE#         125
  C:71DAH         LINE#         126
  -------         ENDPROC       _CLEARBUF
  -------         PROC          _HS_MEMCPY
  X:10B3H         SYMBOL        dst
  X:10B6H         SYMBOL        src
  X:10B9H         SYMBOL        len
  C:6D35H         LINE#         127
  C:6D40H         LINE#         128
  C:6D40H         LINE#         129
  C:6D4EH         LINE#         130
  C:6D4EH         LINE#         131
  C:6D76H         LINE#         132
  C:6D78H         LINE#         133
  -------         ENDPROC       _HS_MEMCPY
  -------         PROC          _MEMISEMPTY
  X:10CAH         SYMBOL        buf
  D:0004H         SYMBOL        len
  C:7153H         LINE#         135
  C:715EH         LINE#         136
  C:715EH         LINE#         137
  C:7168H         LINE#         138
  C:7168H         LINE#         139
  C:717DH         LINE#         140
  C:717DH         LINE#         141
  C:717FH         LINE#         142
  C:717FH         LINE#         143
  C:717FH         LINE#         144
  C:7180H         LINE#         145
  -------         ENDPROC       _MEMISEMPTY
  -------         PROC          GPIO_CONFIG
  -------         DO            
  X:1081H         SYMBOL        GPIO_InitStructure
  -------         ENDDO         
  C:5376H         LINE#         147
  C:5376H         LINE#         148
  C:5376H         LINE#         150
  C:537CH         LINE#         151
  C:5381H         LINE#         152
  C:538CH         LINE#         153
  C:5397H         LINE#         157
  C:53A2H         LINE#         159
  C:53A8H         LINE#         160
  C:53B2H         LINE#         162
  C:53B8H         LINE#         163
  C:53C3H         LINE#         165
BL51 BANKED LINKER/LOCATER V6.22.2.0                                                  08/04/2022  16:08:17  PAGE 27


  C:53C9H         LINE#         166
  C:53D4H         LINE#         168
  C:53DAH         LINE#         169
  C:53E5H         LINE#         171
  C:53EBH         LINE#         172
  C:53F1H         LINE#         175
  C:53FCH         LINE#         177
  C:5402H         LINE#         178
  C:540DH         LINE#         180
  C:5413H         LINE#         181
  C:541EH         LINE#         183
  C:5424H         LINE#         184
  C:542FH         LINE#         186
  C:5435H         LINE#         187
  C:5440H         LINE#         191
  C:5446H         LINE#         192
  C:5451H         LINE#         196
  C:5453H         LINE#         197
  C:5455H         LINE#         198
  C:5457H         LINE#         200
  C:5459H         LINE#         202
  C:545BH         LINE#         204
  -------         ENDPROC       GPIO_CONFIG
  -------         PROC          UART_CONFIG
  -------         DO            
  X:1081H         SYMBOL        COMx_InitStructure
  -------         ENDDO         
  C:6A72H         LINE#         207
  C:6A72H         LINE#         208
  C:6A72H         LINE#         210
  C:6A78H         LINE#         211
  C:6A7CH         LINE#         212
  C:6A84H         LINE#         213
  C:6A8AH         LINE#         214
  C:6A8DH         LINE#         215
  C:6A90H         LINE#         216
  C:6A92H         LINE#         217
  C:6A95H         LINE#         218
  C:6AA0H         LINE#         219
  C:6AA9H         LINE#         224
  C:6AAFH         LINE#         225
  C:6ABAH         LINE#         226
  C:6ABFH         LINE#         227
  -------         ENDPROC       UART_CONFIG
  -------         PROC          TIMER_CONFIG
  -------         DO            
  X:1081H         SYMBOL        TIM_InitStructure
  -------         ENDDO         
  C:6B72H         LINE#         240
  C:6B72H         LINE#         241
  C:6B72H         LINE#         243
  C:6B77H         LINE#         244
  C:6B79H         LINE#         245
  C:6B7CH         LINE#         246
  C:6B7FH         LINE#         247
  C:6B81H         LINE#         248
  C:6B89H         LINE#         249
BL51 BANKED LINKER/LOCATER V6.22.2.0                                                  08/04/2022  16:08:17  PAGE 28


  C:6B8DH         LINE#         251
  C:6B97H         LINE#         253
  C:6BA1H         LINE#         254
  C:6BACH         LINE#         256
  C:6BB6H         LINE#         257
  C:6BC1H         LINE#         258
  C:6BC4H         LINE#         260
  -------         ENDPROC       TIMER_CONFIG
  -------         PROC          EXTI_CONFIG
  -------         DO            
  X:1081H         SYMBOL        Exti_InitStructure
  -------         ENDDO         
  C:7743H         LINE#         262
  C:7743H         LINE#         263
  C:7743H         LINE#         266
  C:7749H         LINE#         267
  C:774EH         LINE#         268
  C:7752H         LINE#         269
  -------         ENDPROC       EXTI_CONFIG
  -------         PROC          KEYSCAN
  -------         DO            
  X:12A7H         SYMBOL        KeyStep
  X:12A8H         SYMBOL        KeyTime
  X:1081H         SYMBOL        key
  -------         ENDDO         
  C:4B53H         LINE#         276
  C:4B53H         LINE#         277
  C:4B53H         LINE#         281
  C:4B73H         LINE#         282
  C:4B73H         LINE#         283
  C:4B73H         LINE#         284
  C:4B76H         LINE#         285
  C:4B81H         LINE#         286
  C:4B81H         LINE#         287
  C:4B87H         LINE#         288
  C:4B8DH         LINE#         289
  C:4B8DH         LINE#         290
  C:4B90H         LINE#         291
  C:4B90H         LINE#         292
  C:4B98H         LINE#         293
  C:4B98H         LINE#         294
  C:4B99H         LINE#         295
  C:4B9CH         LINE#         296
  C:4BA7H         LINE#         297
  C:4BA7H         LINE#         298
  C:4BADH         LINE#         299
  C:4BADH         LINE#         300
  C:4BB0H         LINE#         301
  C:4BB0H         LINE#         302
  C:4BB8H         LINE#         303
  C:4BBBH         LINE#         304
  C:4BC1H         LINE#         305
  C:4BC4H         LINE#         306
  C:4BC4H         LINE#         307
  C:4BCAH         LINE#         308
  C:4BCDH         LINE#         309
  C:4BD3H         LINE#         310
BL51 BANKED LINKER/LOCATER V6.22.2.0                                                  08/04/2022  16:08:17  PAGE 29


  C:4C0EH         LINE#         311
  C:4C0EH         LINE#         312
  C:4C0EH         LINE#         313
  C:4C11H         LINE#         314
  C:4C11H         LINE#         315
  C:4C14H         LINE#         316
  C:4C14H         LINE#         317
  C:4C17H         LINE#         318
  C:4C17H         LINE#         319
  C:4C1AH         LINE#         320
  C:4C1AH         LINE#         321
  C:4C1DH         LINE#         322
  C:4C1DH         LINE#         323
  C:4C20H         LINE#         324
  C:4C20H         LINE#         325
  C:4C23H         LINE#         326
  C:4C23H         LINE#         327
  C:4C26H         LINE#         328
  C:4C26H         LINE#         329
  C:4C29H         LINE#         330
  C:4C29H         LINE#         331
  C:4C2CH         LINE#         332
  C:4C2CH         LINE#         333
  C:4C2FH         LINE#         334
  C:4C2FH         LINE#         335
  C:4C32H         LINE#         336
  C:4C32H         LINE#         337
  C:4C35H         LINE#         338
  C:4C35H         LINE#         339
  C:4C38H         LINE#         340
  C:4C38H         LINE#         341
  C:4C3BH         LINE#         342
  C:4C3BH         LINE#         343
  C:4C3EH         LINE#         344
  C:4C3EH         LINE#         345
  C:4C3EH         LINE#         346
  C:4C3EH         LINE#         347
  C:4C46H         LINE#         348
  C:4C46H         LINE#         349
  C:4C4CH         LINE#         350
  C:4C50H         LINE#         351
  C:4C50H         LINE#         352
  C:4C52H         LINE#         353
  C:4C52H         LINE#         354
  C:4C5AH         LINE#         355
  C:4C5AH         LINE#         356
  C:4C60H         LINE#         357
  C:4C62H         LINE#         358
  C:4C6AH         LINE#         359
  C:4C6AH         LINE#         360
  C:4C6EH         LINE#         361
  C:4C6EH         LINE#         362
  C:4C6EH         LINE#         364
  C:4C6EH         LINE#         365
  C:4C70H         LINE#         366
  -------         ENDPROC       KEYSCAN
  -------         PROC          SKEYSCAN
BL51 BANKED LINKER/LOCATER V6.22.2.0                                                  08/04/2022  16:08:17  PAGE 30


  -------         DO            
  X:12A9H         SYMBOL        SkeyStep
  X:12AAH         SYMBOL        SkeyTime
  D:0007H         SYMBOL        key
  -------         ENDDO         
  C:4D8FH         LINE#         371
  C:4D8FH         LINE#         372
  C:4D8FH         LINE#         376
  C:4D8FH         LINE#         377
  C:4D99H         LINE#         378
  C:4D99H         LINE#         379
  C:4D99H         LINE#         380
  C:4D9FH         LINE#         381
  C:4DA4H         LINE#         382
  C:4DACH         LINE#         383
  C:4DB4H         LINE#         384
  C:4DBAH         LINE#         386
  C:4DC1H         LINE#         387
  C:4DC1H         LINE#         388
  C:4DC7H         LINE#         389
  C:4DCDH         LINE#         390
  C:4DCDH         LINE#         391
  C:4DCFH         LINE#         392
  C:4DCFH         LINE#         393
  C:4DD5H         LINE#         394
  C:4DDAH         LINE#         395
  C:4DE2H         LINE#         396
  C:4DEAH         LINE#         397
  C:4DF0H         LINE#         399
  C:4DF7H         LINE#         400
  C:4DF7H         LINE#         401
  C:4DFCH         LINE#         402
  C:4DFEH         LINE#         403
  C:4E06H         LINE#         404
  C:4E06H         LINE#         405
  C:4E0AH         LINE#         406
  C:4E0FH         LINE#         407
  C:4E0FH         LINE#         408
  C:4E0FH         LINE#         410
  C:4E0FH         LINE#         411
  C:4E1CH         LINE#         412
  C:4E1CH         LINE#         414
  C:4E2CH         LINE#         415
  C:4E2CH         LINE#         416
  C:4E38H         LINE#         417
  C:4E41H         LINE#         418
  C:4E41H         LINE#         424
  C:4E51H         LINE#         425
  C:4E51H         LINE#         426
  C:4E59H         LINE#         427
  C:4E62H         LINE#         428
  C:4E62H         LINE#         429
  C:4E62H         LINE#         430
  C:4E62H         LINE#         432
  C:4E62H         LINE#         433
  C:4E62H         LINE#         434
  C:4E62H         LINE#         436
BL51 BANKED LINKER/LOCATER V6.22.2.0                                                  08/04/2022  16:08:17  PAGE 31


  C:4E62H         LINE#         437
  C:4E6AH         LINE#         438
  C:4E6AH         LINE#         439
  C:4E71H         LINE#         440
  C:4E71H         LINE#         441
  C:4E7BH         LINE#         442
  C:4E7BH         LINE#         443
  C:4E89H         LINE#         444
  C:4E89H         LINE#         445
  C:4E8EH         LINE#         446
  C:4E91H         LINE#         447
  C:4E9AH         LINE#         448
  C:4E9AH         LINE#         449
  C:4E9AH         LINE#         450
  C:4E9AH         LINE#         451
  -------         ENDPROC       SKEYSCAN
  -------         PROC          UNLOCK
  B:0020H.0       SYMBOL        sound
  C:7984H         LINE#         454
  C:7984H         LINE#         455
  C:7984H         LINE#         456
  C:798CH         LINE#         457
  C:798EH         LINE#         458
  -------         ENDPROC       UNLOCK
  -------         PROC          _SENDRELAY
  D:0006H         SYMBOL        idx
  D:0005H         SYMBOL        time
  -------         DO            
  X:109DH         SYMBOL        RelayCmd
  X:10A6H         SYMBOL        p
  D:0007H         SYMBOL        i
  -------         ENDDO         
  C:67C8H         LINE#         473
  C:67C8H         LINE#         474
  C:67C8H         LINE#         476
  C:67D6H         LINE#         478
  C:67E0H         LINE#         479
  C:67E4H         LINE#         480
  C:67E8H         LINE#         481
  C:67EEH         LINE#         482
  C:67F1H         LINE#         483
  C:67F8H         LINE#         484
  C:67FAH         LINE#         485
  C:67FAH         LINE#         486
  C:681BH         LINE#         487
  C:6820H         LINE#         489
  -------         ENDPROC       _SENDRELAY
  -------         PROC          _RELAYOPEN
  X:109AH         SYMBOL        idx
  X:109CH         SYMBOL        time
  C:6897H         LINE#         493
  C:68A4H         LINE#         494
  C:68A4H         LINE#         495
  C:68A7H         LINE#         496
  C:68A7H         LINE#         498
  C:68A7H         LINE#         499
  C:68ACH         LINE#         500
BL51 BANKED LINKER/LOCATER V6.22.2.0                                                  08/04/2022  16:08:17  PAGE 32


  C:68BCH         LINE#         501
  C:68BCH         LINE#         502
  C:68C2H         LINE#         504
  C:68C2H         LINE#         505
  C:68D0H         LINE#         506
  C:68D8H         LINE#         507
  C:68E9H         LINE#         508
  C:68F2H         LINE#         509
  C:68F2H         LINE#         510
  C:68F5H         LINE#         511
  C:68F6H         LINE#         513
  C:68F6H         LINE#         514
  C:68F9H         LINE#         515
  C:68F9H         LINE#         529
  -------         ENDPROC       _RELAYOPEN
  -------         PROC          RELAYCLOASEALL
  C:7A69H         LINE#         530
  C:7A69H         LINE#         531
  C:7A69H         LINE#         532
  C:7A6CH         LINE#         533
  C:7A6FH         LINE#         537
  -------         ENDPROC       RELAYCLOASEALL
  -------         PROC          RELAYTASK
  C:76DBH         LINE#         539
  C:76DBH         LINE#         540
  C:76DBH         LINE#         542
  C:76E1H         LINE#         543
  C:76E1H         LINE#         544
  C:76E5H         LINE#         545
  C:76E5H         LINE#         546
  C:76E7H         LINE#         547
  C:76E7H         LINE#         548
[...]


  C:3630H         LINE#         107
  C:3638H         LINE#         108
  C:3638H         LINE#         109
  C:363AH         LINE#         110
  C:3647H         LINE#         111
  C:3649H         LINE#         112
  C:3658H         LINE#         113
  C:3686H         LINE#         114
  C:3692H         LINE#         115
  C:3699H         LINE#         116
  C:36A6H         LINE#         117
  C:36ACH         LINE#         118
  C:36B5H         LINE#         119
  C:36B8H         LINE#         120
  C:36C6H         LINE#         121
  C:36C9H         LINE#         123
  C:36DBH         LINE#         124
  C:36E6H         LINE#         125
  C:36E9H         LINE#         126
  C:36E9H         LINE#         167
  C:36EEH         LINE#         168
  C:36EEH         LINE#         169
  C:36F1H         LINE#         170
  C:36FFH         LINE#         171
  C:3702H         LINE#         172
  C:3711H         LINE#         173
  C:3718H         LINE#         174
  C:3723H         LINE#         175
  C:3731H         LINE#         176
  C:3734H         LINE#         177
  C:3742H         LINE#         178
  C:3745H         LINE#         180
  C:3755H         LINE#         181
  C:3761H         LINE#         182
  C:3764H         LINE#         183
  C:3764H         LINE#         185
  C:3766H         LINE#         186
  -------         ENDPROC       _TIMER_INILIZE
  -------         ENDMOD        TIMER

  -------         MODULE        GPIO
  C:0000H         SYMBOL        _ICE_DUMMY_
  D:0093H         PUBLIC        P0M1
  D:0092H         PUBLIC        P1M0
  D:0096H         PUBLIC        P2M0
  D:0091H         PUBLIC        P1M1
  D:0080H         PUBLIC        P0
  D:00B2H         PUBLIC        P3M0
  D:0095H         PUBLIC        P2M1
  D:0090H         PUBLIC        P1
  D:00B4H         PUBLIC        P4M0
  D:00B1H         PUBLIC        P3M1
  D:00A0H         PUBLIC        P2
  D:00CAH         PUBLIC        P5M0
  D:00B3H         PUBLIC        P4M1
  D:00B0H         PUBLIC        P3
  D:00CCH         PUBLIC        P6M0
BL51 BANKED LINKER/LOCATER V6.22.2.0                                                  08/04/2022  16:08:17  PAGE 115


  D:00C9H         PUBLIC        P5M1
  D:00C0H         PUBLIC        P4
  D:00E2H         PUBLIC        P7M0
  D:00CBH         PUBLIC        P6M1
  D:00C8H         PUBLIC        P5
  D:00E8H         PUBLIC        P6
  D:00E1H         PUBLIC        P7M1
  D:00F8H         PUBLIC        P7
  D:00A8H         PUBLIC        IE
  D:00B8H         PUBLIC        IP
  D:00D8H         PUBLIC        CCON
  D:0098H         PUBLIC        SCON
  D:0088H         PUBLIC        TCON
  D:00F0H         PUBLIC        B
  D:00E0H         PUBLIC        ACC
  C:2CB0H         PUBLIC        _GPIO_Inilize
  D:00D0H         PUBLIC        PSW
  D:0094H         PUBLIC        P0M0
  -------         PROC          _GPIO_INILIZE
  D:0007H         SYMBOL        GPIO
  D:0001H         SYMBOL        GPIOx
  C:2CB0H         LINE#         10
  C:2CB0H         LINE#         11
  C:2CB0H         LINE#         12
  C:2CB9H         LINE#         13
  C:2CC5H         LINE#         14
  C:2CC8H         LINE#         15
  C:2CC8H         LINE#         16
  C:2CD6H         LINE#         17
  C:2CE7H         LINE#         18
  C:2CF8H         LINE#         19
  C:2D09H         LINE#         20
  C:2D09H         LINE#         21
  C:2D0EH         LINE#         22
  C:2D0EH         LINE#         23
  C:2D1FH         LINE#         24
  C:2D2EH         LINE#         25
  C:2D3EH         LINE#         26
  C:2D51H         LINE#         27
  C:2D51H         LINE#         28
  C:2D56H         LINE#         29
  C:2D56H         LINE#         30
  C:2D67H         LINE#         31
  C:2D76H         LINE#         32
  C:2D86H         LINE#         33
  C:2D99H         LINE#         34
  C:2D99H         LINE#         35
  C:2D9EH         LINE#         36
  C:2D9EH         LINE#         37
  C:2DAFH         LINE#         38
  C:2DBEH         LINE#         39
  C:2DCEH         LINE#         40
  C:2DE1H         LINE#         41
  C:2DE1H         LINE#         42
  C:2DE6H         LINE#         43
  C:2DE6H         LINE#         44
  C:2DF7H         LINE#         45
BL51 BANKED LINKER/LOCATER V6.22.2.0                                                  08/04/2022  16:08:17  PAGE 116


  C:2E06H         LINE#         46
  C:2E16H         LINE#         47
  C:2E29H         LINE#         48
  C:2E29H         LINE#         49
  C:2E2EH         LINE#         50
  C:2E2EH         LINE#         51
  C:2E3FH         LINE#         52
  C:2E4EH         LINE#         53
  C:2E5EH         LINE#         54
  C:2E71H         LINE#         55
  C:2E71H         LINE#         56
  C:2E76H         LINE#         57
  C:2E76H         LINE#         58
  C:2E87H         LINE#         59
  C:2E96H         LINE#         60
  C:2EA6H         LINE#         61
  C:2EB9H         LINE#         62
  C:2EB9H         LINE#         63
  C:2EBEH         LINE#         64
  C:2EBEH         LINE#         65
  C:2ECFH         LINE#         66
  C:2EDEH         LINE#         67
  C:2EEEH         LINE#         68
  C:2F01H         LINE#         69
  C:2F01H         LINE#         70
  C:2F03H         LINE#         71
  -------         ENDPROC       _GPIO_INILIZE
  -------         ENDMOD        GPIO

  -------         MODULE        EXTI
  C:0000H         SYMBOL        _ICE_DUMMY_
  D:0080H         PUBLIC        P0
  D:0090H         PUBLIC        P1
  D:00A0H         PUBLIC        P2
  D:00B0H         PUBLIC        P3
  D:00C0H         PUBLIC        P4
  D:00C8H         PUBLIC        P5
  D:00E8H         PUBLIC        P6
  D:00F8H         PUBLIC        P7
  D:00A8H         PUBLIC        IE
  D:00B8H         PUBLIC        IP
  D:00D8H         PUBLIC        CCON
  C:7972H         PUBLIC        Ext_INT0
  D:0098H         PUBLIC        SCON
  D:0088H         PUBLIC        TCON
  B:0088H.1       PUBLIC        IE0
  D:00F0H         PUBLIC        B
  D:00E0H         PUBLIC        ACC
  B:00A8H.0       PUBLIC        EX0
  B:0088H.0       PUBLIC        IT0
  B:00B8H.0       PUBLIC        PX0
  D:00B7H         PUBLIC        IPH
  C:695DH         PUBLIC        _Ext_Inilize
  D:00D0H         PUBLIC        PSW
  -------         PROC          EXT_INT0
  C:7972H         LINE#         8
  C:7978H         LINE#         12
BL51 BANKED LINKER/LOCATER V6.22.2.0                                                  08/04/2022  16:08:17  PAGE 117


  C:797DH         LINE#         13
  -------         ENDPROC       EXT_INT0
  -------         PROC          _EXT_INILIZE
  D:0007H         SYMBOL        EXT
  D:0001H         SYMBOL        INTx
  C:695DH         LINE#         51
  C:695DH         LINE#         52
  C:695DH         LINE#         55
  C:6960H         LINE#         56
  C:6960H         LINE#         57
  C:6962H         LINE#         58
  C:696FH         LINE#         59
  C:6971H         LINE#         60
  C:6980H         LINE#         61
  C:69AEH         LINE#         62
  C:69B8H         LINE#         63
  C:69BAH         LINE#         64
  C:69BDH         LINE#         65
  C:69BDH         LINE#         104
  C:69BFH         LINE#         105
  -------         ENDPROC       _EXT_INILIZE
  -------         ENDMOD        EXTI

  -------         MODULE        SPI
  C:0000H         SYMBOL        _ICE_DUMMY_
  D:0080H         PUBLIC        P0
  D:0090H         PUBLIC        P1
  C:6CA4H         PUBLIC        SPI_Transivion
  D:00A0H         PUBLIC        P2
  D:00B0H         PUBLIC        P3
  D:00C0H         PUBLIC        P4
  D:00C8H         PUBLIC        P5
  D:00E8H         PUBLIC        P6
  D:00F8H         PUBLIC        P7
  D:00CEH         PUBLIC        SPCTL
  D:00A2H         PUBLIC        P_SW1
  D:00A8H         PUBLIC        IE
  B:0023H.2       PUBLIC        B_SPI_Busy
  D:00B8H         PUBLIC        IP
  C:5DF6H         PUBLIC        _SPI_Flash_Read
  D:00D8H         PUBLIC        CCON
  D:0098H         PUBLIC        SCON
  D:0088H         PUBLIC        TCON
  B:00F8H.4       PUBLIC        P74
  X:112FH         PUBLIC        SPI_RxCnt
  D:00AFH         PUBLIC        IE2
  D:00F0H         PUBLIC        B
  D:00E0H         PUBLIC        ACC
  X:1130H         PUBLIC        SPI_RxTimerOut
  D:00CDH         PUBLIC        SPSTAT
  C:5E8FH         PUBLIC        _SPI_Init
  C:76D1H         PUBLIC        _SPI_ReadWriteByte
  X:1131H         PUBLIC        SPI_RxBuffer
  D:00D0H         PUBLIC        PSW
  D:00CFH         PUBLIC        SPDAT
  -------         PROC          _SPI_INIT
  D:0001H         SYMBOL        SPIx
BL51 BANKED LINKER/LOCATER V6.22.2.0                                                  08/04/2022  16:08:17  PAGE 118


  C:5E8FH         LINE#         29
  C:5E8FH         LINE#         30
  C:5E8FH         LINE#         31
  C:5E9DH         LINE#         32
  C:5EA0H         LINE#         33
  C:5EABH         LINE#         34
  C:5EAEH         LINE#         35
  C:5EBCH         LINE#         36
  C:5EBFH         LINE#         37
  C:5ECCH         LINE#         38
  C:5ECFH         LINE#         39
  C:5EDDH         LINE#         40
  C:5EE0H         LINE#         41
  C:5EEDH         LINE#         42
  C:5EF0H         LINE#         43
  C:5EFEH         LINE#         44
  C:5F01H         LINE#         45
  C:5F11H         LINE#         46
  C:5F1FH         LINE#         48
  C:5F24H         LINE#         49
  C:5F26H         LINE#         50
  -------         ENDPROC       _SPI_INIT
  -------         PROC          SPI_TRANSIVION
  C:6CA4H         LINE#         96
  C:6CB1H         LINE#         98
  C:6CB6H         LINE#         99
  C:6CB6H         LINE#         100
  C:6CB8H         LINE#         101
  C:6CBAH         LINE#         103
  C:6CBAH         LINE#         104
  C:6CC5H         LINE#         105
  C:6CD9H         LINE#         106
  C:6CDFH         LINE#         107
  C:6CDFH         LINE#         108
  C:6CE2H         LINE#         109
  -------         ENDPROC       SPI_TRANSIVION
  -------         PROC          L?0028
  -------         ENDPROC       L?0028
  -------         PROC          _SPI_READWRITEBYTE
  D:0007H         SYMBOL        dat
  C:76D1H         LINE#         111
  C:76D1H         LINE#         112
  C:76D1H         LINE#         113
  C:76D3H         LINE#         114
  C:76D5H         LINE#         115
  C:76D8H         LINE#         116
  C:76DAH         LINE#         117
  C:76DAH         LINE#         118
  -------         ENDPROC       _SPI_READWRITEBYTE
  -------         PROC          _SPI_FLASH_READ
  X:110FH         SYMBOL        pBuffer
  X:1112H         SYMBOL        ReadAddr
  X:1116H         SYMBOL        NumByteToRead
  -------         DO            
  X:1118H         SYMBOL        i
  X:111AH         SYMBOL        tmp
  -------         ENDDO         
BL51 BANKED LINKER/LOCATER V6.22.2.0                                                  08/04/2022  16:08:17  PAGE 119


  C:5DF6H         LINE#         139
  C:5E05H         LINE#         140
  C:5E05H         LINE#         141
  C:5E05H         LINE#         142
  C:5E07H         LINE#         143
  C:5E0EH         LINE#         144
  C:5E13H         LINE#         145
  C:5E18H         LINE#         146
  C:5E1DH         LINE#         147
  C:5E28H         LINE#         148
  C:5E44H         LINE#         149
  C:5E44H         LINE#         151
  C:5E55H         LINE#         152
  C:5E7CH         LINE#         153
  C:5E8CH         LINE#         154
  C:5E8EH         LINE#         155
  -------         ENDPROC       _SPI_FLASH_READ
  -------         ENDMOD        SPI

  -------         MODULE        WDT
  C:0000H         SYMBOL        _ICE_DUMMY_
  D:0080H         PUBLIC        P0
  D:0090H         PUBLIC        P1
  D:00A0H         PUBLIC        P2
  D:00B0H         PUBLIC        P3
  D:00C0H         PUBLIC        P4
  D:00C8H         PUBLIC        P5
  D:00E8H         PUBLIC        P6
  D:00F8H         PUBLIC        P7
  D:00A8H         PUBLIC        IE
  D:00B8H         PUBLIC        IP
  D:00D8H         PUBLIC        CCON
  C:7284H         PUBLIC        _WDT_Inilize
  D:0098H         PUBLIC        SCON
  D:0088H         PUBLIC        TCON
  C:0006H         PUBLIC        WDT_Clear
  D:00F0H         PUBLIC        B
  D:00E0H         PUBLIC        ACC
  D:00C1H         PUBLIC        WDT_CONTR
  D:00D0H         PUBLIC        PSW
  -------         PROC          _WDT_INILIZE
  D:0001H         SYMBOL        WDT
  C:7284H         LINE#         22
  C:7284H         LINE#         23
  C:7284H         LINE#         24
  C:728DH         LINE#         26
  C:729DH         LINE#         27
  C:72A9H         LINE#         28
  C:72ACH         LINE#         29
  -------         ENDPROC       _WDT_INILIZE
  -------         PROC          WDT_CLEAR
  C:0006H         LINE#         32
  C:0006H         LINE#         33
  C:0006H         LINE#         34
  C:0009H         LINE#         35
  -------         ENDPROC       WDT_CLEAR
  -------         ENDMOD        WDT
BL51 BANKED LINKER/LOCATER V6.22.2.0                                                  08/04/2022  16:08:17  PAGE 120



  -------         MODULE        ?C?CLDPTR
  C:08E6H         PUBLIC        ?C?CLDPTR
  -------         ENDMOD        ?C?CLDPTR

  -------         MODULE        ?C?CLDOPTR
  C:08FFH         PUBLIC        ?C?CLDOPTR
  -------         ENDMOD        ?C?CLDOPTR

  -------         MODULE        ?C?CSTPTR
  C:092CH         PUBLIC        ?C?CSTPTR
  -------         ENDMOD        ?C?CSTPTR

  -------         MODULE        ?C?CSTOPTR
  C:093EH         PUBLIC        ?C?CSTOPTR
  -------         ENDMOD        ?C?CSTOPTR

  -------         MODULE        ?C?IMUL
  C:0960H         PUBLIC        ?C?IMUL
  -------         ENDMOD        ?C?IMUL

  -------         MODULE        ?C?UIDIV
  C:0972H         PUBLIC        ?C?UIDIV
  -------         ENDMOD        ?C?UIDIV

  -------         MODULE        ?C?IILDX
  C:09C7H         PUBLIC        ?C?IILDX
  -------         ENDMOD        ?C?IILDX

  -------         MODULE        ?C?ILDIX
  C:09DDH         PUBLIC        ?C?ILDIX
  -------         ENDMOD        ?C?ILDIX

  -------         MODULE        ?C?ILDPTR
  C:09F3H         PUBLIC        ?C?ILDPTR
  -------         ENDMOD        ?C?ILDPTR

  -------         MODULE        ?C?ILDOPTR
  C:0A1EH         PUBLIC        ?C?ILDOPTR
  -------         ENDMOD        ?C?ILDOPTR

  -------         MODULE        ?C?LMUL
  C:0A56H         PUBLIC        ?C?LMUL
  -------         ENDMOD        ?C?LMUL

  -------         MODULE        ?C?ULDIV
  C:0AE1H         PUBLIC        ?C?ULDIV
  -------         ENDMOD        ?C?ULDIV

  -------         MODULE        ?C?ULCMP
  C:0B73H         PUBLIC        ?C?ULCMP
  -------         ENDMOD        ?C?ULCMP

  -------         MODULE        ?C?ULSHR
  C:0B84H         PUBLIC        ?C?ULSHR
  -------         ENDMOD        ?C?ULSHR

BL51 BANKED LINKER/LOCATER V6.22.2.0                                                  08/04/2022  16:08:17  PAGE 121


  -------         MODULE        ?C?LSHL
  C:0B97H         PUBLIC        ?C?LSHL
  -------         ENDMOD        ?C?LSHL

  -------         MODULE        ?C?LLDOPTR
  C:0BAAH         PUBLIC        ?C?LLDOPTR
  -------         ENDMOD        ?C?LLDOPTR

  -------         MODULE        ?C?LLDOPTR0
  C:0BDAH         PUBLIC        ?C?LLDOPTR0
  -------         ENDMOD        ?C?LLDOPTR0

  -------         MODULE        ?C?LSTXDATA
  C:0C0AH         PUBLIC        ?C?LSTXDATA
  -------         ENDMOD        ?C?LSTXDATA

  -------         MODULE        ?C?LSTKXDATA
  C:0C16H         PUBLIC        ?C?LSTKXDATA
  -------         ENDMOD        ?C?LSTKXDATA

  -------         MODULE        ?C?CCASE
  C:0C47H         PUBLIC        ?C?CCASE
  -------         ENDMOD        ?C?CCASE

  -------         MODULE        PRINTF
  X:1106H         PUBLIC        ?_PRINTF517?BYTE
  X:1106H         PUBLIC        ?_PRINTF?BYTE
  X:1106H         PUBLIC        ?_SPRINTF517?BYTE
  X:1106H         PUBLIC        ?_SPRINTF?BYTE
  C:1DAEH         PUBLIC        _PRINTF
  C:1DAEH         PUBLIC        _PRINTF517
  C:1DA8H         PUBLIC        _SPRINTF
  C:1DA8H         PUBLIC        _SPRINTF517
  -------         ENDMOD        PRINTF

  -------         MODULE        SCANF
  X:10B8H         PUBLIC        ?_SCANF517?BYTE
  X:10B8H         PUBLIC        ?_SCANF?BYTE
  X:10B8H         PUBLIC        ?_SSCANF517?BYTE
  X:10B8H         PUBLIC        ?_SSCANF?BYTE
  C:246FH         PUBLIC        _SCANF
  C:246FH         PUBLIC        _SCANF517
  C:246BH         PUBLIC        _SSCANF
  C:246BH         PUBLIC        _SSCANF517
  -------         ENDMOD        SCANF

  -------         MODULE        ?C?ISTPTR
  C:0C6DH         PUBLIC        ?C?ISTPTR
  -------         ENDMOD        ?C?ISTPTR

  -------         MODULE        ?C?LNEG
  C:0C8CH         PUBLIC        ?C?LNEG
  -------         ENDMOD        ?C?LNEG

  -------         MODULE        ?C?LSTPTR
  C:0C9AH         PUBLIC        ?C?LSTPTR
  -------         ENDMOD        ?C?LSTPTR
BL51 BANKED LINKER/LOCATER V6.22.2.0                                                  08/04/2022  16:08:17  PAGE 122



  -------         MODULE        ?C?LLDIDATA
  C:0CB4H         PUBLIC        ?C?LLDIDATA
  -------         ENDMOD        ?C?LLDIDATA

  -------         MODULE        ?C?LLDXDATA
  C:0CC0H         PUBLIC        ?C?LLDXDATA
  -------         ENDMOD        ?C?LLDXDATA

  -------         MODULE        ?C?LLDPDATA
  C:0CCCH         PUBLIC        ?C?LLDPDATA
  -------         ENDMOD        ?C?LLDPDATA

  -------         MODULE        ?C?LLDCODE
  C:0CD8H         PUBLIC        ?C?LLDCODE
  -------         ENDMOD        ?C?LLDCODE

  -------         MODULE        ?C?LLDIDATA0
  C:0CE8H         PUBLIC        ?C?LLDIDATA0
  -------         ENDMOD        ?C?LLDIDATA0

  -------         MODULE        ?C?LLDXDATA0
  C:0CF5H         PUBLIC        ?C?LLDXDATA0
  -------         ENDMOD        ?C?LLDXDATA0

  -------         MODULE        ?C?LLDPDATA0
  C:0D01H         PUBLIC        ?C?LLDPDATA0
  -------         ENDMOD        ?C?LLDPDATA0

  -------         MODULE        ?C?LLDCODE0
  C:0D0EH         PUBLIC        ?C?LLDCODE0
  -------         ENDMOD        ?C?LLDCODE0

  -------         MODULE        ?C?PLDXDATA
  C:0D1EH         PUBLIC        ?C?PLDXDATA
  -------         ENDMOD        ?C?PLDXDATA

  -------         MODULE        ?C?PLDIXDATA
  C:0D27H         PUBLIC        ?C?PLDIXDATA
  -------         ENDMOD        ?C?PLDIXDATA

  -------         MODULE        ?C?PILDXDATA
  C:0D3EH         PUBLIC        ?C?PILDXDATA
  -------         ENDMOD        ?C?PILDXDATA

  -------         MODULE        ?C?PSTXDATA
  C:0D55H         PUBLIC        ?C?PSTXDATA
  -------         ENDMOD        ?C?PSTXDATA

  -------         MODULE        GETCHAR
  B:0023H.3       PUBLIC        ?C?CHARLOADED
  X:12D3H         PUBLIC        ?_UNGETCHAR?BYTE
  C:78DAH         PUBLIC        GETCHAR
  -------         ENDMOD        GETCHAR

  -------         MODULE        UNGETC
  C:7A61H         PUBLIC        _UNGETCHAR
BL51 BANKED LINKER/LOCATER V6.22.2.0                                                  08/04/2022  16:08:17  PAGE 123


  -------         ENDMOD        UNGETC

  -------         MODULE        ISSPACE
  C:78EEH         PUBLIC        _isspace
  -------         ENDMOD        ISSPACE

  -------         MODULE        ?C?LSTIDATA
  C:0D5EH         PUBLIC        ?C?LSTIDATA
  -------         ENDMOD        ?C?LSTIDATA

  -------         MODULE        ?C?LSTPDATA
  C:0D6AH         PUBLIC        ?C?LSTPDATA
  -------         ENDMOD        ?C?LSTPDATA

  -------         MODULE        _GETKEY
  C:7A4EH         PUBLIC        _GETKEY
  -------         ENDMOD        _GETKEY

*** WARNING L16: UNCALLED SEGMENT, IGNORED FOR OVERLAY PROCESS
    SEGMENT: ?PR?_GETPSWBYROOM?UNLOCKPASSWORD

Program Size: data=17.4 xdata=4820 code=31339
LINK/LOCATE RUN COMPLETE.  1 WARNING(S),  0 ERROR(S)
