C51 COMPILER V9.57.0.0   AUDIO                                                             08/04/2022 16:30:24 PAGE 1   


C51 COMPILER V9.57.0.0, COMPILATION OF MODULE AUDIO
OBJECT MODULE PLACED IN .\Objects\Audio.obj
COMPILER INVOKED BY: D:\keil-c51\C51\BIN\C51.EXE UserSrc\Audio.c LARGE OPTIMIZE(8,SPEED) BROWSE NOINTPROMOTE INCDIR(.\Us
                    -erSrc;.\StcLib;.\UserSrc\ENG) DEBUG OBJECTEXTEND PRINT(.\Listings\Audio.lst) TABS(2) OBJECT(.\Objects\Audio.obj)

line level    source

   1          #include "config.h"
   2          #include "Driver.h"
   3          #include "Audio.h"
   4          #include "stdio.h"
   5          #include "GPIO.h"
   6          #include "UART.h"
   7          #include "SysStatus.h"
   8          
   9          #ifdef MP3_MODULE
              //bool Mp3Busy = true;
              Mp3CmdType Mp3Cmd=
              {
                0x7EFF,
                0x06,
                0x09,
                0x00,
                0x00,
                0x02,
                0xFF0F,
                0xEF,
              };
              
              void Mp3SendCmd(void)
              {
                u8 *pD = (u8 *)&Mp3Cmd;
                u8 i;
                Mp3Cmd.Chk = 0;
                for(i=1;i<7;i++)
                {
                  Mp3Cmd.Chk += pD[i];
                }
                Mp3Cmd.Chk = ~Mp3Cmd.Chk;
                Mp3Cmd.Chk++;
                printf("Mp3UartTx: ");
                for(i=0;i<sizeof(Mp3Cmd);i++)
                {
                  printf("%b02X ",pD[i]);
                }
                printf("\r\n");
                Uart4SendBuf(pD,sizeof(Mp3Cmd));
              }
              
              void MP3_SetMode(void)
              {
                Mp3Cmd.Len = 6;
                Mp3Cmd.Cmd = MP3_CMD_SETMODE;
                Mp3Cmd.Para1 = 0;
                Mp3Cmd.Para2 = 2;
                Mp3SendCmd();
              }
              void MP3_SetVolum(void)
              {
                Mp3Cmd.Len = 6;
                Mp3Cmd.Cmd = MP3_CMD_SETVOLUM;
C51 COMPILER V9.57.0.0   AUDIO                                                             08/04/2022 16:30:24 PAGE 2   

                Mp3Cmd.Para1 = 0;
                Mp3Cmd.Para2 = 30;
                Mp3SendCmd();
              }
              
              void MP3_StartPlay(u16 idx)
              {
              //  if(Mp3Busy)
              //  {
              //    return;
              //  }
                Mp3Cmd.Len = 6;
                Mp3Cmd.Cmd = MP3_CMD_PLAY;
                Mp3Cmd.Para1 = (idx>>8)&0xFF;
                Mp3Cmd.Para2 = idx&0xFF;
                PA_PWR_L;
                Mp3SendCmd();
              //  Mp3Busy = true;
              }
              
              void Mp3UartRx(u8 * buf)
              {
                u8 i;
                u16 Chk = 0;
                Mp3CmdType *pTmp = (Mp3CmdType*)buf;
                printf("Mp3UartRx:");
                for(i=0;i<pTmp->Len+4;i++)
                {
                  printf("%b02X ",buf[i]);
                }
                printf("\r\n");
                for(i=1;i<pTmp->Len+1;i++)
                {
                  Chk += buf[i];
                }
                Chk = ~Chk;
                Chk++;
                if((pTmp->St == 0x7EFF) && (pTmp->End == 0xEF) && (Chk == pTmp->Chk))
                {
                  switch(pTmp->Cmd)
                  {
                    case MP3_CMD_PWRON:
                      if(pTmp->Para2 != 2)
                      {
                        MP3_SetMode();
                      }
                      else
                      {
                        //Mp3Busy = false;
                        MP3_SetVolum();
                      }
                      break;
                    case MP3_CMD_RE_STOP:
                      if(((IdleTime > 0) && (IdleTime <= 3)) || ((SysStatus != SYS_TALK) && (SysStatus != SYS_CALL)))
                      {
                        PA_PWR_H;
                      }
                      //Mp3Busy = false;
                      break;
                    case MP3_CMD_RE_ERR:
                      PA_PWR_H;
                      //Mp3Busy = false;
C51 COMPILER V9.57.0.0   AUDIO                                                             08/04/2022 16:30:24 PAGE 3   

                      break;
                  }
                }
              }
              #elif defined PWM_AUDIO
 122          
 123          #include "spi.h"
 124          
 125          void SPI_config(void)
 126          {
 127   1        SPI_InitTypeDef   SPI_InitStructure;
 128   1        SPI_InitStructure.SPI_Module    = ENABLE;           //SPI启动    ENABLE, DISABLE
 129   1        SPI_InitStructure.SPI_SSIG      = DISABLE;          //片选位     ENABLE, DISABLE
 130   1        SPI_InitStructure.SPI_FirstBit  = SPI_MSB;          //移位方向   SPI_MSB, SPI_LSB
 131   1        SPI_InitStructure.SPI_Mode      = SPI_Mode_Master;    //主从选择   SPI_Mode_Master, SPI_Mode_Slave
 132   1        SPI_InitStructure.SPI_CPOL      = SPI_CPOL_Low;    //时钟相位   SPI_CPOL_High,   SPI_CPOL_Low
 133   1        SPI_InitStructure.SPI_CPHA      = SPI_CPHA_1Edge;   //数据边沿   SPI_CPHA_1Edge,  SPI_CPHA_2Edge
 134   1        SPI_InitStructure.SPI_Interrupt = ENABLE;       //中断允许   ENABLE,DISABLE
 135   1        SPI_InitStructure.SPI_Speed     = SPI_Speed_4;      //SPI速度    SPI_Speed_4, SPI_Speed_16, SPI_Speed_64, S
             -PI_Speed_128
 136   1        SPI_InitStructure.SPI_IoUse     = SPI_P54_P40_P41_P43; //IO口切换   SPI_P12_P13_P14_P15, SPI_P22_P23_P24_
             -P25, SPI_P54_P40_P41_P43, SPI_P35_P34_P33_P32
 137   1        SPI_Init(&SPI_InitStructure);
 138   1        
 139   1        SPI_FLASH_CS_DISEN;
 140   1      }
 141          
 142          #define PWMC (*(unsigned int volatile xdata *)0xfff0)
 143          #define PWMCKS (*(unsigned char volatile xdata *)0xfff2)
 144          #define PWM0T1 (*(unsigned int volatile xdata *)0xff00)
 145          #define PWM0T2 (*(unsigned int volatile xdata *)0xff02)
 146          #define PWM0CR (*(unsigned char volatile xdata *)0xff04)
 147          sfr PWMCR = 0xfe;
 148          #define PWM_CYCLE 0x00FF
 149          #define PWM_STOP() {PWMCR = 0;}
 150          #define PWM_START() {PWMCR = 0x80;}
 151          void PWM_config(void)
 152          {
 153   1        EAXSFR();
 154   1        PWMCKS = 0x00;
 155   1        PWMC = PWM_CYCLE;
 156   1        PWM0T1 = 0;
 157   1        PWM0T2 = (PWM_CYCLE/2);
 158   1        PWM0CR = 0x90;
 159   1        EAXRAM();
 160   1        PWM_STOP();
 161   1      }
 162          
 163          #define WAV_BUFLEN 1024
 164          uint8_t WavBuf[2][WAV_BUFLEN];
 165          static uint16_t PlyIdx = 0;
 166          static uint8_t Midx = 0;
 167          uint16_t WavBufLen[2] = {0,0};
 168          uint32_t WavFileAddr = 0;
 169          uint32_t WavFileLen = 0;
 170          uint32_t WavReadIdx = 0;
 171          bool WavNeedRead = false;
 172          bool AudioPlaying = false;
 173          
 174          //WavFileType WavFile[MP3_Last-1]=
 175          //{
 176          //{0,51170},
C51 COMPILER V9.57.0.0   AUDIO                                                             08/04/2022 16:30:24 PAGE 4   

 177          //{51170,77254},
 178          //{128424,133702},
 179          //{262126,72646},
 180          //{334772,42112},
 181          //{376884,51766},
 182          //{428650,64582},
 183          //{493232,67476},
 184          //{560708,56364},
 185          //{617072,210944},
 186          //};
 187          WavFileType WavFile[MP3_Last-1]=
 188          {
 189          #ifdef LANGUAGE_HB  
              {0,68012},
              {68012,53036},
              {121048,46124},
              {167172,57644},
              {224816,58796},
              {283612,50732},
              {334344,58796},
              {393140,55340},
              {448480,42668},
              {491148,192386},
              {683534,34604},
              {718138,36908},
              {755046,57644},
              {812690,24236},
              {836926,62252},
              {899178,73772},
              {972950,12842},
              #else
 208          {0,95338},
 209          {95338,52708},
 210          {148046,43512},
 211          {191558,61902},
 212          {253460,46856},
 213          {300316,49364},
 214          {349680,61066},
 215          {410746,42676},
 216          {453422,50200},
 217          {503622,192386},
 218          {696008,44348},
 219          {740356,33482},
 220          //{773838,51036},
 221          {773838,32646},
 222          {806484,59394},
 223          {865878,95338},
 224          {961216,12842},
 225          {974058,51036},
 226          #endif
 227          };
 228          void WavReadTask(void)
 229          {
 230   1        uint8_t midx;
 231   1      //  uint16_t i,tmp;
 232   1        if(WavNeedRead)
 233   1        {
 234   2          WavNeedRead = false;
 235   2          midx = 1-Midx;
 236   2          if((WavFileLen == 0) || (WavReadIdx == WavFileLen))
 237   2          {
 238   3            MP3_Stop();
C51 COMPILER V9.57.0.0   AUDIO                                                             08/04/2022 16:30:24 PAGE 5   

 239   3            return;
 240   3          }
 241   2          if((WavFileLen-WavReadIdx) >  WAV_BUFLEN)
 242   2          {
 243   3            WavBufLen[midx] = WAV_BUFLEN;
 244   3            WavReadIdx += WAV_BUFLEN;
 245   3          }
 246   2          else
 247   2          {
 248   3            WavBufLen[midx] = WavFileLen-WavReadIdx;
 249   3            WavFileLen = 0;
 250   3            if(((IdleTime > 0) && (IdleTime <= 3)) || ((SysStatus != SYS_TALK) && (SysStatus != SYS_CALL)))
 251   3            {
 252   4              PA_PWR_H;
 253   4            }
 254   3            
 255   3          }
 256   2          SPI_Flash_Read(WavBuf[midx],WavFileAddr+WavReadIdx,WavBufLen[midx]);
 257   2      //    for(i=0;i<WavBufLen[midx];i++)
 258   2      //    {
 259   2      //      tmp = WavBuf[midx][i];
 260   2      //      WavBuf[midx][i] = (tmp*SysPara.TalkVolum*2)/5;
 261   2      //    }
 262   2        }
 263   1      }
 264          
 265          void PWMtask(void)
 266          {
 267   1        //uint16_t tmp;
 268   1        if(PlyIdx < WavBufLen[Midx])
 269   1        {
 270   2          EAXSFR();
 271   2      //    tmp = WavBuf[Midx][PlyIdx+1];
 272   2      //    tmp <<= 8;
 273   2      //    tmp |= WavBuf[Midx][PlyIdx];
 274   2      //    PlyIdx += 2;
 275   2      //    if(tmp < 0){PlyIdx += 2;return;}
 276   2          PWM0T2 = WavBuf[Midx][PlyIdx++];
 277   2          EAXRAM();
 278   2        }
 279   1        else
 280   1        {
 281   2          PlyIdx = 0;
 282   2          Midx = 1-Midx;
 283   2          WavNeedRead = true;
 284   2        }
 285   1      }
 286          
 287          void MP3_StartPlay(uint8_t idx)
 288          {
 289   1        if(!SysPara.ToneEn)
 290   1        {
 291   2          return;
 292   2        }
 293   1      //  PWM_STOP();
 294   1        Timer4_Stop();
 295   1        PA_PWR_L;
 296   1        delay(500);
 297   1        WavFileAddr = WavFile[idx-1].FileAddr;
 298   1        WavFileLen = WavFile[idx-1].FileLen;
 299   1        
 300   1        PlyIdx = 0;
C51 COMPILER V9.57.0.0   AUDIO                                                             08/04/2022 16:30:24 PAGE 6   

 301   1        WavReadIdx = 0;
 302   1        WavBufLen[0] = 0;
 303   1        WavBufLen[1] = 0;
 304   1        
 305   1        Midx = 1;
 306   1        WavNeedRead = true;
 307   1        WavReadTask();
 308   1        
 309   1        Midx = 0;
 310   1        WavNeedRead = true;
 311   1        WavReadTask();
 312   1        
 313   1        PWM_START();
 314   1        Timer4_Run();
 315   1        AudioPlaying = true;
 316   1      }
 317          void MP3_Stop(void)
 318          {
 319   1        if(((IdleTime > 0) && (IdleTime <= 3)) || ((SysStatus != SYS_TALK) && (SysStatus != SYS_CALL)))
 320   1        {
 321   2          PA_PWR_H;
 322   2        }
 323   1        AudioPlaying = false;
 324   1      //  PWM_STOP();
 325   1        Timer4_Stop();
 326   1      }
 327          #endif
 328          
 329          #ifdef KEY_BEEP
 330          
 331          code BeepFileType WavCode[] = {
 332          {3,{3,2,1}},//OK
 333          {5,{1,0,1,0,1}},//Err
 334          {7,{1,1,1,0,1,0,1}},//Unlock
 335          {3,{1,0,1}},//Call
 336          {1,{1,2}},//Key
 337          };
 338          
 339          u8 BeepPlyIdx = 0xFF;
 340          u8 PlyN = 0;
 341          u8 PwmTimer = 0;
 342          bit KeyBeepO = 0;
 343          void Beep_StartPlay(u8 idx)
 344          {
 345   1        switch(idx)
 346   1        {
 347   2          case MP3_InputRoom:
 348   2          case MP3_InputPsw:
 349   2          case MP3_Key:
 350   2            PlyN = 4;
 351   2            break;
 352   2          case MP3_SetOK:
 353   2            PlyN = 0;
 354   2            break;
 355   2          case MP3_Unlock:
 356   2            PlyN = 2;
 357   2            break;
 358   2          case MP3_RoomErr:
 359   2          case MP3_PwdErr:
 360   2          case MP3_CardErr:
 361   2          case MP3_Noresponse:
 362   2            PlyN = 1;
C51 COMPILER V9.57.0.0   AUDIO                                                             08/04/2022 16:30:24 PAGE 7   

 363   2            break;
 364   2          case MP3_Huangup:
 365   2          case MP3_Ring:
 366   2            PlyN = 3;
 367   2            break;
 368   2        }
 369   1        
 370   1        BeepPlyIdx = 0;
 371   1        PwmTimer = 99;
 372   1        KeyBeepTask();
 373   1        KeyBeepO = 1;
 374   1      }
 375          
 376          void KeyBeepTask(void)
 377          {
 378   1        if(BeepPlyIdx != 0xFF)
 379   1        {
 380   2          if(++PwmTimer == 100)
 381   2          {
 382   3            PwmTimer = 0;
 383   3            if(BeepPlyIdx >= WavCode[PlyN].Len)
 384   3            {
 385   4              BeepPlyIdx = 0xFF;
 386   4              KeyBeepO = 0;
 387   4              P62 = 0;
 388   4              return;
 389   4            }
 390   3            KeyBeepO = 1;
 391   3            BeepPlyIdx++;
 392   3          }
 393   2        }
 394   1      }
 395          #endif


MODULE INFORMATION:   STATIC OVERLAYABLE
   CODE SIZE        =    968    ----
   CONSTANT SIZE    =     55    ----
   XDATA SIZE       =   2206      11
   PDATA SIZE       =   ----    ----
   DATA SIZE        =   ----    ----
   IDATA SIZE       =   ----    ----
   BIT SIZE         =      3    ----
END OF MODULE INFORMATION.


C51 COMPILATION COMPLETE.  0 WARNING(S),  0 ERROR(S)
