BL51 BANKED LINKER/LOCATER V6.22.2.0                                                    08/04/2022  16:30:25  PAGE 1


BL51 BANKED LINKER/LOCATER V6.22.2.0, INVOKED BY:
D:\KEIL-C51\C51\BIN\BL51.EXE .\Objects\STARTUP.obj, .\Objects\main.obj, .\Objects\Driver.obj, .\Objects\LCD12864.obj, .\
>> Objects\GSM.obj, .\Objects\NameList.obj, .\Objects\Eeprom.obj, .\Objects\SysStatus.obj, .\Objects\UnlockPassword.obj,
>>  .\Objects\SysString.obj, .\Objects\Card.obj, .\Objects\CardRead.obj, .\Objects\Audio.obj, .\Objects\UART.obj, .\Obje
>> cts\timer.obj, .\Objects\GPIO.obj, .\Objects\Exti.obj, .\Objects\spi.obj TO .\Objects\GSM PRINT (.\Listings\GSM.m51) 
>> RAMSIZE (256)


MEMORY MODEL: LARGE


INPUT MODULES INCLUDED:
  .\Objects\STARTUP.obj (?C_STARTUP)
  .\Objects\main.obj (MAIN)
  .\Objects\Driver.obj (DRIVER)
  .\Objects\LCD12864.obj (LCD12864)
  .\Objects\GSM.obj (GSM)
  .\Objects\NameList.obj (NAMELIST)
  .\Objects\Eeprom.obj (EEPROM)
  .\Objects\SysStatus.obj (SYSSTATUS)
  .\Objects\UnlockPassword.obj (UNLOCKPASSWORD)
  .\Objects\SysString.obj (SYSSTRING)
  .\Objects\Card.obj (CARD)
  .\Objects\CardRead.obj (CARDREAD)
  .\Objects\Audio.obj (AUDIO)
  .\Objects\UART.obj (UART)
  .\Objects\timer.obj (TIMER)
  .\Objects\GPIO.obj (GPIO)
  .\Objects\Exti.obj (EXTI)
  .\Objects\spi.obj (SPI)
  D:\KEIL-C51\C51\LIB\C51L.LIB (?C_INIT)
  D:\KEIL-C51\C51\LIB\C51L.LIB (?C?COPY)
  D:\KEIL-C51\C51\LIB\C51L.LIB (?C?CLDPTR)
  D:\KEIL-C51\C51\LIB\C51L.LIB (?C?CLDOPTR)
  D:\KEIL-C51\C51\LIB\C51L.LIB (?C?CSTPTR)
  D:\KEIL-C51\C51\LIB\C51L.LIB (?C?CSTOPTR)
  D:\KEIL-C51\C51\LIB\C51L.LIB (?C?IMUL)
  D:\KEIL-C51\C51\LIB\C51L.LIB (?C?UIDIV)
  D:\KEIL-C51\C51\LIB\C51L.LIB (?C?IILDX)
  D:\KEIL-C51\C51\LIB\C51L.LIB (?C?ILDIX)
  D:\KEIL-C51\C51\LIB\C51L.LIB (?C?ILDPTR)
  D:\KEIL-C51\C51\LIB\C51L.LIB (?C?ILDOPTR)
  D:\KEIL-C51\C51\LIB\C51L.LIB (?C?LMUL)
  D:\KEIL-C51\C51\LIB\C51L.LIB (?C?ULDIV)
  D:\KEIL-C51\C51\LIB\C51L.LIB (?C?ULCMP)
  D:\KEIL-C51\C51\LIB\C51L.LIB (?C?ULSHR)
  D:\KEIL-C51\C51\LIB\C51L.LIB (?C?LSHL)
  D:\KEIL-C51\C51\LIB\C51L.LIB (?C?LLDOPTR)
  D:\KEIL-C51\C51\LIB\C51L.LIB (?C?LLDOPTR0)
  D:\KEIL-C51\C51\LIB\C51L.LIB (?C?LSTXDATA)
  D:\KEIL-C51\C51\LIB\C51L.LIB (?C?LSTKXDATA)
  D:\KEIL-C51\C51\LIB\C51L.LIB (?C?OFFXADD)
  D:\KEIL-C51\C51\LIB\C51L.LIB (?C?CCASE)
  D:\KEIL-C51\C51\LIB\C51L.LIB (?C?ICALL)
  D:\KEIL-C51\C51\LIB\C51L.LIB (PRINTF)
  D:\KEIL-C51\C51\LIB\C51L.LIB (SCANF)
  D:\KEIL-C51\C51\LIB\C51L.LIB (?C?ISTPTR)
  D:\KEIL-C51\C51\LIB\C51L.LIB (?C?LNEG)
BL51 BANKED LINKER/LOCATER V6.22.2.0                                                  08/04/2022  16:30:25  PAGE 2


  D:\KEIL-C51\C51\LIB\C51L.LIB (?C?LSTPTR)
  D:\KEIL-C51\C51\LIB\C51L.LIB (?C?LLDIDATA)
  D:\KEIL-C51\C51\LIB\C51L.LIB (?C?LLDXDATA)
  D:\KEIL-C51\C51\LIB\C51L.LIB (?C?LLDPDATA)
  D:\KEIL-C51\C51\LIB\C51L.LIB (?C?LLDCODE)
  D:\KEIL-C51\C51\LIB\C51L.LIB (?C?LLDIDATA0)
  D:\KEIL-C51\C51\LIB\C51L.LIB (?C?LLDXDATA0)
  D:\KEIL-C51\C51\LIB\C51L.LIB (?C?LLDPDATA0)
  D:\KEIL-C51\C51\LIB\C51L.LIB (?C?LLDCODE0)
  D:\KEIL-C51\C51\LIB\C51L.LIB (?C?PLDXDATA)
  D:\KEIL-C51\C51\LIB\C51L.LIB (?C?PLDIXDATA)
  D:\KEIL-C51\C51\LIB\C51L.LIB (?C?PILDXDATA)
  D:\KEIL-C51\C51\LIB\C51L.LIB (?C?PSTXDATA)
  D:\KEIL-C51\C51\LIB\C51L.LIB (GETCHAR)
  D:\KEIL-C51\C51\LIB\C51L.LIB (UNGETC)
  D:\KEIL-C51\C51\LIB\C51L.LIB (ISSPACE)
  D:\KEIL-C51\C51\LIB\C51L.LIB (?C?LSTIDATA)
  D:\KEIL-C51\C51\LIB\C51L.LIB (?C?LSTPDATA)
  D:\KEIL-C51\C51\LIB\C51L.LIB (_GETKEY)


LINK MAP OF MODULE:  .\Objects\GSM (?C_STARTUP)


            TYPE    BASE      LENGTH    RELOCATION   SEGMENT NAME
            -----------------------------------------------------

            * * * * * * *   D A T A   M E M O R Y   * * * * * * *
            REG     0000H     0008H     ABSOLUTE     "REG BANK 0"
            DATA    0008H     0005H     UNIT         _DATA_GROUP_
                    000DH     0013H                  *** GAP ***
            BIT     0020H.0   0001H.2   UNIT         _BIT_GROUP_
            BIT     0021H.2   0000H.3   UNIT         ?BI?GSM
            BIT     0021H.5   0000H.3   UNIT         ?BI?UNLOCKPASSWORD
            BIT     0022H.0   0000H.3   UNIT         ?BI?CARDREAD
            BIT     0022H.3   0000H.3   UNIT         ?BI?AUDIO
            BIT     0022H.6   0000H.2   UNIT         ?BI?LCD12864
            BIT     0023H.0   0000H.2   UNIT         ?BI?CARD
            BIT     0023H.2   0000H.1   UNIT         ?BI?NAMELIST
            BIT     0023H.3   0000H.1   UNIT         ?BI?TIMER
            BIT     0023H.4   0000H.1   UNIT         ?BI?SPI
            BIT     0023H.5   0000H.1   UNIT         ?BI?GETCHAR
                    0023H.6   0000H.2                *** GAP ***
            IDATA   0024H     0001H     UNIT         ?STACK

            * * * * * * *  X D A T A   M E M O R Y  * * * * * * *
            XDATA   0000H     089EH     UNIT         ?XD?AUDIO
            XDATA   089EH     0406H     UNIT         ?XD?LCD12864
            XDATA   0CA4H     03D8H     UNIT         ?XD?UART
            XDATA   107CH     00D1H     UNIT         _XDATA_GROUP_
            XDATA   114DH     0086H     UNIT         ?XD?SYSSTATUS
            XDATA   11D3H     0082H     UNIT         ?XD?SPI
            XDATA   1255H     0056H     UNIT         ?XD?GSM
            XDATA   12ABH     0056H     UNIT         ?XD?NAMELIST
            XDATA   1301H     0052H     UNIT         ?XD?CARDREAD
            XDATA   1353H     0014H     UNIT         ?XD?SYSSTRING
            XDATA   1367H     000CH     UNIT         ?XD?UNLOCKPASSWORD
BL51 BANKED LINKER/LOCATER V6.22.2.0                                                  08/04/2022  16:30:25  PAGE 3


            XDATA   1373H     000BH     UNIT         ?XD?DRIVER
            XDATA   137EH     0008H     UNIT         ?XD?CARD
            XDATA   1386H     0003H     UNIT         ?XD?MAIN
            XDATA   1389H     0003H     UNIT         ?XD?_DISPLAYCSQ?LCD12864
            XDATA   138CH     0001H     UNIT         ?XD?TIMER
            XDATA   138DH     0001H     UNIT         ?XD?GETCHAR

            * * * * * * *   C O D E   M E M O R Y   * * * * * * *
            CODE    0000H     0003H     ABSOLUTE     
            CODE    0003H     0003H     ABSOLUTE     
                    0006H     0005H                  *** GAP ***
            CODE    000BH     0003H     ABSOLUTE     
            CODE    000EH     000AH     UNIT         ?PR?CLEARNAMELIST?NAMELIST
                    0018H     0003H                  *** GAP ***
            CODE    001BH     0003H     ABSOLUTE     
                    001EH     0005H                  *** GAP ***
            CODE    0023H     0003H     ABSOLUTE     
            CODE    0026H     0025H     UNIT         ?PR?EDITNAMEITEMCON?NAMELIST
            CODE    004BH     0003H     ABSOLUTE     
            CODE    004EH     003DH     UNIT         ?PR?TIMER0_INT?TIMER
            CODE    008BH     0003H     ABSOLUTE     
            CODE    008EH     0015H     UNIT         ?PR?IIC_NACK?EEPROM
            CODE    00A3H     0003H     ABSOLUTE     
            CODE    00A6H     0840H     UNIT         ?CO?LCD12864
            CODE    08E6H     0598H     UNIT         ?C?LIB_CODE
            CODE    0E7EH     04E4H     UNIT         ?PR?_REVNAMELIST?NAMELIST
            CODE    1362H     04E1H     UNIT         ?PR?CHECKRFIDCARD?CARDREAD
            CODE    1843H     048AH     UNIT         ?PR?_MODEMRECEIVEHANDLE?GSM
            CODE    1CCDH     044CH     UNIT         ?PR?_UART_CONFIGURATION?UART
            CODE    2119H     0425H     UNIT         ?PR?_PSWEDITKEY?UNLOCKPASSWORD
            CODE    253EH     03F6H     UNIT         ?PR?_NAMEEDITKEY?NAMELIST
            CODE    2934H     037AH     UNIT         ?CO?SYSSTRING
            CODE    2CAEH     0365H     UNIT         ?PR?PRINTF?PRINTF
            CODE    3013H     0336H     UNIT         ?PR?GSM_INITTASK?GSM
            CODE    3349H     0331H     UNIT         ?PR?_SHOWPSW?UNLOCKPASSWORD
            CODE    367AH     032BH     UNIT         ?CO?GSM
            CODE    39A5H     0322H     UNIT         ?PR?SCANF?SCANF
            CODE    3CC7H     02C1H     UNIT         ?PR?_SYSPSWEDITKEY?UNLOCKPASSWORD
            CODE    3F88H     027FH     UNIT         ?PR?_SHOWCARD?CARD
            CODE    4207H     026EH     UNIT         ?PR?MAIN?MAIN
            CODE    4475H     0256H     UNIT         ?PR?_SHOWNAME?NAMELIST
            CODE    46CBH     0254H     UNIT         ?PR?_GPIO_INILIZE?GPIO
            CODE    491FH     022FH     UNIT         ?PR?_NAMEDELETEKEY?NAMELIST
            CODE    4B4EH     021EH     UNIT         ?C_INITSEG
            CODE    4D6CH     0215H     UNIT         ?PR?SHOWSUBPARA?SYSSTATUS
            CODE    4F81H     01F0H     UNIT         ?PR?_TIMER_INILIZE?TIMER
            CODE    5171H     01CEH     UNIT         ?PR?_SAVESUBPARA?SYSSTATUS
            CODE    533FH     01B8H     UNIT         ?PR?_CARDDELETEKEY?CARD
            CODE    54F7H     01B2H     UNIT         ?PR?_CARDEDITKEY?CARD
            CODE    56A9H     01AAH     UNIT         ?PR?_PSWDELETEKEY?UNLOCKPASSWORD
            CODE    5853H     0188H     UNIT         ?PR?_SYSSUBSETKEY?SYSSTATUS
            CODE    59DBH     0183H     UNIT         ?PR?WAVREADTASK?AUDIO
            CODE    5B5EH     0180H     UNIT         ?PR?_SYSKEY?SYSSTATUS
            CODE    5CDEH     017AH     UNIT         ?PR?_ATCMDCB_CPIN?GSM
            CODE    5E58H     0172H     UNIT         ?PR?_SUBSETCON?SYSSTATUS
            CODE    5FCAH     0170H     UNIT         ?PR?_ATCMDCB_CREG?GSM
            CODE    613AH     0169H     UNIT         ?PR?_ATCMDCB_CSQ?GSM
BL51 BANKED LINKER/LOCATER V6.22.2.0                                                  08/04/2022  16:30:25  PAGE 4


            CODE    62A3H     0153H     UNIT         ?PR?INITSYSPARA?SYSSTATUS
            CODE    63F6H     014DH     UNIT         ?PR?_WRITELCD?LCD12864
            CODE    6543H     014CH     UNIT         ?PR?_SYSIDLEKEY?SYSSTATUS
            CODE    668FH     0148H     UNIT         ?PR?_PSWINPUTKEY?UNLOCKPASSWORD
            CODE    67D7H     0142H     UNIT         ?PR?SKEYSCAN?DRIVER
            CODE    6919H     0121H     UNIT         ?PR?_GSMUARTCMD?GSM
            CODE    6A3AH     011EH     UNIT         ?PR?KEYSCAN?DRIVER
            CODE    6B58H     010DH     UNIT         ?PR?CARDIRQ?CARDREAD
            CODE    6C65H     0104H     UNIT         ?PR?_SYSINPUTROOM?SYSSTATUS
            CODE    6D69H     0100H     UNIT         ?PR?_INPUTSYSPSW?SYSSTATUS
            CODE    6E69H     00FDH     UNIT         ?CO?NAMELIST
            CODE    6F66H     00F8H     UNIT         ?PR?_LOOKFORSTR?DRIVER
            CODE    705EH     00ECH     UNIT         ?PR?_CALLBYNAMEITEM?NAMELIST
            CODE    714AH     00E8H     UNIT         ?PR?GPIO_CONFIG?DRIVER
            CODE    7232H     00DEH     UNIT         ?PR?_SHOWMAIN?SYSSTRING
            CODE    7310H     00DEH     UNIT         ?PR?_ADDCARDITEM?CARD
            CODE    73EEH     00DDH     UNIT         ?CO?SYSSTATUS
            CODE    74CBH     00D1H     UNIT         ?PR?_SYSSETTINGKEY?SYSSTATUS
            CODE    759CH     00C0H     UNIT         ?PR?NAMEEDITCHAGETYPE?NAMELIST
            CODE    765CH     00A1H     UNIT         ?PR?INITUSERPARA?SYSSTATUS
            CODE    76FDH     00A0H     UNIT         ?PR?_CHECKCARD?CARD
            CODE    779DH     009AH     UNIT         ?PR?UART3_INT?UART
            CODE    7837H     0099H     UNIT         ?PR?_SPI_FLASH_READ?SPI
            CODE    78D0H     0098H     UNIT         ?PR?_SPI_INIT?SPI
            CODE    7968H     0095H     UNIT         ?PR?_MP3_STARTPLAY?AUDIO
            CODE    79FDH     008EH     UNIT         ?PR?UART1_INT?UART
            CODE    7A8BH     008CH     UNIT         ?C_C51STARTUP
            CODE    7B17H     008BH     UNIT         ?PR?_DISPLAYFL?LCD12864
            CODE    7BA2H     008BH     UNIT         ?PR?_WRITEBUF_AT24C02?EEPROM
            CODE    7C2DH     0085H     UNIT         ?PR?_GETIDXBYROOM?SYSSTATUS
            CODE    7CB2H     0085H     UNIT         ?PR?SHOWGSMCSQ?SYSSTRING
            CODE    7D37H     0084H     UNIT         ?PR?SHOWINPUTPSW?SYSSTATUS
            CODE    7DBBH     0083H     UNIT         ?PR?_GSM_SETVOLUM?GSM
            CODE    7E3EH     0080H     UNIT         ?PR?_ADDPSWITEM?UNLOCKPASSWORD
            CODE    7EBEH     007CH     UNIT         ?PR?_BITBLT?LCD12864
            CODE    7F3AH     0079H     UNIT         ?PR?_BEEP_STARTPLAY?AUDIO
            CODE    7FB3H     0078H     UNIT         ?PR?_CHECKPSW?UNLOCKPASSWORD
            CODE    802BH     0077H     UNIT         ?PR?_ADDNAMEITEM?NAMELIST
            CODE    80A2H     0077H     UNIT         ?PR?PWMTASK?AUDIO
            CODE    8119H     0070H     UNIT         ?PR?_WRITELCDICO?LCD12864
            CODE    8189H     006FH     UNIT         ?PR?_DELNAMEITEMBYIDX?NAMELIST
            CODE    81F8H     006FH     UNIT         ?PR?NAMESETCON?NAMELIST
            CODE    8267H     006FH     UNIT         ?PR?_DELPSWBYIDX?UNLOCKPASSWORD
            CODE    82D6H     006FH     UNIT         ?PR?PSWSETCON?UNLOCKPASSWORD
            CODE    8345H     006FH     UNIT         ?PR?_DELCARDBYIDX?CARD
            CODE    83B4H     006FH     UNIT         ?PR?CARDSETCON?CARD
            CODE    8423H     006CH     UNIT         ?PR?SHOWINPUTROOM?SYSSTATUS
            CODE    848FH     006BH     UNIT         ?PR?_DISPLAYCSQ?LCD12864
            CODE    84FAH     006BH     UNIT         ?PR?_SYSCARD?SYSSTATUS
            CODE    8565H     0064H     UNIT         ?PR?_GSM_CALL?GSM
            CODE    85C9H     0063H     UNIT         ?PR?_READBUF_AT24C02?EEPROM
            CODE    862CH     0063H     UNIT         ?PR?_EXT_INILIZE?EXTI
            CODE    868FH     005AH     UNIT         ?PR?_HS_STRCPY?DRIVER
            CODE    86E9H     0056H     UNIT         ?PR?UART_CONFIG?DRIVER
            CODE    873FH     0054H     UNIT         ?PR?_READROOMBYIDX?SYSSTATUS
            CODE    8793H     004FH     UNIT         ?PR?TIMER_CONFIG?DRIVER
            CODE    87E2H     004BH     UNIT         ?PR?_SYSTALKKEY?SYSSTATUS
BL51 BANKED LINKER/LOCATER V6.22.2.0                                                  08/04/2022  16:30:25  PAGE 5


            CODE    882DH     0049H     UNIT         ?PR?_GETNAMEITEMBYROOM?NAMELIST
            CODE    8876H     0049H     UNIT         ?PR?SPI_TRANSIVION?SPI
            CODE    88BFH     0048H     UNIT         ?PR?UARTTASK?UART
            CODE    8907H     0044H     UNIT         ?PR?_HS_MEMCPY?DRIVER
            CODE    894BH     0042H     UNIT         ?PR?SHOWTALKTIME?SYSSTRING
            CODE    898DH     0040H     UNIT         ?PR?KEYBEEPTASK?AUDIO
            CODE    89CDH     0040H     UNIT         ?PR?EXT_INT0?EXTI
            CODE    8A0DH     003BH     UNIT         ?PR?_WRITENAMEITEMBYIDX?NAMELIST
            CODE    8A48H     003BH     UNIT         ?PR?_CARDEDITCARDIN?CARD
            CODE    8A83H     003BH     UNIT         ?PR?TIMER4_INT?TIMER
            CODE    8ABEH     0039H     UNIT         ?PR?_IIC_SEND_BYTE?EEPROM
            CODE    8AF7H     0038H     UNIT         ?PR?SYSSETTINGCON?SYSSTATUS
            CODE    8B2FH     0037H     UNIT         ?CO?AUDIO
            CODE    8B66H     0035H     UNIT         ?CO?DRIVER
            CODE    8B9BH     0033H     UNIT         ?PR?DELETECARDCON?CARD
            CODE    8BCEH     0033H     UNIT         ?PR?_PRINTSTRING3?UART
            CODE    8C01H     0032H     UNIT         ?PR?FLASHTASK?LCD12864
            CODE    8C33H     0032H     UNIT         ?PR?CARDMSTASK?CARDREAD
            CODE    8C65H     0031H     UNIT         ?PR?_WRITECARDBYIDX?CARD
            CODE    8C96H     0031H     UNIT         ?PR?_READCARDBYIDX?CARD
            CODE    8CC7H     0030H     UNIT         ?PR?_READNAMEITEMBYIDX?NAMELIST
            CODE    8CF7H     002FH     UNIT         ?PR?_ATCMDCB_AT?GSM
            CODE    8D26H     002FH     UNIT         ?PR?_ATCMDCB_CLCC?GSM
            CODE    8D55H     002FH     UNIT         ?PR?_INPUTROOMCON?SYSSTATUS
            CODE    8D84H     002FH     UNIT         ?PR?MP3_STOP?AUDIO
            CODE    8DB3H     002EH     UNIT         ?PR?_MEMISEMPTY?DRIVER
            CODE    8DE1H     002EH     UNIT         ?PR?IIC_READ_BYTE?EEPROM
            CODE    8E0FH     002CH     UNIT         ?PR?_CLEARBUF?DRIVER
            CODE    8E3BH     002CH     UNIT         ?PR?TIMER1_INT?TIMER
            CODE    8E67H     002BH     UNIT         ?PR?_GSM_SEND_DTMF?GSM
            CODE    8E92H     002AH     UNIT         ?PR?GSM_GETCSQ?GSM
            CODE    8EBCH     0029H     UNIT         ?PR?SYSIDLECON?SYSSTATUS
            CODE    8EE5H     0029H     UNIT         ?CO?UNLOCKPASSWORD
            CODE    8F0EH     0029H     UNIT         ?PR?_DELCARDBYCARD?CARD
            CODE    8F37H     0029H     UNIT         ?PR?SPI_CONFIG?AUDIO
            CODE    8F60H     0028H     UNIT         ?PR?_WRITEPSWBYIDX?UNLOCKPASSWORD
            CODE    8F88H     0028H     UNIT         ?PR?PWM_CONFIG?AUDIO
            CODE    8FB0H     0028H     UNIT         ?PR?_TX3_WRITE2BUFF?UART
            CODE    8FD8H     0027H     UNIT         ?CO?CARD
            CODE    8FFFH     0027H     UNIT         ?PR?_TX1_WRITE2BUFF?UART
            CODE    9026H     0026H     UNIT         ?PR?_DELAY?DRIVER
            CODE    904CH     0026H     UNIT         ?PR?_STRLEN?DRIVER
            CODE    9072H     0025H     UNIT         ?PR?DELETENAMECON?NAMELIST
            CODE    9097H     0025H     UNIT         ?PR?IIC_ACK?EEPROM
            CODE    90BCH     0025H     UNIT         ?PR?_DELPSWBYROOM?UNLOCKPASSWORD
            CODE    90E1H     0025H     UNIT         ?PR?EDITPSWCON?UNLOCKPASSWORD
            CODE    9106H     0025H     UNIT         ?PR?DELETEPSWCON?UNLOCKPASSWORD
            CODE    912BH     0025H     UNIT         ?PR?EDITSYSPSWCON?UNLOCKPASSWORD
            CODE    9150H     0025H     UNIT         ?PR?_DELCARDBYROOM?CARD
            CODE    9175H     0025H     UNIT         ?PR?EDITCARDCON?CARD
            CODE    919AH     0024H     UNIT         ?CO?MAIN
            CODE    91BEH     0024H     UNIT         ?PR?INIT_12864?LCD12864
            CODE    91E2H     0024H     UNIT         ?PR?GSM_REPOWER?GSM
            CODE    9206H     0024H     UNIT         ?PR?INPUTPSWCON?UNLOCKPASSWORD
            CODE    922AH     0023H     UNIT         ?PR?SAVENAMECOUNT?NAMELIST
            CODE    924DH     0023H     UNIT         ?PR?SAVEPSWCOUNT?UNLOCKPASSWORD
            CODE    9270H     0023H     UNIT         ?PR?SAVECARDCOUNT?CARD
BL51 BANKED LINKER/LOCATER V6.22.2.0                                                  08/04/2022  16:30:25  PAGE 6


            CODE    9293H     0022H     UNIT         ?PR?_LCD_WDAT?LCD12864
            CODE    92B5H     0022H     UNIT         ?PR?GSM_STARTINIT?GSM
            CODE    92D7H     0022H     UNIT         ?PR?_SHOWNAMEBYIDX?NAMELIST
            CODE    92F9H     0021H     UNIT         ?PR?_NAMESETKEY?NAMELIST
            CODE    931AH     0021H     UNIT         ?PR?_PSWSETKEY?UNLOCKPASSWORD
            CODE    933BH     0021H     UNIT         ?PR?_CARDSETKEY?CARD
            CODE    935CH     0020H     UNIT         ?PR?_UNLOCK?DRIVER
            CODE    937CH     0020H     UNIT         ?CO?CARDREAD
            CODE    939CH     001DH     UNIT         ?PR?LCD_BUSY?LCD12864
            CODE    93B9H     001DH     UNIT         ?PR?_CHECKUNICODE?LCD12864
            CODE    93D6H     001DH     UNIT         ?PR?INPUTSYSPSWCON?SYSSTATUS
            CODE    93F3H     001DH     UNIT         ?PR?_READPSWBYIDX?UNLOCKPASSWORD
            CODE    9410H     001DH     UNIT         ?PR?SAVESYSPSW?UNLOCKPASSWORD
            CODE    942DH     001BH     UNIT         ?PR?LCDCLEAR?LCD12864
            CODE    9448H     001BH     UNIT         ?PR?_SPI_READWRITEBYTE?SPI
            CODE    9463H     001AH     UNIT         ?PR?CARDREADINIT?CARDREAD
            CODE    947DH     0019H     UNIT         ?PR?EXTI_CONFIG?DRIVER
            CODE    9496H     0019H     UNIT         ?PR?RELAYTASK?DRIVER
            CODE    94AFH     0019H     UNIT         ?PR?GSM_HUANGUP?GSM
            CODE    94C8H     0019H     UNIT         ?PR?SHOWUNLOCK?SYSSTRING
            CODE    94E1H     0019H     UNIT         ?PR?UART1CLEAR?UART
            CODE    94FAH     0019H     UNIT         ?PR?UART3CLEAR?UART
            CODE    9513H     0018H     UNIT         ?PR?_LCD_WCMD?LCD12864
            CODE    952BH     0017H     UNIT         ?PR?_NAMEDELALLKEY?NAMELIST
            CODE    9542H     0017H     UNIT         ?PR?_PSWDELALLKEY?UNLOCKPASSWORD
            CODE    9559H     0017H     UNIT         ?PR?_CARDDELALLKEY?CARD
            CODE    9570H     0016H     UNIT         ?PR?_HBSTRLEN?DRIVER
            CODE    9586H     0016H     UNIT         ?PR?_DISPLAYSTRING?LCD12864
            CODE    959CH     0016H     UNIT         ?PR?DELETEALLNAMECON?NAMELIST
            CODE    95B2H     0016H     UNIT         ?PR?IIC_START?EEPROM
            CODE    95C8H     0016H     UNIT         ?PR?IIC_STOP?EEPROM
            CODE    95DEH     0016H     UNIT         ?PR?DELETEALLPSWCON?UNLOCKPASSWORD
            CODE    95F4H     0016H     UNIT         ?PR?DELETEALLCARDCON?CARD
            CODE    960AH     0015H     UNIT         ?PR?SHOWSAVEOK?SYSSTRING
            CODE    961FH     0015H     UNIT         ?PR?SHOWERR?SYSSTRING
            CODE    9634H     0015H     UNIT         ?PR?SHOWDELETEOK?SYSSTRING
            CODE    9649H     0015H     UNIT         ?PR?SHOWCARDERR?SYSSTRING
            CODE    965EH     0015H     UNIT         ?PR?SHOWGSMERR?SYSSTRING
            CODE    9673H     0014H     UNIT         ?PR?GETCHAR?GETCHAR
            CODE    9687H     0014H     UNIT         ?PR?_ISSPACE?ISSPACE
            CODE    969BH     0013H     UNIT         ?PR?INITNAMELIST?NAMELIST
            CODE    96AEH     0013H     UNIT         ?PR?IIC_AACK?EEPROM
            CODE    96C1H     0013H     UNIT         ?PR?INITPSW?UNLOCKPASSWORD
            CODE    96D4H     0013H     UNIT         ?PR?INITCARD?CARD
            CODE    96E7H     0012H     UNIT         ?PR?_DISPLAYICO?LCD12864
            CODE    96F9H     0012H     UNIT         ?PR?_IIC_DELAYMS?EEPROM
            CODE    970BH     0011H     UNIT         ?PR?_DELNAMEITEMBYROOM?NAMELIST
            CODE    971CH     0010H     UNIT         ?PR?LCDADDROW?LCD12864
            CODE    972CH     0010H     UNIT         ?PR?SHOWCONFIRMSAVE?SYSSTRING
            CODE    973CH     0010H     UNIT         ?PR?SHOWCONFIRMDEL?SYSSTRING
            CODE    974CH     0010H     UNIT         ?PR?SHOWROOMERR?SYSSTRING
            CODE    975CH     0010H     UNIT         ?PR?SHOWRESET?SYSSTRING
            CODE    976CH     000EH     UNIT         ?PR?_PUTCHAR?DRIVER
            CODE    977AH     000AH     UNIT         ?PR?CLEARPSW?UNLOCKPASSWORD
            CODE    9784H     000AH     UNIT         ?PR?CLEARCARD?CARD
            CODE    978EH     000AH     UNIT         ?PR?_GETKEY?_GETKEY
            CODE    9798H     0009H     UNIT         ?PR?_SETFLASH?LCD12864
BL51 BANKED LINKER/LOCATER V6.22.2.0                                                  08/04/2022  16:30:25  PAGE 7


            CODE    97A1H     0008H     UNIT         ?PR?GETCHAR?UNGETCHAR



OVERLAY MAP OF MODULE:   .\Objects\GSM (?C_STARTUP)


SEGMENT                                       BIT_GROUP          DATA_GROUP          XDATA_GROUP
  +--> CALLED SEGMENT                      START    LENGTH     START    LENGTH     START    LENGTH
--------------------------------------------------------------------------------------------------
?C_C51STARTUP                              -----    -----      -----    -----      -----    -----
  +--> ?PR?MAIN?MAIN
  +--> ?C_INITSEG

?PR?MAIN?MAIN                              -----    -----      -----    -----      -----    -----
  +--> ?PR?_DELAY?DRIVER
  +--> ?PR?GPIO_CONFIG?DRIVER
  +--> ?PR?TIMER_CONFIG?DRIVER
  +--> ?PR?UART_CONFIG?DRIVER
  +--> ?PR?EXTI_CONFIG?DRIVER
  +--> ?PR?SPI_CONFIG?AUDIO
  +--> ?PR?PWM_CONFIG?AUDIO
  +--> ?PR?INIT_12864?LCD12864
  +--> ?PR?INITSYSPARA?SYSSTATUS
  +--> ?PR?INITUSERPARA?SYSSTATUS
  +--> ?PR?GSM_STARTINIT?GSM
  +--> ?PR?CARDREADINIT?CARDREAD
  +--> ?PR?SYSIDLECON?SYSSTATUS
  +--> ?PR?_MP3_STARTPLAY?AUDIO
  +--> ?PR?_REVNAMELIST?NAMELIST
  +--> ?PR?UART1CLEAR?UART
  +--> ?CO?MAIN
  +--> ?PR?PRINTF?PRINTF
  +--> ?PR?_GSMUARTCMD?GSM
  +--> ?PR?UART3CLEAR?UART
  +--> ?PR?WAVREADTASK?AUDIO
  +--> ?PR?_UNLOCK?DRIVER
  +--> ?PR?UARTTASK?UART
  +--> ?PR?KEYSCAN?DRIVER
  +--> ?PR?_BEEP_STARTPLAY?AUDIO
  +--> ?PR?_SYSKEY?SYSSTATUS
  +--> ?PR?SKEYSCAN?DRIVER
  +--> ?PR?CARDMSTASK?CARDREAD
  +--> ?PR?GSM_INITTASK?GSM
  +--> ?PR?FLASHTASK?LCD12864
  +--> ?PR?RELAYTASK?DRIVER
  +--> ?PR?SHOWTALKTIME?SYSSTRING
  +--> ?PR?GSM_HUANGUP?GSM
  +--> ?PR?_SHOWMAIN?SYSSTRING
  +--> ?PR?_NAMEEDITKEY?NAMELIST
  +--> ?PR?CHECKRFIDCARD?CARDREAD
  +--> ?PR?_SYSCARD?SYSSTATUS

?PR?GPIO_CONFIG?DRIVER                     -----    -----      -----    -----      107CH    0002H
  +--> ?PR?_GPIO_INILIZE?GPIO

?PR?TIMER_CONFIG?DRIVER                    -----    -----      -----    -----      107CH    0008H
BL51 BANKED LINKER/LOCATER V6.22.2.0                                                  08/04/2022  16:30:25  PAGE 8


  +--> ?PR?_TIMER_INILIZE?TIMER

?PR?UART_CONFIG?DRIVER                     -----    -----      -----    -----      107CH    000CH
  +--> ?PR?_UART_CONFIGURATION?UART
  +--> ?CO?DRIVER
  +--> ?PR?PRINTF?PRINTF
  +--> ?PR?_TX3_WRITE2BUFF?UART

?PR?_UART_CONFIGURATION?UART               -----    -----      -----    -----      1088H    000AH

?PR?PRINTF?PRINTF                          0020H.1  0001H.1    0008H    0005H      1124H    0028H
  +--> ?PR?_PUTCHAR?DRIVER

?PR?_PUTCHAR?DRIVER                        -----    -----      -----    -----      114CH    0001H
  +--> ?PR?_TX1_WRITE2BUFF?UART

?PR?EXTI_CONFIG?DRIVER                     -----    -----      -----    -----      107CH    0003H
  +--> ?PR?_EXT_INILIZE?EXTI

?PR?SPI_CONFIG?AUDIO                       -----    -----      -----    -----      107CH    0009H
  +--> ?PR?_SPI_INIT?SPI

?PR?INIT_12864?LCD12864                    -----    -----      -----    -----      -----    -----
  +--> ?PR?_LCD_WCMD?LCD12864

?PR?_LCD_WCMD?LCD12864                     -----    -----      -----    -----      -----    -----
  +--> ?PR?LCD_BUSY?LCD12864

?PR?LCD_BUSY?LCD12864                      0020H.2  0000H.1    -----    -----      -----    -----

?PR?INITSYSPARA?SYSSTATUS                  0020H.0  0000H.1    -----    -----      -----    -----
  +--> ?PR?_READBUF_AT24C02?EEPROM
  +--> ?PR?_CLEARBUF?DRIVER
  +--> ?PR?_WRITEBUF_AT24C02?EEPROM
  +--> ?CO?SYSSTATUS
  +--> ?PR?PRINTF?PRINTF

?PR?_READBUF_AT24C02?EEPROM                -----    -----      -----    -----      1125H    0008H
  +--> ?PR?IIC_ACK?EEPROM
  +--> ?PR?_IIC_SEND_BYTE?EEPROM
  +--> ?PR?IIC_START?EEPROM
  +--> ?PR?IIC_READ_BYTE?EEPROM
  +--> ?PR?IIC_AACK?EEPROM
  +--> ?PR?IIC_NACK?EEPROM
  +--> ?PR?IIC_STOP?EEPROM

?PR?IIC_ACK?EEPROM                         -----    -----      -----    -----      -----    -----
  +--> ?PR?IIC_START?EEPROM
  +--> ?PR?_IIC_SEND_BYTE?EEPROM

?PR?_CLEARBUF?DRIVER                       -----    -----      -----    -----      1124H    0003H

?PR?_WRITEBUF_AT24C02?EEPROM               -----    -----      -----    -----      1125H    0007H
  +--> ?PR?_IIC_SEND_BYTE?EEPROM
  +--> ?PR?IIC_ACK?EEPROM
  +--> ?PR?IIC_STOP?EEPROM
  +--> ?PR?_IIC_DELAYMS?EEPROM
BL51 BANKED LINKER/LOCATER V6.22.2.0                                                  08/04/2022  16:30:25  PAGE 9



?PR?INITUSERPARA?SYSSTATUS                 -----    -----      -----    -----      -----    -----
  +--> ?PR?_READBUF_AT24C02?EEPROM
  +--> ?PR?_WRITEBUF_AT24C02?EEPROM
  +--> ?CO?SYSSTATUS
  +--> ?PR?PRINTF?PRINTF
  +--> ?PR?INITNAMELIST?NAMELIST
  +--> ?PR?INITPSW?UNLOCKPASSWORD
  +--> ?PR?INITCARD?CARD

?PR?INITNAMELIST?NAMELIST                  -----    -----      -----    -----      -----    -----
  +--> ?PR?CLEARNAMELIST?NAMELIST

?PR?CLEARNAMELIST?NAMELIST                 -----    -----      -----    -----      -----    -----
  +--> ?PR?SAVENAMECOUNT?NAMELIST

?PR?SAVENAMECOUNT?NAMELIST                 -----    -----      -----    -----      -----    -----
  +--> ?PR?_WRITEBUF_AT24C02?EEPROM

?PR?INITPSW?UNLOCKPASSWORD                 -----    -----      -----    -----      -----    -----
  +--> ?PR?CLEARPSW?UNLOCKPASSWORD

?PR?CLEARPSW?UNLOCKPASSWORD                -----    -----      -----    -----      -----    -----
  +--> ?PR?SAVEPSWCOUNT?UNLOCKPASSWORD

?PR?SAVEPSWCOUNT?UNLOCKPASSWORD            -----    -----      -----    -----      -----    -----
  +--> ?PR?_WRITEBUF_AT24C02?EEPROM

?PR?INITCARD?CARD                          -----    -----      -----    -----      -----    -----
  +--> ?PR?CLEARCARD?CARD

?PR?CLEARCARD?CARD                         -----    -----      -----    -----      -----    -----
  +--> ?PR?SAVECARDCOUNT?CARD

?PR?SAVECARDCOUNT?CARD                     -----    -----      -----    -----      -----    -----
  +--> ?PR?_WRITEBUF_AT24C02?EEPROM

?PR?GSM_STARTINIT?GSM                      -----    -----      -----    -----      -----    -----
  +--> ?CO?GSM
  +--> ?PR?PRINTF?PRINTF

?PR?SYSIDLECON?SYSSTATUS                   -----    -----      -----    -----      -----    -----
  +--> ?PR?_SHOWMAIN?SYSSTRING

?PR?_SHOWMAIN?SYSSTRING                    -----    -----      -----    -----      1088H    0001H
  +--> ?PR?LCDCLEAR?LCD12864
  +--> ?CO?SYSSTRING
  +--> ?PR?_DISPLAYSTRING?LCD12864
  +--> ?PR?_DISPLAYICO?LCD12864
  +--> ?PR?SHOWGSMCSQ?SYSSTRING

?PR?LCDCLEAR?LCD12864                      -----    -----      -----    -----      -----    -----
  +--> ?PR?_LCD_WCMD?LCD12864
  +--> ?PR?_CLEARBUF?DRIVER
  +--> ?PR?_SETFLASH?LCD12864

?PR?_DISPLAYSTRING?LCD12864                -----    -----      -----    -----      -----    -----
BL51 BANKED LINKER/LOCATER V6.22.2.0                                                  08/04/2022  16:30:25  PAGE 10


  +--> ?PR?_WRITELCD?LCD12864
  +--> ?PR?_BITBLT?LCD12864

?PR?_WRITELCD?LCD12864                     -----    -----      -----    -----      1124H    0008H
  +--> ?PR?_CHECKUNICODE?LCD12864
  +--> ?PR?LCDADDROW?LCD12864
  +--> ?CO?LCD12864

?PR?_BITBLT?LCD12864                       -----    -----      -----    -----      1124H    0007H
  +--> ?PR?_LCD_WCMD?LCD12864
  +--> ?PR?WAVREADTASK?AUDIO
  +--> ?PR?_LCD_WDAT?LCD12864

?PR?WAVREADTASK?AUDIO                      -----    -----      -----    -----      112BH    0001H
  +--> ?PR?MP3_STOP?AUDIO
  +--> ?PR?_SPI_FLASH_READ?SPI

?PR?_SPI_FLASH_READ?SPI                    -----    -----      -----    -----      112CH    000DH
  +--> ?PR?_DELAY?DRIVER
  +--> ?PR?_SPI_READWRITEBYTE?SPI

?PR?_LCD_WDAT?LCD12864                     -----    -----      -----    -----      -----    -----
  +--> ?PR?LCD_BUSY?LCD12864

?PR?_DISPLAYICO?LCD12864                   -----    -----      -----    -----      -----    -----
  +--> ?PR?_WRITELCDICO?LCD12864
  +--> ?PR?_BITBLT?LCD12864

?PR?_WRITELCDICO?LCD12864                  -----    -----      -----    -----      1089H    0007H
  +--> ?CO?LCD12864

?PR?SHOWGSMCSQ?SYSSTRING                   -----    -----      -----    -----      -----    -----
  +--> ?CO?SYSSTRING
  +--> ?PR?_DISPLAYSTRING?LCD12864

?PR?_MP3_STARTPLAY?AUDIO                   -----    -----      -----    -----      10D0H    0001H
  +--> ?PR?_DELAY?DRIVER
  +--> ?PR?WAVREADTASK?AUDIO

?PR?_REVNAMELIST?NAMELIST                  -----    -----      -----    -----      107CH    0059H
  +--> ?CO?NAMELIST
  +--> ?PR?PRINTF?PRINTF
  +--> ?PR?_LOOKFORSTR?DRIVER
  +--> ?PR?SCANF?SCANF
  +--> ?PR?_CLEARBUF?DRIVER
  +--> ?PR?_ADDNAMEITEM?NAMELIST

?PR?_LOOKFORSTR?DRIVER                     -----    -----      -----    -----      10D5H    000AH

?PR?SCANF?SCANF                            0020H.0  0000H.6    0008H    0005H      10D5H    002EH
  +--> ?PR?GETCHAR?UNGETCHAR
  +--> ?PR?_ISSPACE?ISSPACE
  +--> ?PR?GETCHAR?GETCHAR

?PR?GETCHAR?GETCHAR                        -----    -----      -----    -----      -----    -----
  +--> ?PR?_GETKEY?_GETKEY
  +--> ?PR?_PUTCHAR?DRIVER
BL51 BANKED LINKER/LOCATER V6.22.2.0                                                  08/04/2022  16:30:25  PAGE 11



?PR?_ADDNAMEITEM?NAMELIST                  -----    -----      -----    -----      10D5H    0005H
  +--> ?PR?_GETIDXBYROOM?SYSSTATUS
  +--> ?PR?_WRITENAMEITEMBYIDX?NAMELIST
  +--> ?PR?SAVENAMECOUNT?NAMELIST

?PR?_GETIDXBYROOM?SYSSTATUS                -----    -----      -----    -----      10DAH    0007H
  +--> ?PR?_READROOMBYIDX?SYSSTATUS

?PR?_READROOMBYIDX?SYSSTATUS               -----    -----      -----    -----      10E1H    0002H
  +--> ?PR?_READBUF_AT24C02?EEPROM

?PR?_WRITENAMEITEMBYIDX?NAMELIST           -----    -----      -----    -----      1122H    0003H
  +--> ?PR?_WRITEBUF_AT24C02?EEPROM

?PR?UART1CLEAR?UART                        -----    -----      -----    -----      -----    -----
  +--> ?PR?_CLEARBUF?DRIVER

?PR?_GSMUARTCMD?GSM                        -----    -----      -----    -----      107CH    0003H
  +--> ?PR?_PRINTSTRING3?UART
  +--> ?CO?GSM
  +--> ?PR?PRINTF?PRINTF
  +--> ?PR?GSM_REPOWER?GSM
  +--> ?PR?_MODEMRECEIVEHANDLE?GSM

?PR?_PRINTSTRING3?UART                     -----    -----      -----    -----      10B7H    0003H
  +--> ?PR?_TX3_WRITE2BUFF?UART

?PR?GSM_REPOWER?GSM                        -----    -----      -----    -----      -----    -----
  +--> ?CO?GSM
  +--> ?PR?_PRINTSTRING3?UART
  +--> ?PR?PRINTF?PRINTF

?PR?_MODEMRECEIVEHANDLE?GSM                -----    -----      -----    -----      107FH    0009H
  +--> ?CO?GSM
  +--> ?PR?_LOOKFORSTR?DRIVER
  +--> ?PR?PRINTF?PRINTF
  +--> ?PR?SHOWGSMERR?SYSSTRING
  +--> ?PR?GSM_REPOWER?GSM
  +--> ?PR?_STRLEN?DRIVER
  +--> ?PR?GSM_HUANGUP?GSM
  +--> ?PR?_MP3_STARTPLAY?AUDIO
  +--> ?PR?SCANF?SCANF
  +--> ?PR?_GSM_SETVOLUM?GSM
  +--> ?PR?SYSIDLECON?SYSSTATUS

?PR?SHOWGSMERR?SYSSTRING                   -----    -----      -----    -----      -----    -----
  +--> ?PR?LCDCLEAR?LCD12864
  +--> ?CO?SYSSTRING
  +--> ?PR?_DISPLAYSTRING?LCD12864
  +--> ?PR?_MP3_STARTPLAY?AUDIO

?PR?_STRLEN?DRIVER                         -----    -----      -----    -----      1124H    0003H

?PR?GSM_HUANGUP?GSM                        -----    -----      -----    -----      -----    -----
  +--> ?CO?GSM
  +--> ?PR?_PRINTSTRING3?UART
BL51 BANKED LINKER/LOCATER V6.22.2.0                                                  08/04/2022  16:30:25  PAGE 12



?PR?_GSM_SETVOLUM?GSM                      -----    -----      -----    -----      1088H    0001H
  +--> ?CO?GSM
  +--> ?PR?PRINTF?PRINTF

?PR?UART3CLEAR?UART                        -----    -----      -----    -----      -----    -----
  +--> ?PR?_CLEARBUF?DRIVER

?PR?_UNLOCK?DRIVER                         0020H.0  0000H.1    -----    -----      -----    -----
  +--> ?PR?SHOWUNLOCK?SYSSTRING

?PR?SHOWUNLOCK?SYSSTRING                   0020H.1  0000H.1    -----    -----      -----    -----
  +--> ?PR?LCDCLEAR?LCD12864
  +--> ?CO?SYSSTRING
  +--> ?PR?_DISPLAYSTRING?LCD12864
  +--> ?PR?_MP3_STARTPLAY?AUDIO

?PR?UARTTASK?UART                          -----    -----      -----    -----      -----    -----
  +--> ?PR?UART1CLEAR?UART
  +--> ?PR?UART3CLEAR?UART

?PR?KEYSCAN?DRIVER                         -----    -----      -----    -----      107CH    0001H

?PR?_BEEP_STARTPLAY?AUDIO                  -----    -----      -----    -----      -----    -----
  +--> ?PR?KEYBEEPTASK?AUDIO

?PR?KEYBEEPTASK?AUDIO                      -----    -----      -----    -----      -----    -----
  +--> ?CO?AUDIO

?PR?_SYSKEY?SYSSTATUS                      -----    -----      -----    -----      107CH    0001H
  +--> ?PR?_SYSIDLEKEY?SYSSTATUS
  +--> ?PR?_SYSSETTINGKEY?SYSSTATUS
  +--> ?PR?_NAMESETKEY?NAMELIST
  +--> ?PR?_NAMEEDITKEY?NAMELIST
  +--> ?PR?_NAMEDELETEKEY?NAMELIST
  +--> ?PR?_NAMEDELALLKEY?NAMELIST
  +--> ?PR?_PSWSETKEY?UNLOCKPASSWORD
  +--> ?PR?_PSWEDITKEY?UNLOCKPASSWORD
  +--> ?PR?_PSWDELETEKEY?UNLOCKPASSWORD
  +--> ?PR?_PSWDELALLKEY?UNLOCKPASSWORD
  +--> ?PR?_PSWINPUTKEY?UNLOCKPASSWORD
  +--> ?PR?_SYSINPUTROOM?SYSSTATUS
  +--> ?PR?_INPUTSYSPSW?SYSSTATUS
  +--> ?PR?_SYSPSWEDITKEY?UNLOCKPASSWORD
  +--> ?PR?_CARDSETKEY?CARD
  +--> ?PR?_CARDEDITKEY?CARD
  +--> ?PR?_CARDDELETEKEY?CARD
  +--> ?PR?_CARDDELALLKEY?CARD
  +--> ?PR?_SYSTALKKEY?SYSSTATUS
  +--> ?PR?_SYSSUBSETKEY?SYSSTATUS

?PR?_SYSIDLEKEY?SYSSTATUS                  -----    -----      -----    -----      107DH    0001H
  +--> ?PR?SYSIDLECON?SYSSTATUS
  +--> ?PR?INPUTPSWCON?UNLOCKPASSWORD
  +--> ?PR?INPUTSYSPSWCON?SYSSTATUS
  +--> ?PR?_SHOWNAMEBYIDX?NAMELIST
  +--> ?PR?_READNAMEITEMBYIDX?NAMELIST
BL51 BANKED LINKER/LOCATER V6.22.2.0                                                  08/04/2022  16:30:25  PAGE 13


  +--> ?PR?_CALLBYNAMEITEM?NAMELIST
  +--> ?PR?_MP3_STARTPLAY?AUDIO
  +--> ?PR?_STRLEN?DRIVER
  +--> ?PR?SHOWERR?SYSSTRING
  +--> ?PR?SHOWGSMERR?SYSSTRING
  +--> ?PR?_INPUTROOMCON?SYSSTATUS

?PR?INPUTPSWCON?UNLOCKPASSWORD             -----    -----      -----    -----      -----    -----
  +--> ?PR?_CLEARBUF?DRIVER
  +--> ?PR?_SHOWPSW?UNLOCKPASSWORD
  +--> ?PR?_MP3_STARTPLAY?AUDIO

?PR?_SHOWPSW?UNLOCKPASSWORD                0020H.0  0000H.1    -----    -----      1084H    0028H
  +--> ?PR?LCDCLEAR?LCD12864
  +--> ?CO?SYSSTRING
  +--> ?PR?_DISPLAYSTRING?LCD12864
  +--> ?CO?UNLOCKPASSWORD
  +--> ?PR?PRINTF?PRINTF
  +--> ?PR?_STRLEN?DRIVER
  +--> ?PR?_SETFLASH?LCD12864

?PR?INPUTSYSPSWCON?SYSSTATUS               -----    -----      -----    -----      -----    -----
  +--> ?PR?SHOWINPUTPSW?SYSSTATUS
  +--> ?PR?_MP3_STARTPLAY?AUDIO

?PR?SHOWINPUTPSW?SYSSTATUS                 -----    -----      -----    -----      107EH    001EH
  +--> ?PR?LCDCLEAR?LCD12864
  +--> ?CO?SYSSTRING
  +--> ?PR?_DISPLAYSTRING?LCD12864
  +--> ?PR?_HS_STRCPY?DRIVER
  +--> ?PR?_STRLEN?DRIVER
  +--> ?PR?_SETFLASH?LCD12864

?PR?_HS_STRCPY?DRIVER                      -----    -----      -----    -----      109CH    0006H

?PR?_SHOWNAMEBYIDX?NAMELIST                -----    -----      -----    -----      107EH    0050H
  +--> ?PR?_READNAMEITEMBYIDX?NAMELIST
  +--> ?PR?_SHOWNAME?NAMELIST

?PR?_READNAMEITEMBYIDX?NAMELIST            -----    -----      -----    -----      1122H    0003H
  +--> ?PR?_READBUF_AT24C02?EEPROM

?PR?_SHOWNAME?NAMELIST                     0020H.0  0000H.1    -----    -----      10D0H    0054H
  +--> ?PR?LCDCLEAR?LCD12864
  +--> ?CO?NAMELIST
  +--> ?CO?SYSSTRING
  +--> ?PR?PRINTF?PRINTF
  +--> ?PR?_DISPLAYSTRING?LCD12864
  +--> ?PR?_STRLEN?DRIVER
  +--> ?PR?_SETFLASH?LCD12864

?PR?_CALLBYNAMEITEM?NAMELIST               -----    -----      -----    -----      107EH    0036H
  +--> ?PR?_STRLEN?DRIVER
  +--> ?PR?_GSM_CALL?GSM
  +--> ?PR?LCDCLEAR?LCD12864
  +--> ?CO?NAMELIST
  +--> ?CO?SYSSTRING
BL51 BANKED LINKER/LOCATER V6.22.2.0                                                  08/04/2022  16:30:25  PAGE 14


  +--> ?PR?PRINTF?PRINTF
  +--> ?PR?_DISPLAYSTRING?LCD12864

?PR?_GSM_CALL?GSM                          -----    -----      -----    -----      10B4H    0003H
  +--> ?CO?GSM
  +--> ?PR?_PRINTSTRING3?UART

?PR?SHOWERR?SYSSTRING                      -----    -----      -----    -----      -----    -----
  +--> ?PR?LCDCLEAR?LCD12864
  +--> ?CO?SYSSTRING
  +--> ?PR?_DISPLAYSTRING?LCD12864
  +--> ?PR?_MP3_STARTPLAY?AUDIO

?PR?_INPUTROOMCON?SYSSTATUS                -----    -----      -----    -----      -----    -----
  +--> ?PR?SHOWINPUTROOM?SYSSTATUS
  +--> ?PR?_CLEARBUF?DRIVER
  +--> ?PR?_MP3_STARTPLAY?AUDIO

?PR?SHOWINPUTROOM?SYSSTATUS                -----    -----      -----    -----      107EH    0018H
  +--> ?PR?LCDCLEAR?LCD12864
  +--> ?CO?SYSSTRING
  +--> ?PR?_DISPLAYSTRING?LCD12864
  +--> ?CO?SYSSTATUS
  +--> ?PR?PRINTF?PRINTF

?PR?_SYSSETTINGKEY?SYSSTATUS               -----    -----      -----    -----      107DH    0001H
  +--> ?PR?SYSIDLECON?SYSSTATUS
  +--> ?PR?NAMESETCON?NAMELIST
  +--> ?PR?PSWSETCON?UNLOCKPASSWORD
  +--> ?PR?CARDSETCON?CARD
  +--> ?PR?EDITSYSPSWCON?UNLOCKPASSWORD
  +--> ?PR?_SUBSETCON?SYSSTATUS

?PR?NAMESETCON?NAMELIST                    -----    -----      -----    -----      10D0H    000AH
  +--> ?PR?LCDCLEAR?LCD12864
  +--> ?CO?SYSSTRING
  +--> ?PR?_DISPLAYSTRING?LCD12864
  +--> ?CO?NAMELIST
  +--> ?PR?PRINTF?PRINTF

?PR?PSWSETCON?UNLOCKPASSWORD               -----    -----      -----    -----      1084H    000AH
  +--> ?PR?LCDCLEAR?LCD12864
  +--> ?CO?SYSSTRING
  +--> ?PR?_DISPLAYSTRING?LCD12864
  +--> ?CO?UNLOCKPASSWORD
  +--> ?PR?PRINTF?PRINTF

?PR?CARDSETCON?CARD                        -----    -----      -----    -----      1080H    000AH
  +--> ?PR?LCDCLEAR?LCD12864
  +--> ?CO?SYSSTRING
  +--> ?PR?_DISPLAYSTRING?LCD12864
  +--> ?CO?CARD
  +--> ?PR?PRINTF?PRINTF

?PR?EDITSYSPSWCON?UNLOCKPASSWORD           -----    -----      -----    -----      -----    -----
  +--> ?PR?_CLEARBUF?DRIVER
  +--> ?PR?_SHOWPSW?UNLOCKPASSWORD
BL51 BANKED LINKER/LOCATER V6.22.2.0                                                  08/04/2022  16:30:25  PAGE 15



?PR?_SUBSETCON?SYSSTATUS                   -----    -----      -----    -----      -----    -----
  +--> ?PR?SHOWSUBPARA?SYSSTATUS

?PR?SHOWSUBPARA?SYSSTATUS                  -----    -----      -----    -----      107EH    0018H
  +--> ?PR?LCDCLEAR?LCD12864
  +--> ?CO?SYSSTATUS
  +--> ?CO?SYSSTRING
  +--> ?PR?PRINTF?PRINTF
  +--> ?PR?_DISPLAYSTRING?LCD12864
  +--> ?PR?_STRLEN?DRIVER

?PR?_NAMESETKEY?NAMELIST                   -----    -----      -----    -----      -----    -----
  +--> ?PR?EDITNAMEITEMCON?NAMELIST
  +--> ?PR?DELETENAMECON?NAMELIST
  +--> ?PR?DELETEALLNAMECON?NAMELIST
  +--> ?PR?SYSSETTINGCON?SYSSTATUS

?PR?EDITNAMEITEMCON?NAMELIST               -----    -----      -----    -----      -----    -----
  +--> ?PR?_CLEARBUF?DRIVER
  +--> ?PR?_SHOWNAME?NAMELIST

?PR?DELETENAMECON?NAMELIST                 -----    -----      -----    -----      -----    -----
  +--> ?PR?_CLEARBUF?DRIVER
  +--> ?PR?_SHOWNAME?NAMELIST

?PR?DELETEALLNAMECON?NAMELIST              -----    -----      -----    -----      -----    -----
  +--> ?PR?LCDCLEAR?LCD12864
  +--> ?CO?SYSSTRING
  +--> ?PR?_DISPLAYSTRING?LCD12864

?PR?SYSSETTINGCON?SYSSTATUS                -----    -----      -----    -----      -----    -----
  +--> ?PR?LCDCLEAR?LCD12864
  +--> ?CO?SYSSTRING
  +--> ?PR?_DISPLAYSTRING?LCD12864
  +--> ?PR?_DISPLAYICO?LCD12864

?PR?_NAMEEDITKEY?NAMELIST                  -----    -----      -----    -----      107DH    0001H
  +--> ?PR?_CLEARBUF?DRIVER
  +--> ?PR?_STRLEN?DRIVER
  +--> ?PR?_ADDNAMEITEM?NAMELIST
  +--> ?PR?SHOWSAVEOK?SYSSTRING
  +--> ?PR?SHOWERR?SYSSTRING
  +--> ?PR?NAMEEDITCHAGETYPE?NAMELIST
  +--> ?PR?NAMESETCON?NAMELIST
  +--> ?CO?SYSSTRING
  +--> ?PR?_SHOWNAME?NAMELIST

?PR?SHOWSAVEOK?SYSSTRING                   -----    -----      -----    -----      -----    -----
  +--> ?PR?LCDCLEAR?LCD12864
  +--> ?CO?SYSSTRING
  +--> ?PR?_DISPLAYSTRING?LCD12864
  +--> ?PR?_MP3_STARTPLAY?AUDIO

?PR?NAMEEDITCHAGETYPE?NAMELIST             -----    -----      -----    -----      107EH    0052H
  +--> ?PR?_GETNAMEITEMBYROOM?NAMELIST
  +--> ?PR?_HS_MEMCPY?DRIVER
BL51 BANKED LINKER/LOCATER V6.22.2.0                                                  08/04/2022  16:30:25  PAGE 16


  +--> ?PR?_STRLEN?DRIVER
  +--> ?PR?SHOWCONFIRMSAVE?SYSSTRING

?PR?_GETNAMEITEMBYROOM?NAMELIST            -----    -----      -----    -----      10D0H    0005H
  +--> ?PR?_GETIDXBYROOM?SYSSTATUS
  +--> ?PR?_READNAMEITEMBYIDX?NAMELIST

?PR?_HS_MEMCPY?DRIVER                      -----    -----      -----    -----      10D0H    0008H

?PR?SHOWCONFIRMSAVE?SYSSTRING              -----    -----      -----    -----      -----    -----
  +--> ?PR?LCDCLEAR?LCD12864
  +--> ?CO?SYSSTRING
  +--> ?PR?_DISPLAYSTRING?LCD12864

?PR?_NAMEDELETEKEY?NAMELIST                -----    -----      -----    -----      107DH    0053H
  +--> ?PR?_CLEARBUF?DRIVER
  +--> ?PR?_DELNAMEITEMBYROOM?NAMELIST
  +--> ?PR?SHOWDELETEOK?SYSSTRING
  +--> ?PR?_GETNAMEITEMBYROOM?NAMELIST
  +--> ?PR?_HS_MEMCPY?DRIVER
  +--> ?PR?_STRLEN?DRIVER
  +--> ?PR?SHOWCONFIRMDEL?SYSSTRING
  +--> ?PR?NAMESETCON?NAMELIST
  +--> ?PR?_SHOWNAME?NAMELIST

?PR?_DELNAMEITEMBYROOM?NAMELIST            -----    -----      -----    -----      -----    -----
  +--> ?PR?_GETIDXBYROOM?SYSSTATUS
  +--> ?PR?_DELNAMEITEMBYIDX?NAMELIST

?PR?_DELNAMEITEMBYIDX?NAMELIST             -----    -----      -----    -----      10D0H    0052H
  +--> ?PR?SAVENAMECOUNT?NAMELIST
  +--> ?PR?_READNAMEITEMBYIDX?NAMELIST
  +--> ?PR?_WRITENAMEITEMBYIDX?NAMELIST

?PR?SHOWDELETEOK?SYSSTRING                 -----    -----      -----    -----      -----    -----
  +--> ?PR?LCDCLEAR?LCD12864
  +--> ?CO?SYSSTRING
  +--> ?PR?_DISPLAYSTRING?LCD12864
  +--> ?PR?_MP3_STARTPLAY?AUDIO

?PR?SHOWCONFIRMDEL?SYSSTRING               -----    -----      -----    -----      -----    -----
  +--> ?PR?LCDCLEAR?LCD12864
  +--> ?CO?SYSSTRING
  +--> ?PR?_DISPLAYSTRING?LCD12864

?PR?_NAMEDELALLKEY?NAMELIST                -----    -----      -----    -----      -----    -----
  +--> ?PR?CLEARNAMELIST?NAMELIST
  +--> ?PR?SHOWDELETEOK?SYSSTRING
  +--> ?PR?NAMESETCON?NAMELIST

?PR?_PSWSETKEY?UNLOCKPASSWORD              -----    -----      -----    -----      -----    -----
  +--> ?PR?EDITPSWCON?UNLOCKPASSWORD
  +--> ?PR?DELETEPSWCON?UNLOCKPASSWORD
  +--> ?PR?DELETEALLPSWCON?UNLOCKPASSWORD
  +--> ?PR?SYSSETTINGCON?SYSSTATUS

?PR?EDITPSWCON?UNLOCKPASSWORD              -----    -----      -----    -----      -----    -----
BL51 BANKED LINKER/LOCATER V6.22.2.0                                                  08/04/2022  16:30:25  PAGE 17


  +--> ?PR?_CLEARBUF?DRIVER
  +--> ?PR?_SHOWPSW?UNLOCKPASSWORD

?PR?DELETEPSWCON?UNLOCKPASSWORD            -----    -----      -----    -----      -----    -----
  +--> ?PR?_CLEARBUF?DRIVER
  +--> ?PR?_SHOWPSW?UNLOCKPASSWORD

?PR?DELETEALLPSWCON?UNLOCKPASSWORD         -----    -----      -----    -----      -----    -----
  +--> ?PR?LCDCLEAR?LCD12864
  +--> ?CO?SYSSTRING
  +--> ?PR?_DISPLAYSTRING?LCD12864

?PR?_PSWEDITKEY?UNLOCKPASSWORD             -----    -----      -----    -----      107DH    0007H
  +--> ?PR?_CLEARBUF?DRIVER
  +--> ?PR?_ADDPSWITEM?UNLOCKPASSWORD
  +--> ?PR?SHOWSAVEOK?SYSSTRING
  +--> ?PR?SHOWERR?SYSSTRING
  +--> ?PR?SHOWCONFIRMSAVE?SYSSTRING
  +--> ?PR?PSWSETCON?UNLOCKPASSWORD
  +--> ?PR?_SHOWPSW?UNLOCKPASSWORD

?PR?_ADDPSWITEM?UNLOCKPASSWORD             -----    -----      -----    -----      1084H    0005H
  +--> ?PR?_GETIDXBYROOM?SYSSTATUS
  +--> ?CO?UNLOCKPASSWORD
  +--> ?PR?PRINTF?PRINTF
  +--> ?PR?_WRITEPSWBYIDX?UNLOCKPASSWORD
  +--> ?PR?SAVEPSWCOUNT?UNLOCKPASSWORD

?PR?_WRITEPSWBYIDX?UNLOCKPASSWORD          -----    -----      -----    -----      -----    -----
  +--> ?PR?_WRITEBUF_AT24C02?EEPROM

?PR?_PSWDELETEKEY?UNLOCKPASSWORD           -----    -----      -----    -----      107DH    0003H
  +--> ?PR?_CLEARBUF?DRIVER
  +--> ?PR?_DELPSWBYROOM?UNLOCKPASSWORD
  +--> ?PR?SHOWDELETEOK?SYSSTRING
  +--> ?PR?SHOWCONFIRMDEL?SYSSTRING
  +--> ?PR?PSWSETCON?UNLOCKPASSWORD
  +--> ?PR?_SHOWPSW?UNLOCKPASSWORD

?PR?_DELPSWBYROOM?UNLOCKPASSWORD           -----    -----      -----    -----      1080H    0002H
  +--> ?PR?_DELPSWBYIDX?UNLOCKPASSWORD
  +--> ?PR?_GETIDXBYROOM?SYSSTATUS

?PR?_DELPSWBYIDX?UNLOCKPASSWORD            -----    -----      -----    -----      1082H    0006H
  +--> ?PR?SAVEPSWCOUNT?UNLOCKPASSWORD
  +--> ?PR?_READPSWBYIDX?UNLOCKPASSWORD
  +--> ?PR?_WRITEPSWBYIDX?UNLOCKPASSWORD

?PR?_READPSWBYIDX?UNLOCKPASSWORD           -----    -----      -----    -----      -----    -----
  +--> ?PR?_READBUF_AT24C02?EEPROM

?PR?_PSWDELALLKEY?UNLOCKPASSWORD           -----    -----      -----    -----      -----    -----
  +--> ?PR?CLEARPSW?UNLOCKPASSWORD
  +--> ?PR?SHOWDELETEOK?SYSSTRING
  +--> ?PR?PSWSETCON?UNLOCKPASSWORD

?PR?_PSWINPUTKEY?UNLOCKPASSWORD            -----    -----      -----    -----      107DH    0001H
BL51 BANKED LINKER/LOCATER V6.22.2.0                                                  08/04/2022  16:30:25  PAGE 18


  +--> ?PR?SYSIDLECON?SYSSTATUS
  +--> ?PR?_CHECKPSW?UNLOCKPASSWORD
  +--> ?PR?_UNLOCK?DRIVER
  +--> ?PR?SHOWERR?SYSSTRING
  +--> ?PR?_MP3_STARTPLAY?AUDIO
  +--> ?PR?_SHOWPSW?UNLOCKPASSWORD

?PR?_CHECKPSW?UNLOCKPASSWORD               -----    -----      -----    -----      107EH    0008H
  +--> ?CO?UNLOCKPASSWORD
  +--> ?PR?PRINTF?PRINTF
  +--> ?PR?_READPSWBYIDX?UNLOCKPASSWORD

?PR?_SYSINPUTROOM?SYSSTATUS                -----    -----      -----    -----      107DH    0001H
  +--> ?PR?_GETNAMEITEMBYROOM?NAMELIST
  +--> ?PR?_CALLBYNAMEITEM?NAMELIST
  +--> ?PR?_MP3_STARTPLAY?AUDIO
  +--> ?PR?_STRLEN?DRIVER
  +--> ?PR?SHOWERR?SYSSTRING
  +--> ?PR?SHOWGSMERR?SYSSTRING
  +--> ?PR?SHOWROOMERR?SYSSTRING
  +--> ?PR?SHOWINPUTROOM?SYSSTATUS
  +--> ?PR?MP3_STOP?AUDIO
  +--> ?PR?SYSIDLECON?SYSSTATUS

?PR?SHOWROOMERR?SYSSTRING                  -----    -----      -----    -----      -----    -----
  +--> ?PR?LCDCLEAR?LCD12864
  +--> ?CO?SYSSTRING
  +--> ?PR?_DISPLAYSTRING?LCD12864

?PR?_INPUTSYSPSW?SYSSTATUS                 -----    -----      -----    -----      107DH    0001H
  +--> ?PR?SYSSETTINGCON?SYSSTATUS
  +--> ?PR?SHOWERR?SYSSTRING
  +--> ?PR?_MP3_STARTPLAY?AUDIO
  +--> ?PR?SHOWINPUTPSW?SYSSTATUS
  +--> ?PR?MP3_STOP?AUDIO
  +--> ?PR?SYSIDLECON?SYSSTATUS

?PR?_SYSPSWEDITKEY?UNLOCKPASSWORD          -----    -----      -----    -----      107DH    0001H
  +--> ?PR?_CLEARBUF?DRIVER
  +--> ?PR?SAVESYSPSW?UNLOCKPASSWORD
  +--> ?PR?SHOWSAVEOK?SYSSTRING
  +--> ?PR?SHOWERR?SYSSTRING
  +--> ?PR?SHOWCONFIRMSAVE?SYSSTRING
  +--> ?PR?SYSSETTINGCON?SYSSTATUS
  +--> ?PR?_SHOWPSW?UNLOCKPASSWORD

?PR?SAVESYSPSW?UNLOCKPASSWORD              -----    -----      -----    -----      -----    -----
  +--> ?PR?_WRITEBUF_AT24C02?EEPROM

?PR?_CARDSETKEY?CARD                       -----    -----      -----    -----      -----    -----
  +--> ?PR?EDITCARDCON?CARD
  +--> ?PR?DELETECARDCON?CARD
  +--> ?PR?DELETEALLCARDCON?CARD
  +--> ?PR?SYSSETTINGCON?SYSSTATUS

?PR?EDITCARDCON?CARD                       -----    -----      -----    -----      -----    -----
  +--> ?PR?_CLEARBUF?DRIVER
BL51 BANKED LINKER/LOCATER V6.22.2.0                                                  08/04/2022  16:30:25  PAGE 19


  +--> ?PR?_SHOWCARD?CARD

?PR?_SHOWCARD?CARD                         0020H.0  0000H.1    -----    -----      1082H    0043H
  +--> ?PR?LCDCLEAR?LCD12864
  +--> ?CO?CARD
  +--> ?CO?SYSSTRING
  +--> ?PR?PRINTF?PRINTF
  +--> ?PR?_DISPLAYSTRING?LCD12864
  +--> ?PR?_STRLEN?DRIVER
  +--> ?PR?_SETFLASH?LCD12864
  +--> ?PR?_MEMISEMPTY?DRIVER
  +--> ?PR?_HBSTRLEN?DRIVER

?PR?_MEMISEMPTY?DRIVER                     -----    -----      -----    -----      10C5H    0003H

?PR?DELETECARDCON?CARD                     -----    -----      -----    -----      -----    -----
  +--> ?PR?_CLEARBUF?DRIVER
  +--> ?PR?_MEMISEMPTY?DRIVER
  +--> ?PR?_SHOWCARD?CARD

?PR?DELETEALLCARDCON?CARD                  -----    -----      -----    -----      -----    -----
  +--> ?PR?LCDCLEAR?LCD12864
  +--> ?CO?SYSSTRING
  +--> ?PR?_DISPLAYSTRING?LCD12864

?PR?_CARDEDITKEY?CARD                      -----    -----      -----    -----      107DH    0003H
  +--> ?PR?_CLEARBUF?DRIVER
  +--> ?PR?_MEMISEMPTY?DRIVER
  +--> ?PR?_ADDCARDITEM?CARD
  +--> ?PR?SHOWSAVEOK?SYSSTRING
  +--> ?PR?SHOWERR?SYSSTRING
  +--> ?PR?SHOWCONFIRMSAVE?SYSSTRING
  +--> ?PR?CARDSETCON?CARD
  +--> ?PR?_SHOWCARD?CARD

?PR?_ADDCARDITEM?CARD                      -----    -----      -----    -----      1080H    000BH
  +--> ?PR?_READCARDBYIDX?CARD
  +--> ?PR?_WRITECARDBYIDX?CARD
  +--> ?PR?SAVECARDCOUNT?CARD

?PR?_READCARDBYIDX?CARD                    -----    -----      -----    -----      108EH    0003H
  +--> ?PR?_READBUF_AT24C02?EEPROM

?PR?_WRITECARDBYIDX?CARD                   -----    -----      -----    -----      108BH    0003H
  +--> ?PR?_WRITEBUF_AT24C02?EEPROM

?PR?_CARDDELETEKEY?CARD                    -----    -----      -----    -----      107DH    0003H
  +--> ?PR?_CLEARBUF?DRIVER
  +--> ?PR?_MEMISEMPTY?DRIVER
  +--> ?PR?_DELCARDBYCARD?CARD
  +--> ?PR?_DELCARDBYROOM?CARD
  +--> ?PR?SHOWDELETEOK?SYSSTRING
  +--> ?PR?SHOWCONFIRMDEL?SYSSTRING
  +--> ?PR?CARDSETCON?CARD
  +--> ?PR?_SHOWCARD?CARD

?PR?_DELCARDBYCARD?CARD                    -----    -----      -----    -----      1080H    0003H
BL51 BANKED LINKER/LOCATER V6.22.2.0                                                  08/04/2022  16:30:25  PAGE 20


  +--> ?PR?_DELCARDBYIDX?CARD
  +--> ?PR?_CHECKCARD?CARD

?PR?_DELCARDBYIDX?CARD                     -----    -----      -----    -----      1083H    0008H
  +--> ?PR?SAVECARDCOUNT?CARD
  +--> ?PR?_READCARDBYIDX?CARD
  +--> ?PR?_WRITECARDBYIDX?CARD

?PR?_CHECKCARD?CARD                        -----    -----      -----    -----      1083H    000BH
  +--> ?PR?_READCARDBYIDX?CARD
  +--> ?CO?CARD
  +--> ?PR?PRINTF?PRINTF

?PR?_DELCARDBYROOM?CARD                    -----    -----      -----    -----      1080H    0002H
  +--> ?PR?_DELCARDBYIDX?CARD
  +--> ?PR?_GETIDXBYROOM?SYSSTATUS

?PR?_CARDDELALLKEY?CARD                    -----    -----      -----    -----      -----    -----
  +--> ?PR?CLEARCARD?CARD
  +--> ?PR?SHOWDELETEOK?SYSSTRING
  +--> ?PR?CARDSETCON?CARD

?PR?_SYSTALKKEY?SYSSTATUS                  -----    -----      -----    -----      107DH    0001H
  +--> ?PR?_GSM_SEND_DTMF?GSM
  +--> ?PR?GSM_HUANGUP?GSM
  +--> ?PR?SYSIDLECON?SYSSTATUS
  +--> ?PR?_GSM_SETVOLUM?GSM

?PR?_GSM_SEND_DTMF?GSM                     -----    -----      -----    -----      107EH    000EH
  +--> ?CO?GSM
  +--> ?PR?_PRINTSTRING3?UART

?PR?_SYSSUBSETKEY?SYSSTATUS                -----    -----      -----    -----      107DH    0001H
  +--> ?PR?SHOWSUBPARA?SYSSTATUS
  +--> ?PR?_SAVESUBPARA?SYSSTATUS
  +--> ?PR?SYSSETTINGCON?SYSSTATUS

?PR?_SAVESUBPARA?SYSSTATUS                 -----    -----      -----    -----      107EH    0002H
  +--> ?PR?_WRITEBUF_AT24C02?EEPROM
  +--> ?PR?SHOWSAVEOK?SYSSTRING

?PR?SKEYSCAN?DRIVER                        -----    -----      -----    -----      -----    -----
  +--> ?PR?_UNLOCK?DRIVER
  +--> ?CO?DRIVER
  +--> ?PR?PRINTF?PRINTF
  +--> ?PR?INITSYSPARA?SYSSTATUS
  +--> ?PR?SHOWRESET?SYSSTRING

?PR?SHOWRESET?SYSSTRING                    -----    -----      -----    -----      -----    -----
  +--> ?PR?LCDCLEAR?LCD12864
  +--> ?CO?SYSSTRING
  +--> ?PR?_DISPLAYSTRING?LCD12864

?PR?GSM_INITTASK?GSM                       -----    -----      -----    -----      -----    -----
  +--> ?PR?GSM_STARTINIT?GSM
  +--> ?CO?GSM
  +--> ?PR?PRINTF?PRINTF
BL51 BANKED LINKER/LOCATER V6.22.2.0                                                  08/04/2022  16:30:25  PAGE 21


  +--> ?PR?_PRINTSTRING3?UART
  +--> ?PR?GSM_REPOWER?GSM
  +--> ?PR?GSM_GETCSQ?GSM
  +--> ?PR?GSM_HUANGUP?GSM
  +--> ?PR?_STRLEN?DRIVER
  +--> ?PR?SHOWERR?SYSSTRING
  +--> ?PR?_GSM_SETVOLUM?GSM
  +--> ?PR?_CALLBYNAMEITEM?NAMELIST
  +--> ?PR?_MP3_STARTPLAY?AUDIO
  +--> ?PR?SYSIDLECON?SYSSTATUS

?PR?GSM_GETCSQ?GSM                         -----    -----      -----    -----      -----    -----
  +--> ?CO?GSM
  +--> ?PR?PRINTF?PRINTF

?PR?FLASHTASK?LCD12864                     -----    -----      -----    -----      -----    -----
  +--> ?PR?_DISPLAYFL?LCD12864

?PR?_DISPLAYFL?LCD12864                    0020H.0  0000H.1    -----    -----      -----    -----
  +--> ?PR?_LCD_WCMD?LCD12864
  +--> ?PR?_LCD_WDAT?LCD12864

?PR?SHOWTALKTIME?SYSSTRING                 -----    -----      -----    -----      -----    -----
  +--> ?PR?LCDCLEAR?LCD12864
  +--> ?CO?SYSSTRING
  +--> ?PR?PRINTF?PRINTF
  +--> ?PR?_DISPLAYSTRING?LCD12864

?PR?CHECKRFIDCARD?CARDREAD                 -----    -----      -----    -----      107CH    0008H
  +--> ?CO?CARDREAD
  +--> ?PR?PRINTF?PRINTF

?PR?_SYSCARD?SYSSTATUS                     -----    -----      -----    -----      107CH    0003H
  +--> ?PR?_CARDEDITCARDIN?CARD
  +--> ?PR?_CHECKCARD?CARD
  +--> ?PR?_UNLOCK?DRIVER
  +--> ?PR?SHOWCARDERR?SYSSTRING

?PR?_CARDEDITCARDIN?CARD                   -----    -----      -----    -----      107FH    0003H
  +--> ?PR?_HS_MEMCPY?DRIVER
  +--> ?PR?_SHOWCARD?CARD

?PR?SHOWCARDERR?SYSSTRING                  -----    -----      -----    -----      -----    -----
  +--> ?PR?LCDCLEAR?LCD12864
  +--> ?CO?SYSSTRING
  +--> ?PR?_DISPLAYSTRING?LCD12864
  +--> ?PR?_MP3_STARTPLAY?AUDIO

?C_INITSEG                                 -----    -----      -----    -----      -----    -----
  +--> ?CO?GSM
  +--> ?PR?_ATCMDCB_AT?GSM
  +--> ?PR?_ATCMDCB_CPIN?GSM
  +--> ?PR?_ATCMDCB_CREG?GSM
  +--> ?PR?_ATCMDCB_CLCC?GSM
  +--> ?PR?_ATCMDCB_CSQ?GSM

?PR?_ATCMDCB_AT?GSM                        -----    -----      -----    -----      -----    -----
BL51 BANKED LINKER/LOCATER V6.22.2.0                                                  08/04/2022  16:30:25  PAGE 22


  +--> ?CO?GSM
  +--> ?PR?_LOOKFORSTR?DRIVER

?PR?_ATCMDCB_CPIN?GSM                      -----    -----      -----    -----      107CH    0009H
  +--> ?CO?GSM
  +--> ?PR?_LOOKFORSTR?DRIVER
  +--> ?PR?_STRLEN?DRIVER
  +--> ?PR?SCANF?SCANF
  +--> ?PR?PRINTF?PRINTF

?PR?_ATCMDCB_CREG?GSM                      -----    -----      -----    -----      107CH    0009H
  +--> ?CO?GSM
  +--> ?PR?_LOOKFORSTR?DRIVER
  +--> ?PR?_STRLEN?DRIVER
  +--> ?PR?SCANF?SCANF
  +--> ?PR?PRINTF?PRINTF

?PR?_ATCMDCB_CLCC?GSM                      -----    -----      -----    -----      -----    -----
  +--> ?CO?GSM
  +--> ?PR?_LOOKFORSTR?DRIVER

?PR?_ATCMDCB_CSQ?GSM                       -----    -----      -----    -----      107CH    0009H
  +--> ?CO?GSM
  +--> ?PR?_LOOKFORSTR?DRIVER
  +--> ?PR?_STRLEN?DRIVER
  +--> ?PR?SCANF?SCANF
  +--> ?PR?PRINTF?PRINTF

*** NEW ROOT ***************************************************

?PR?TIMER0_INT?TIMER                       -----    -----      -----    -----      -----    -----
  +--> ?PR?KEYBEEPTASK?AUDIO

*** NEW ROOT ***************************************************

?PR?TIMER4_INT?TIMER                       -----    -----      -----    -----      -----    -----
  +--> ?PR?PWMTASK?AUDIO

*** NEW ROOT ***************************************************

?PR?EXT_INT0?EXTI                          -----    -----      -----    -----      -----    -----
  +--> ?PR?CARDIRQ?CARDREAD



SYMBOL TABLE OF MODULE:  .\Objects\GSM (?C_STARTUP)

  VALUE           TYPE          NAME
  ----------------------------------

  -------         MODULE        ?C_STARTUP
  C:7A8BH         SEGMENT       ?C_C51STARTUP
  I:0024H         SEGMENT       ?STACK
  C:0000H         PUBLIC        ?C_STARTUP
  D:00E0H         SYMBOL        ACC
  D:00F0H         SYMBOL        B
  D:0083H         SYMBOL        DPH
BL51 BANKED LINKER/LOCATER V6.22.2.0                                                  08/04/2022  16:30:25  PAGE 23


  D:0082H         SYMBOL        DPL
  N:0000H         SYMBOL        IBPSTACK
  N:0100H         SYMBOL        IBPSTACKTOP
  N:0080H         SYMBOL        IDATALEN
  C:7A8EH         SYMBOL        IDATALOOP
  N:0000H         SYMBOL        PBPSTACK
  N:0100H         SYMBOL        PBPSTACKTOP
  N:0000H         SYMBOL        PDATALEN
  N:0000H         SYMBOL        PDATASTART
  N:0000H         SYMBOL        PPAGE
  N:0000H         SYMBOL        PPAGEENABLE
  D:00A0H         SYMBOL        PPAGE_SFR
  D:0081H         SYMBOL        SP
  C:7A8BH         SYMBOL        STARTUP1
  N:0000H         SYMBOL        XBPSTACK
  N:0000H         SYMBOL        XBPSTACKTOP
  N:0000H         SYMBOL        XDATALEN
  N:0000H         SYMBOL        XDATASTART
  C:0000H         LINE#         126
  C:7A8BH         LINE#         133
  C:7A8DH         LINE#         134
  C:7A8EH         LINE#         135
  C:7A8FH         LINE#         136
  C:7A91H         LINE#         185
  C:7A94H         LINE#         196
  -------         ENDMOD        ?C_STARTUP

  -------         MODULE        MAIN
  C:0000H         SYMBOL        _ICE_DUMMY_
  D:0080H         PUBLIC        P0
  D:0090H         PUBLIC        P1
  D:00A0H         PUBLIC        P2
  D:00B0H         PUBLIC        P3
  D:00C0H         PUBLIC        P4
  D:00C8H         PUBLIC        P5
  B:00A8H.7       PUBLIC        EA
  D:00E8H         PUBLIC        P6
  D:00F8H         PUBLIC        P7
  D:00A8H         PUBLIC        IE
  X:1386H         PUBLIC        MainTime
  D:00B8H         PUBLIC        IP
  D:00D8H         PUBLIC        CCON
  C:4207H         PUBLIC        main
  B:0080H.1       PUBLIC        P01
  B:00C0H.0       PUBLIC        P40
  D:0098H         PUBLIC        SCON
  D:0088H         PUBLIC        TCON
  D:00F0H         PUBLIC        B
  D:00E0H         PUBLIC        ACC
  X:1388H         PUBLIC        UsrKey
  D:00D0H         PUBLIC        PSW
  -------         PROC          MAIN
  C:4207H         LINE#         18
  C:4207H         LINE#         19
  C:4207H         LINE#         20
  C:420EH         LINE#         21
  C:4210H         LINE#         22
BL51 BANKED LINKER/LOCATER V6.22.2.0                                                  08/04/2022  16:30:25  PAGE 24


  C:4213H         LINE#         23
  C:4216H         LINE#         24
  C:4219H         LINE#         25
  C:421CH         LINE#         26
  C:421FH         LINE#         28
  C:4222H         LINE#         29
  C:4225H         LINE#         31
  C:422CH         LINE#         32
  C:422FH         LINE#         33
  C:4231H         LINE#         34
  C:4238H         LINE#         35
  C:423DH         LINE#         36
  C:4240H         LINE#         37
  C:4247H         LINE#         38
  C:424AH         LINE#         39
  C:424DH         LINE#         40
  C:4250H         LINE#         41
  C:4255H         LINE#         45
  C:4255H         LINE#         46
  C:4255H         LINE#         47
  C:425BH         LINE#         48
  C:425BH         LINE#         50
  C:4264H         LINE#         51
  C:4267H         LINE#         52
  C:4267H         LINE#         53
  C:426DH         LINE#         54
  C:426DH         LINE#         55
  C:4284H         LINE#         56
  C:4295H         LINE#         57
  C:4298H         LINE#         58
  C:4298H         LINE#         67
  C:429BH         LINE#         69
  C:42A2H         LINE#         70
  C:42A2H         LINE#         71
  C:42AFH         LINE#         72
  C:42BBH         LINE#         73
  C:42BBH         LINE#         74
  C:42C7H         LINE#         75
  C:42C7H         LINE#         76
  C:42D3H         LINE#         77
  C:42D3H         LINE#         78
  C:42DFH         LINE#         79
  C:42DFH         LINE#         80
  C:42E4H         LINE#         81
  C:42E4H         LINE#         82
  C:42EAH         LINE#         83
  C:42EAH         LINE#         84
  C:42ECH         LINE#         86
  C:42EFH         LINE#         87
  C:42F7H         LINE#         88
  C:42FAH         LINE#         89
  C:42FAH         LINE#         92
  C:42FFH         LINE#         96
  C:4310H         LINE#         97
  C:4318H         LINE#         98
  C:4318H         LINE#         99
  C:431BH         LINE#         101
BL51 BANKED LINKER/LOCATER V6.22.2.0                                                  08/04/2022  16:30:25  PAGE 25


  C:431EH         LINE#         102
  C:4321H         LINE#         103
  C:4324H         LINE#         107
  C:433CH         LINE#         108
  C:433CH         LINE#         109
  C:4343H         LINE#         110
  C:4345H         LINE#         111
  C:4348H         LINE#         112
  C:4366H         LINE#         113
  C:4366H         LINE#         114
  C:4374H         LINE#         115
  C:4374H         LINE#         116
  C:4377H         LINE#         117
  C:4377H         LINE#         118
  C:4377H         LINE#         119
  C:437FH         LINE#         120
  C:437FH         LINE#         121
  C:4382H         LINE#         124
  C:439DH         LINE#         125
  C:439DH         LINE#         126
  C:43A2H         LINE#         127
  C:43A2H         LINE#         128
  C:43BAH         LINE#         129
  C:43BAH         LINE#         130
  C:43BDH         LINE#         131
  C:43C2H         LINE#         132
  C:43C5H         LINE#         133
  C:43C5H         LINE#         134
  C:43C5H         LINE#         143
  C:43CBH         LINE#         144
  C:43D3H         LINE#         145
  C:4401H         LINE#         146
  C:4401H         LINE#         147
  C:4419H         LINE#         148
  C:4419H         LINE#         158
  C:4419H         LINE#         160
  C:442FH         LINE#         161
  C:442FH         LINE#         162
  C:443DH         LINE#         163
  C:4444H         LINE#         164
  C:4444H         LINE#         165
  C:4449H         LINE#         166
  C:4449H         LINE#         167
  C:4449H         LINE#         168
  C:4449H         LINE#         170
  C:4453H         LINE#         171
  C:4453H         LINE#         176
  C:4455H         LINE#         177
  C:4455H         LINE#         178
  C:445BH         LINE#         179
  C:445BH         LINE#         180
  C:445EH         LINE#         181
  C:4461H         LINE#         182
  C:4461H         LINE#         184
  C:4466H         LINE#         188
  C:446FH         LINE#         189
  C:446FH         LINE#         190
BL51 BANKED LINKER/LOCATER V6.22.2.0                                                  08/04/2022  16:30:25  PAGE 26


  C:4472H         LINE#         191
  C:4472H         LINE#         204
  -------         ENDPROC       MAIN
  -------         ENDMOD        MAIN

  -------         MODULE        DRIVER
  C:0000H         SYMBOL        _ICE_DUMMY_
  D:0080H         PUBLIC        P0
  D:0090H         PUBLIC        P1
  D:00A0H         PUBLIC        P2
  D:00B0H         PUBLIC        P3
  D:00C0H         PUBLIC        P4
  D:00C8H         PUBLIC        P5
  D:00E8H         PUBLIC        P6
  D:00F8H         PUBLIC        P7
  C:8E0FH         PUBLIC        _ClearBuf
  X:1377H         PUBLIC        DtmfData
  C:714AH         PUBLIC        GPIO_config
  C:8907H         PUBLIC        _HS_memcpy
  D:00A8H         PUBLIC        IE
  C:9026H         PUBLIC        _delay
  C:9496H         PUBLIC        RelayTask
  C:86E9H         PUBLIC        UART_config
  D:00B8H         PUBLIC        IP
  C:904CH         PUBLIC        _strlen
  D:00D8H         PUBLIC        CCON
  C:868FH         PUBLIC        _HS_strcpy
  C:67D7H         PUBLIC        SkeyScan
  X:1378H         PUBLIC        SkeyStatus
  C:9570H         PUBLIC        _HBstrlen
  C:6A3AH         PUBLIC        KeyScan
  B:00C0H.0       PUBLIC        P40
  B:0080H.4       PUBLIC        P04
  D:0098H         PUBLIC        SCON
  B:00C0H.1       PUBLIC        P41
  B:0080H.5       PUBLIC        P05
  D:0088H         PUBLIC        TCON
  B:0080H.6       PUBLIC        P06
  B:00F8H.0       PUBLIC        P70
  B:00C0H.3       PUBLIC        P43
  B:00F8H.1       PUBLIC        P71
  B:00F8H.2       PUBLIC        P72
  B:00C8H.4       PUBLIC        P54
  B:00F8H.3       PUBLIC        P73
  B:00C8H.5       PUBLIC        P55
  D:00F0H         PUBLIC        B
  X:1379H         PUBLIC        ResetKeyTime
  D:00E0H         PUBLIC        ACC
  X:137BH         PUBLIC        SkeyStatusOld
  C:6F66H         PUBLIC        _lookforstr
  C:8793H         PUBLIC        Timer_config
  C:935CH         PUBLIC        _Unlock
  C:8DB3H         PUBLIC        _MemIsEmpty
  C:947DH         PUBLIC        Exti_config
  D:00D0H         PUBLIC        PSW
  X:137CH         PUBLIC        Rly1Time
  C:976CH         PUBLIC        _putchar
BL51 BANKED LINKER/LOCATER V6.22.2.0                                                  08/04/2022  16:30:25  PAGE 27


  -------         PROC          _DELAY
  D:0006H         SYMBOL        t
  -------         DO            
  D:0004H         SYMBOL        i
  D:0002H         SYMBOL        j
  -------         ENDDO         
  C:9026H         LINE#         14
  C:9026H         LINE#         15
  C:9026H         LINE#         17
  C:902DH         LINE#         18
  C:9036H         LINE#         19
  C:904BH         LINE#         20
  -------         ENDPROC       _DELAY
  -------         PROC          _PUTCHAR
  X:114CH         SYMBOL        ch
  C:976CH         LINE#         22
  C:9771H         LINE#         23
  C:9771H         LINE#         24
  C:9774H         LINE#         25
  C:9779H         LINE#         26
  -------         ENDPROC       _PUTCHAR
  -------         PROC          _STRLEN
  X:1124H         SYMBOL        pch
  -------         DO            
  D:0007H         SYMBOL        len
  -------         ENDDO         
  C:904CH         LINE#         27
  C:9057H         LINE#         28
  C:9057H         LINE#         29
  C:9059H         LINE#         30
  C:9071H         LINE#         31
  C:9071H         LINE#         32
  -------         ENDPROC       _STRLEN
  -------         PROC          _HBSTRLEN
  D:0001H         SYMBOL        pch
  -------         DO            
  D:0007H         SYMBOL        len
  -------         ENDDO         
  C:9570H         LINE#         33
  C:9570H         LINE#         34
  C:9570H         LINE#         35
  C:9572H         LINE#         36
  C:9577H         LINE#         37
  C:9577H         LINE#         38
  C:9578H         LINE#         39
  C:957BH         LINE#         40
  C:957BH         LINE#         41
  C:957CH         LINE#         42
  C:957CH         LINE#         43
  C:9583H         LINE#         44
  C:9585H         LINE#         45
  C:9585H         LINE#         46
  -------         ENDPROC       _HBSTRLEN
  -------         PROC          _LOOKFORSTR
  X:10D5H         SYMBOL        srcBuf
  X:10D8H         SYMBOL        detBuf
  -------         DO            
BL51 BANKED LINKER/LOCATER V6.22.2.0                                                  08/04/2022  16:30:25  PAGE 28


  X:10DBH         SYMBOL        i
  X:10DDH         SYMBOL        j
  -------         ENDDO         
  C:6F66H         LINE#         48
  C:6F71H         LINE#         49
  C:6F71H         LINE#         51
  C:6F78H         LINE#         52
  C:6F7CH         LINE#         53
  C:6F9BH         LINE#         54
  C:6F9BH         LINE#         55
  C:6FAFH         LINE#         56
  C:6FAFH         LINE#         57
  C:6FD0H         LINE#         58
  C:6FD0H         LINE#         59
  C:7011H         LINE#         60
  C:7011H         LINE#         61
  C:7011H         LINE#         62
  C:7011H         LINE#         63
  C:7021H         LINE#         64
  C:703CH         LINE#         65
  C:703CH         LINE#         66
  C:7045H         LINE#         67
  C:7045H         LINE#         68
  C:7045H         LINE#         69
  C:7056H         LINE#         70
  C:7059H         LINE#         71
  C:705DH         LINE#         72
  -------         ENDPROC       _LOOKFORSTR
  -------         PROC          _CLEARBUF
  X:1124H         SYMBOL        buf
  D:0004H         SYMBOL        len
  C:8E0FH         LINE#         74
  C:8E1AH         LINE#         75
  C:8E1AH         LINE#         76
  C:8E24H         LINE#         77
  C:8E24H         LINE#         78
  C:8E38H         LINE#         79
  C:8E3AH         LINE#         80
  -------         ENDPROC       _CLEARBUF
  -------         PROC          _HS_MEMCPY
  X:10D0H         SYMBOL        dst
  X:10D3H         SYMBOL        src
  X:10D6H         SYMBOL        len
  C:8907H         LINE#         81
  C:8912H         LINE#         82
  C:8912H         LINE#         83
  C:8920H         LINE#         84
  C:8920H         LINE#         85
  C:8948H         LINE#         86
  C:894AH         LINE#         87
  -------         ENDPROC       _HS_MEMCPY
  -------         PROC          _HS_STRCPY
  X:109CH         SYMBOL        dst
  X:109FH         SYMBOL        src
  -------         DO            
  D:0006H         SYMBOL        i
  -------         ENDDO         
BL51 BANKED LINKER/LOCATER V6.22.2.0                                                  08/04/2022  16:30:25  PAGE 29


  C:868FH         LINE#         88
  C:869AH         LINE#         89
  C:869AH         LINE#         90
  C:869DH         LINE#         91
  C:86ADH         LINE#         92
  C:86ADH         LINE#         93
  C:86D3H         LINE#         94
  C:86D8H         LINE#         95
  C:86DAH         LINE#         96
  -------         ENDPROC       _HS_STRCPY
  -------         PROC          _MEMISEMPTY
  X:10C5H         SYMBOL        buf
  D:0004H         SYMBOL        len
  C:8DB3H         LINE#         99
  C:8DBEH         LINE#         100
  C:8DBEH         LINE#         101
  C:8DC8H         LINE#         102
  C:8DC8H         LINE#         103
  C:8DDDH         LINE#         104
  C:8DDDH         LINE#         105
  C:8DDFH         LINE#         106
  C:8DDFH         LINE#         107
  C:8DDFH         LINE#         108
  C:8DE0H         LINE#         109
  -------         ENDPROC       _MEMISEMPTY
  -------         PROC          GPIO_CONFIG
  -------         DO            
  X:107CH         SYMBOL        GPIO_InitStructure
  -------         ENDDO         
  C:714AH         LINE#         111
  C:714AH         LINE#         112
  C:714AH         LINE#         114
  C:7150H         LINE#         118
  C:7155H         LINE#         119
  C:7160H         LINE#         121
  C:716BH         LINE#         124
  C:7176H         LINE#         126
  C:717CH         LINE#         127
  C:7187H         LINE#         129
  C:718DH         LINE#         130
  C:7197H         LINE#         132
  C:719DH         LINE#         133
  C:71A8H         LINE#         135
  C:71AEH         LINE#         136
  C:71B9H         LINE#         138
  C:71BFH         LINE#         139
  C:71CAH         LINE#         142
  C:71D0H         LINE#         144
  C:71D4H         LINE#         145
  C:71DFH         LINE#         147
  C:71E5H         LINE#         148
  C:71F0H         LINE#         150
  C:71F6H         LINE#         151
  C:7201H         LINE#         153
  C:7207H         LINE#         154
  C:7212H         LINE#         156
  C:7218H         LINE#         157
BL51 BANKED LINKER/LOCATER V6.22.2.0                                                  08/04/2022  16:30:25  PAGE 30


  C:7223H         LINE#         159
  C:7225H         LINE#         160
  C:7227H         LINE#         162
  C:7229H         LINE#         163
  C:722BH         LINE#         164
  C:722DH         LINE#         166
  C:722FH         LINE#         167
  C:7231H         LINE#         170
  -------         ENDPROC       GPIO_CONFIG
  -------         PROC          UART_CONFIG
  -------         DO            
  X:107CH         SYMBOL        COMx_InitStructure
  -------         ENDDO         
  C:86E9H         LINE#         172
  C:86E9H         LINE#         173
  C:86E9H         LINE#         175
  C:86EFH         LINE#         176
  C:86F3H         LINE#         177
  C:86FBH         LINE#         178
  C:8701H         LINE#         179
  C:8704H         LINE#         180
  C:8707H         LINE#         181
  C:8709H         LINE#         182
  C:870CH         LINE#         183
  C:8717H         LINE#         184
  C:8720H         LINE#         187
  C:8726H         LINE#         188
  C:8731H         LINE#         189
  C:8736H         LINE#         190
  -------         ENDPROC       UART_CONFIG
  -------         PROC          TIMER_CONFIG
  -------         DO            
  X:107CH         SYMBOL        TIM_InitStructure
  -------         ENDDO         
  C:8793H         LINE#         203
  C:8793H         LINE#         204
  C:8793H         LINE#         206
  C:8798H         LINE#         207
  C:879AH         LINE#         208
  C:879DH         LINE#         209
  C:87A0H         LINE#         210
  C:87A2H         LINE#         211
  C:87AAH         LINE#         212
  C:87AEH         LINE#         214
  C:87B8H         LINE#         216
  C:87C2H         LINE#         217
  C:87CDH         LINE#         219
  C:87D7H         LINE#         220
  -------         ENDPROC       TIMER_CONFIG
  -------         PROC          EXTI_CONFIG
  -------         DO            
  X:107CH         SYMBOL        Exti_InitStructure
  -------         ENDDO         
  C:947DH         LINE#         224
  C:947DH         LINE#         225
  C:947DH         LINE#         228
  C:9483H         LINE#         229
BL51 BANKED LINKER/LOCATER V6.22.2.0                                                  08/04/2022  16:30:25  PAGE 31


  C:9488H         LINE#         230
  C:948CH         LINE#         231
  -------         ENDPROC       EXTI_CONFIG
  -------         PROC          KEYSCAN
  -------         DO            
  X:1373H         SYMBOL        KeyStep
  X:1374H         SYMBOL        KeyTime
  X:107CH         SYMBOL        key
  -------         ENDDO         
  C:6A3AH         LINE#         238
  C:6A3AH         LINE#         239
  C:6A3AH         LINE#         243
  C:6A5AH         LINE#         244
  C:6A5AH         LINE#         245
  C:6A5AH         LINE#         246
  C:6A5DH         LINE#         247
  C:6A68H         LINE#         248
  C:6A68H         LINE#         249
  C:6A6EH         LINE#         250
  C:6A74H         LINE#         251
  C:6A74H         LINE#         252
  C:6A77H         LINE#         253
  C:6A77H         LINE#         254
  C:6A7FH         LINE#         255
  C:6A7FH         LINE#         256
  C:6A80H         LINE#         257
  C:6A83H         LINE#         258
  C:6A8EH         LINE#         259
  C:6A8EH         LINE#         260
  C:6A94H         LINE#         261
  C:6A94H         LINE#         262
  C:6A97H         LINE#         263
  C:6A97H         LINE#         264
  C:6A9FH         LINE#         265
  C:6AA2H         LINE#         266
  C:6AA8H         LINE#         267
  C:6AABH         LINE#         268
  C:6AABH         LINE#         269
  C:6AB1H         LINE#         270
  C:6AB4H         LINE#         271
  C:6ABAH         LINE#         272
  C:6AF5H         LINE#         273
  C:6AF5H         LINE#         274
  C:6AF5H         LINE#         275
  C:6AF8H         LINE#         276
  C:6AF8H         LINE#         277
  C:6AFBH         LINE#         278
  C:6AFBH         LINE#         279
  C:6AFEH         LINE#         280
  C:6AFEH         LINE#         281
  C:6B01H         LINE#         282
  C:6B01H         LINE#         283
  C:6B04H         LINE#         284
  C:6B04H         LINE#         285
  C:6B07H         LINE#         286
  C:6B07H         LINE#         287
  C:6B0AH         LINE#         288
BL51 BANKED LINKER/LOCATER V6.22.2.0                                                  08/04/2022  16:30:25  PAGE 32


  C:6B0AH         LINE#         289
  C:6B0DH         LINE#         290
  C:6B0DH         LINE#         291
  C:6B10H         LINE#         292
  C:6B10H         LINE#         293
  C:6B13H         LINE#         294
  C:6B13H         LINE#         295
  C:6B16H         LINE#         296
  C:6B16H         LINE#         297
  C:6B19H         LINE#         298
  C:6B19H         LINE#         299
  C:6B1CH         LINE#         300
  C:6B1CH         LINE#         301
  C:6B1FH         LINE#         302
  C:6B1FH         LINE#         303
  C:6B22H         LINE#         304
  C:6B22H         LINE#         305
  C:6B25H         LINE#         306
  C:6B25H         LINE#         307
  C:6B25H         LINE#         308
  C:6B25H         LINE#         309
  C:6B2DH         LINE#         310
  C:6B2DH         LINE#         311
  C:6B33H         LINE#         312
  C:6B37H         LINE#         313
  C:6B37H         LINE#         314
  C:6B39H         LINE#         315
  C:6B39H         LINE#         316
  C:6B41H         LINE#         317
  C:6B41H         LINE#         318
  C:6B47H         LINE#         319
  C:6B49H         LINE#         320
  C:6B51H         LINE#         321
  C:6B51H         LINE#         322
  C:6B55H         LINE#         323
  C:6B55H         LINE#         324
  C:6B55H         LINE#         326
  C:6B55H         LINE#         327
  C:6B57H         LINE#         328
[...]
  C:8A83H         LINE#         51
  C:8AA0H         LINE#         54
  C:8AA3H         LINE#         56
  -------         ENDPROC       TIMER4_INT
  -------         PROC          _TIMER_INILIZE
  D:0005H         SYMBOL        TIM
  D:0001H         SYMBOL        TIMx
  C:4F81H         LINE#         66
  C:4F83H         LINE#         67
  C:4F83H         LINE#         69
  C:4F89H         LINE#         70
  C:4F89H         LINE#         71
  C:4F8BH         LINE#         72
  C:4F98H         LINE#         73
  C:4F9AH         LINE#         74
  C:4FA9H         LINE#         75
  C:4FD7H         LINE#         77
  C:4FE3H         LINE#         78
  C:4FEAH         LINE#         79
  C:4FF7H         LINE#         80
  C:4FFDH         LINE#         81
  C:5006H         LINE#         82
  C:5009H         LINE#         83
  C:5017H         LINE#         84
  C:501AH         LINE#         86
  C:502CH         LINE#         87
  C:5037H         LINE#         88
  C:503AH         LINE#         89
  C:503AH         LINE#         92
  C:5042H         LINE#         93
  C:5042H         LINE#         94
  C:5044H         LINE#         95
  C:5051H         LINE#         96
  C:5053H         LINE#         97
  C:5062H         LINE#         98
  C:5090H         LINE#         99
  C:509CH         LINE#         100
  C:50A3H         LINE#         101
  C:50B0H         LINE#         102
BL51 BANKED LINKER/LOCATER V6.22.2.0                                                  08/04/2022  16:30:25  PAGE 132


  C:50B6H         LINE#         103
  C:50BFH         LINE#         104
  C:50C2H         LINE#         105
  C:50D0H         LINE#         106
  C:50D3H         LINE#         108
  C:50E5H         LINE#         109
  C:50F0H         LINE#         110
  C:50F3H         LINE#         111
  C:50F3H         LINE#         152
  C:50F8H         LINE#         153
  C:50F8H         LINE#         154
  C:50FBH         LINE#         155
  C:5109H         LINE#         156
  C:510CH         LINE#         157
  C:511BH         LINE#         158
  C:5122H         LINE#         159
  C:512DH         LINE#         160
  C:513BH         LINE#         161
  C:513EH         LINE#         162
  C:514CH         LINE#         163
  C:514FH         LINE#         165
  C:515FH         LINE#         166
  C:516BH         LINE#         167
  C:516EH         LINE#         168
  C:516EH         LINE#         170
  C:5170H         LINE#         171
  -------         ENDPROC       _TIMER_INILIZE
  -------         ENDMOD        TIMER

  -------         MODULE        GPIO
  C:0000H         SYMBOL        _ICE_DUMMY_
  D:0093H         PUBLIC        P0M1
  D:0092H         PUBLIC        P1M0
  D:0096H         PUBLIC        P2M0
  D:0091H         PUBLIC        P1M1
  D:0080H         PUBLIC        P0
  D:00B2H         PUBLIC        P3M0
  D:0095H         PUBLIC        P2M1
  D:0090H         PUBLIC        P1
  D:00B4H         PUBLIC        P4M0
  D:00B1H         PUBLIC        P3M1
  D:00A0H         PUBLIC        P2
  D:00CAH         PUBLIC        P5M0
  D:00B3H         PUBLIC        P4M1
  D:00B0H         PUBLIC        P3
  D:00CCH         PUBLIC        P6M0
  D:00C9H         PUBLIC        P5M1
  D:00C0H         PUBLIC        P4
  D:00E2H         PUBLIC        P7M0
  D:00CBH         PUBLIC        P6M1
  D:00C8H         PUBLIC        P5
  D:00E8H         PUBLIC        P6
  D:00E1H         PUBLIC        P7M1
  D:00F8H         PUBLIC        P7
  D:00A8H         PUBLIC        IE
  D:00B8H         PUBLIC        IP
  D:00D8H         PUBLIC        CCON
BL51 BANKED LINKER/LOCATER V6.22.2.0                                                  08/04/2022  16:30:25  PAGE 133


  D:0098H         PUBLIC        SCON
  D:0088H         PUBLIC        TCON
  D:00F0H         PUBLIC        B
  D:00E0H         PUBLIC        ACC
  C:46CBH         PUBLIC        _GPIO_Inilize
  D:00D0H         PUBLIC        PSW
  D:0094H         PUBLIC        P0M0
  -------         PROC          _GPIO_INILIZE
  D:0007H         SYMBOL        GPIO
  D:0001H         SYMBOL        GPIOx
  C:46CBH         LINE#         10
  C:46CBH         LINE#         11
  C:46CBH         LINE#         12
  C:46D4H         LINE#         13
  C:46E0H         LINE#         14
  C:46E3H         LINE#         15
  C:46E3H         LINE#         16
  C:46F1H         LINE#         17
  C:4702H         LINE#         18
  C:4713H         LINE#         19
  C:4724H         LINE#         20
  C:4724H         LINE#         21
  C:4729H         LINE#         22
  C:4729H         LINE#         23
  C:473AH         LINE#         24
  C:4749H         LINE#         25
  C:4759H         LINE#         26
  C:476CH         LINE#         27
  C:476CH         LINE#         28
  C:4771H         LINE#         29
  C:4771H         LINE#         30
  C:4782H         LINE#         31
  C:4791H         LINE#         32
  C:47A1H         LINE#         33
  C:47B4H         LINE#         34
  C:47B4H         LINE#         35
  C:47B9H         LINE#         36
  C:47B9H         LINE#         37
  C:47CAH         LINE#         38
  C:47D9H         LINE#         39
  C:47E9H         LINE#         40
  C:47FCH         LINE#         41
  C:47FCH         LINE#         42
  C:4801H         LINE#         43
  C:4801H         LINE#         44
  C:4812H         LINE#         45
  C:4821H         LINE#         46
  C:4831H         LINE#         47
  C:4844H         LINE#         48
  C:4844H         LINE#         49
  C:4849H         LINE#         50
  C:4849H         LINE#         51
  C:485AH         LINE#         52
  C:4869H         LINE#         53
  C:4879H         LINE#         54
  C:488CH         LINE#         55
  C:488CH         LINE#         56
BL51 BANKED LINKER/LOCATER V6.22.2.0                                                  08/04/2022  16:30:25  PAGE 134


  C:4891H         LINE#         57
  C:4891H         LINE#         58
  C:48A2H         LINE#         59
  C:48B1H         LINE#         60
  C:48C1H         LINE#         61
  C:48D4H         LINE#         62
  C:48D4H         LINE#         63
  C:48D9H         LINE#         64
  C:48D9H         LINE#         65
  C:48EAH         LINE#         66
  C:48F9H         LINE#         67
  C:4909H         LINE#         68
  C:491CH         LINE#         69
  C:491CH         LINE#         70
  C:491EH         LINE#         71
  -------         ENDPROC       _GPIO_INILIZE
  -------         ENDMOD        GPIO

  -------         MODULE        EXTI
  C:0000H         SYMBOL        _ICE_DUMMY_
  D:0080H         PUBLIC        P0
  D:0090H         PUBLIC        P1
  D:00A0H         PUBLIC        P2
  D:00B0H         PUBLIC        P3
  D:00C0H         PUBLIC        P4
  D:00C8H         PUBLIC        P5
  D:00E8H         PUBLIC        P6
  D:00F8H         PUBLIC        P7
  D:00A8H         PUBLIC        IE
  D:00B8H         PUBLIC        IP
  D:00D8H         PUBLIC        CCON
  C:89CDH         PUBLIC        Ext_INT0
  D:0098H         PUBLIC        SCON
  D:0088H         PUBLIC        TCON
  B:0088H.1       PUBLIC        IE0
  D:00F0H         PUBLIC        B
  D:00E0H         PUBLIC        ACC
  B:00A8H.0       PUBLIC        EX0
  B:0088H.0       PUBLIC        IT0
  B:00B8H.0       PUBLIC        PX0
  D:00B7H         PUBLIC        IPH
  C:862CH         PUBLIC        _Ext_Inilize
  D:00D0H         PUBLIC        PSW
  -------         PROC          EXT_INT0
  C:89CDH         LINE#         8
  C:89EAH         LINE#         11
  C:89EDH         LINE#         12
  C:89F2H         LINE#         13
  -------         ENDPROC       EXT_INT0
  -------         PROC          _EXT_INILIZE
  D:0007H         SYMBOL        EXT
  D:0001H         SYMBOL        INTx
  C:862CH         LINE#         51
  C:862CH         LINE#         52
  C:862CH         LINE#         55
  C:862FH         LINE#         56
  C:862FH         LINE#         57
BL51 BANKED LINKER/LOCATER V6.22.2.0                                                  08/04/2022  16:30:25  PAGE 135


  C:8631H         LINE#         58
  C:863EH         LINE#         59
  C:8640H         LINE#         60
  C:864FH         LINE#         61
  C:867DH         LINE#         62
  C:8687H         LINE#         63
  C:8689H         LINE#         64
  C:868CH         LINE#         65
  C:868CH         LINE#         104
  C:868EH         LINE#         105
  -------         ENDPROC       _EXT_INILIZE
  -------         ENDMOD        EXTI

  -------         MODULE        SPI
  C:0000H         SYMBOL        _ICE_DUMMY_
  D:0080H         PUBLIC        P0
  D:0090H         PUBLIC        P1
  C:8876H         PUBLIC        SPI_Transivion
  D:00A0H         PUBLIC        P2
  D:00B0H         PUBLIC        P3
  D:00C0H         PUBLIC        P4
  D:00C8H         PUBLIC        P5
  D:00E8H         PUBLIC        P6
  D:00F8H         PUBLIC        P7
  D:00CEH         PUBLIC        SPCTL
  D:00A2H         PUBLIC        P_SW1
  D:00A8H         PUBLIC        IE
  B:0023H.4       PUBLIC        B_SPI_Busy
  D:00B8H         PUBLIC        IP
  C:7837H         PUBLIC        _SPI_Flash_Read
  D:00D8H         PUBLIC        CCON
  D:0098H         PUBLIC        SCON
  D:0088H         PUBLIC        TCON
  B:00F8H.4       PUBLIC        P74
  X:11D3H         PUBLIC        SPI_RxCnt
  D:00AFH         PUBLIC        IE2
  D:00F0H         PUBLIC        B
  D:00E0H         PUBLIC        ACC
  X:11D4H         PUBLIC        SPI_RxTimerOut
  D:00CDH         PUBLIC        SPSTAT
  C:78D0H         PUBLIC        _SPI_Init
  C:9459H         PUBLIC        _SPI_ReadWriteByte
  X:11D5H         PUBLIC        SPI_RxBuffer
  D:00D0H         PUBLIC        PSW
  D:00CFH         PUBLIC        SPDAT
  -------         PROC          _SPI_INIT
  D:0001H         SYMBOL        SPIx
  C:78D0H         LINE#         29
  C:78D0H         LINE#         30
  C:78D0H         LINE#         31
  C:78DEH         LINE#         32
  C:78E1H         LINE#         33
  C:78ECH         LINE#         34
  C:78EFH         LINE#         35
  C:78FDH         LINE#         36
  C:7900H         LINE#         37
  C:790DH         LINE#         38
BL51 BANKED LINKER/LOCATER V6.22.2.0                                                  08/04/2022  16:30:25  PAGE 136


  C:7910H         LINE#         39
  C:791EH         LINE#         40
  C:7921H         LINE#         41
  C:792EH         LINE#         42
  C:7931H         LINE#         43
  C:793FH         LINE#         44
  C:7942H         LINE#         45
  C:7952H         LINE#         46
  C:7960H         LINE#         48
  C:7965H         LINE#         49
  C:7967H         LINE#         50
  -------         ENDPROC       _SPI_INIT
  -------         PROC          SPI_TRANSIVION
  C:8876H         LINE#         96
  C:8883H         LINE#         98
  C:8888H         LINE#         99
  C:8888H         LINE#         100
  C:888AH         LINE#         101
  C:888CH         LINE#         103
  C:888CH         LINE#         104
  C:8897H         LINE#         105
  C:88ABH         LINE#         106
  C:88B1H         LINE#         107
  C:88B1H         LINE#         108
  C:88B4H         LINE#         109
  -------         ENDPROC       SPI_TRANSIVION
  -------         PROC          L?0028
  -------         ENDPROC       L?0028
  -------         PROC          _SPI_READWRITEBYTE
  D:0007H         SYMBOL        dat
  C:9459H         LINE#         111
  C:9459H         LINE#         112
  C:9459H         LINE#         113
  C:945BH         LINE#         114
  C:945DH         LINE#         115
  C:9460H         LINE#         116
  C:9462H         LINE#         117
  C:9462H         LINE#         118
  -------         ENDPROC       _SPI_READWRITEBYTE
  -------         PROC          _SPI_FLASH_READ
  X:112CH         SYMBOL        pBuffer
  X:112FH         SYMBOL        ReadAddr
  X:1133H         SYMBOL        NumByteToRead
  -------         DO            
  X:1135H         SYMBOL        i
  X:1137H         SYMBOL        tmp
  -------         ENDDO         
  C:7837H         LINE#         139
  C:7846H         LINE#         140
  C:7846H         LINE#         141
  C:7846H         LINE#         142
  C:7848H         LINE#         143
  C:784FH         LINE#         144
  C:7854H         LINE#         145
  C:7859H         LINE#         146
  C:785EH         LINE#         147
  C:7869H         LINE#         148
BL51 BANKED LINKER/LOCATER V6.22.2.0                                                  08/04/2022  16:30:25  PAGE 137


  C:7885H         LINE#         149
  C:7885H         LINE#         150
  C:7896H         LINE#         151
  C:78BDH         LINE#         152
  C:78CDH         LINE#         153
  C:78CFH         LINE#         154
  -------         ENDPROC       _SPI_FLASH_READ
  -------         ENDMOD        SPI

  -------         MODULE        ?C?COPY
  C:09B6H         PUBLIC        ?C?COPY
  -------         ENDMOD        ?C?COPY

  -------         MODULE        ?C?CLDPTR
  C:09DCH         PUBLIC        ?C?CLDPTR
  -------         ENDMOD        ?C?CLDPTR

  -------         MODULE        ?C?CLDOPTR
  C:09F5H         PUBLIC        ?C?CLDOPTR
  -------         ENDMOD        ?C?CLDOPTR

  -------         MODULE        ?C?CSTPTR
  C:0A22H         PUBLIC        ?C?CSTPTR
  -------         ENDMOD        ?C?CSTPTR

  -------         MODULE        ?C?CSTOPTR
  C:0A34H         PUBLIC        ?C?CSTOPTR
  -------         ENDMOD        ?C?CSTOPTR

  -------         MODULE        ?C?IMUL
  C:0A56H         PUBLIC        ?C?IMUL
  -------         ENDMOD        ?C?IMUL

  -------         MODULE        ?C?UIDIV
  C:0A68H         PUBLIC        ?C?UIDIV
  -------         ENDMOD        ?C?UIDIV

  -------         MODULE        ?C?IILDX
  C:0ABDH         PUBLIC        ?C?IILDX
  -------         ENDMOD        ?C?IILDX

  -------         MODULE        ?C?ILDIX
  C:0AD3H         PUBLIC        ?C?ILDIX
  -------         ENDMOD        ?C?ILDIX

  -------         MODULE        ?C?ILDPTR
  C:0AE9H         PUBLIC        ?C?ILDPTR
  -------         ENDMOD        ?C?ILDPTR

  -------         MODULE        ?C?ILDOPTR
  C:0B14H         PUBLIC        ?C?ILDOPTR
  -------         ENDMOD        ?C?ILDOPTR

  -------         MODULE        ?C?LMUL
  C:0B4CH         PUBLIC        ?C?LMUL
  -------         ENDMOD        ?C?LMUL

BL51 BANKED LINKER/LOCATER V6.22.2.0                                                  08/04/2022  16:30:25  PAGE 138


  -------         MODULE        ?C?ULDIV
  C:0BD7H         PUBLIC        ?C?ULDIV
  -------         ENDMOD        ?C?ULDIV

  -------         MODULE        ?C?ULCMP
  C:0C69H         PUBLIC        ?C?ULCMP
  -------         ENDMOD        ?C?ULCMP

  -------         MODULE        ?C?ULSHR
  C:0C7AH         PUBLIC        ?C?ULSHR
  -------         ENDMOD        ?C?ULSHR

  -------         MODULE        ?C?LSHL
  C:0C8DH         PUBLIC        ?C?LSHL
  -------         ENDMOD        ?C?LSHL

  -------         MODULE        ?C?LLDOPTR
  C:0CA0H         PUBLIC        ?C?LLDOPTR
  -------         ENDMOD        ?C?LLDOPTR

  -------         MODULE        ?C?LLDOPTR0
  C:0CD0H         PUBLIC        ?C?LLDOPTR0
  -------         ENDMOD        ?C?LLDOPTR0

  -------         MODULE        ?C?LSTXDATA
  C:0D00H         PUBLIC        ?C?LSTXDATA
  -------         ENDMOD        ?C?LSTXDATA

  -------         MODULE        ?C?LSTKXDATA
  C:0D0CH         PUBLIC        ?C?LSTKXDATA
  -------         ENDMOD        ?C?LSTKXDATA

  -------         MODULE        ?C?OFFXADD
  C:0D3DH         PUBLIC        ?C?OFFXADD
  -------         ENDMOD        ?C?OFFXADD

  -------         MODULE        ?C?CCASE
  C:0D49H         PUBLIC        ?C?CCASE
  -------         ENDMOD        ?C?CCASE

  -------         MODULE        ?C?ICALL
  C:0D6FH         PUBLIC        ?C?ICALL
  C:0D73H         PUBLIC        ?C?ICALL2
  -------         ENDMOD        ?C?ICALL

  -------         MODULE        PRINTF
  X:1124H         PUBLIC        ?_PRINTF517?BYTE
  X:1124H         PUBLIC        ?_PRINTF?BYTE
  X:1124H         PUBLIC        ?_SPRINTF517?BYTE
  X:1124H         PUBLIC        ?_SPRINTF?BYTE
  C:2D19H         PUBLIC        _PRINTF
  C:2D19H         PUBLIC        _PRINTF517
  C:2D13H         PUBLIC        _SPRINTF
  C:2D13H         PUBLIC        _SPRINTF517
  -------         ENDMOD        PRINTF

  -------         MODULE        SCANF
BL51 BANKED LINKER/LOCATER V6.22.2.0                                                  08/04/2022  16:30:25  PAGE 139


  X:10D5H         PUBLIC        ?_SCANF517?BYTE
  X:10D5H         PUBLIC        ?_SCANF?BYTE
  X:10D5H         PUBLIC        ?_SSCANF517?BYTE
  X:10D5H         PUBLIC        ?_SSCANF?BYTE
  C:3A32H         PUBLIC        _SCANF
  C:3A32H         PUBLIC        _SCANF517
  C:3A2EH         PUBLIC        _SSCANF
  C:3A2EH         PUBLIC        _SSCANF517
  -------         ENDMOD        SCANF

  -------         MODULE        ?C?ISTPTR
  C:0D75H         PUBLIC        ?C?ISTPTR
  -------         ENDMOD        ?C?ISTPTR

  -------         MODULE        ?C?LNEG
  C:0D94H         PUBLIC        ?C?LNEG
  -------         ENDMOD        ?C?LNEG

  -------         MODULE        ?C?LSTPTR
  C:0DA2H         PUBLIC        ?C?LSTPTR
  -------         ENDMOD        ?C?LSTPTR

  -------         MODULE        ?C?LLDIDATA
  C:0DBCH         PUBLIC        ?C?LLDIDATA
  -------         ENDMOD        ?C?LLDIDATA

  -------         MODULE        ?C?LLDXDATA
  C:0DC8H         PUBLIC        ?C?LLDXDATA
  -------         ENDMOD        ?C?LLDXDATA

  -------         MODULE        ?C?LLDPDATA
  C:0DD4H         PUBLIC        ?C?LLDPDATA
  -------         ENDMOD        ?C?LLDPDATA

  -------         MODULE        ?C?LLDCODE
  C:0DE0H         PUBLIC        ?C?LLDCODE
  -------         ENDMOD        ?C?LLDCODE

  -------         MODULE        ?C?LLDIDATA0
  C:0DF0H         PUBLIC        ?C?LLDIDATA0
  -------         ENDMOD        ?C?LLDIDATA0

  -------         MODULE        ?C?LLDXDATA0
  C:0DFDH         PUBLIC        ?C?LLDXDATA0
  -------         ENDMOD        ?C?LLDXDATA0

  -------         MODULE        ?C?LLDPDATA0
  C:0E09H         PUBLIC        ?C?LLDPDATA0
  -------         ENDMOD        ?C?LLDPDATA0

  -------         MODULE        ?C?LLDCODE0
  C:0E16H         PUBLIC        ?C?LLDCODE0
  -------         ENDMOD        ?C?LLDCODE0

  -------         MODULE        ?C?PLDXDATA
  C:0E26H         PUBLIC        ?C?PLDXDATA
  -------         ENDMOD        ?C?PLDXDATA
BL51 BANKED LINKER/LOCATER V6.22.2.0                                                  08/04/2022  16:30:25  PAGE 140



  -------         MODULE        ?C?PLDIXDATA
  C:0E2FH         PUBLIC        ?C?PLDIXDATA
  -------         ENDMOD        ?C?PLDIXDATA

  -------         MODULE        ?C?PILDXDATA
  C:0E46H         PUBLIC        ?C?PILDXDATA
  -------         ENDMOD        ?C?PILDXDATA

  -------         MODULE        ?C?PSTXDATA
  C:0E5DH         PUBLIC        ?C?PSTXDATA
  -------         ENDMOD        ?C?PSTXDATA

  -------         MODULE        GETCHAR
  B:0023H.5       PUBLIC        ?C?CHARLOADED
  X:138DH         PUBLIC        ?_UNGETCHAR?BYTE
  C:9673H         PUBLIC        GETCHAR
  -------         ENDMOD        GETCHAR

  -------         MODULE        UNGETC
  C:97A1H         PUBLIC        _UNGETCHAR
  -------         ENDMOD        UNGETC

  -------         MODULE        ISSPACE
  C:9687H         PUBLIC        _isspace
  -------         ENDMOD        ISSPACE

  -------         MODULE        ?C?LSTIDATA
  C:0E66H         PUBLIC        ?C?LSTIDATA
  -------         ENDMOD        ?C?LSTIDATA

  -------         MODULE        ?C?LSTPDATA
  C:0E72H         PUBLIC        ?C?LSTPDATA
  -------         ENDMOD        ?C?LSTPDATA

  -------         MODULE        _GETKEY
  C:978EH         PUBLIC        _GETKEY
  -------         ENDMOD        _GETKEY

*** WARNING L16: UNCALLED SEGMENT, IGNORED FOR OVERLAY PROCESS
    SEGMENT: ?PR?_DISPLAYCSQ?LCD12864

Program Size: data=17.6 xdata=5006 code=38812
LINK/LOCATE RUN COMPLETE.  1 WARNING(S),  0 ERROR(S)
