BL51 BANKED LINKER/LOCATER V6.22.2.0                                                    08/04/2022  09:22:02  PAGE 1


BL51 BANKED LINKER/LOCATER V6.22.2.0, INVOKED BY:
D:\KEIL-C51\C51\BIN\BL51.EXE .\Objects\STARTUP.obj, .\Objects\main.obj, .\Objects\Driver.obj, .\Objects\LCD12864.obj, .\
>> Objects\GSM.obj, .\Objects\NameList.obj, .\Objects\Eeprom.obj, .\Objects\SysStatus.obj, .\Objects\UnlockPassword.obj,
>>  .\Objects\SysString.obj, .\Objects\Card.obj, .\Objects\CardRead.obj, .\Objects\Audio.obj, .\Objects\UART.obj, .\Obje
>> cts\timer.obj, .\Objects\GPIO.obj, .\Objects\Exti.obj, .\Objects\spi.obj TO .\Objects\GSM PRINT (.\Listings\GSM.m51) 
>> RAMSIZE (256)


MEMORY MODEL: LARGE


INPUT MODULES INCLUDED:
  .\Objects\STARTUP.obj (?C_STARTUP)
  .\Objects\main.obj (MAIN)
  .\Objects\Driver.obj (DRIVER)
  .\Objects\LCD12864.obj (LCD12864)
  .\Objects\GSM.obj (GSM)
  .\Objects\NameList.obj (NAMELIST)
  .\Objects\Eeprom.obj (EEPROM)
  .\Objects\SysStatus.obj (SYSSTATUS)
  .\Objects\UnlockPassword.obj (UNLOCKPASSWORD)
  .\Objects\SysString.obj (SYSSTRING)
  .\Objects\Card.obj (CARD)
  .\Objects\CardRead.obj (CARDREAD)
  .\Objects\Audio.obj (AUDIO)
  .\Objects\UART.obj (UART)
  .\Objects\timer.obj (TIMER)
  .\Objects\GPIO.obj (GPIO)
  .\Objects\Exti.obj (EXTI)
  .\Objects\spi.obj (SPI)
  D:\KEIL-C51\C51\LIB\C51L.LIB (?C_INIT)
  D:\KEIL-C51\C51\LIB\C51L.LIB (?C?COPY)
  D:\KEIL-C51\C51\LIB\C51L.LIB (?C?CLDPTR)
  D:\KEIL-C51\C51\LIB\C51L.LIB (?C?CLDOPTR)
  D:\KEIL-C51\C51\LIB\C51L.LIB (?C?CSTPTR)
  D:\KEIL-C51\C51\LIB\C51L.LIB (?C?CSTOPTR)
  D:\KEIL-C51\C51\LIB\C51L.LIB (?C?IMUL)
  D:\KEIL-C51\C51\LIB\C51L.LIB (?C?UIDIV)
  D:\KEIL-C51\C51\LIB\C51L.LIB (?C?IILDX)
  D:\KEIL-C51\C51\LIB\C51L.LIB (?C?ILDIX)
  D:\KEIL-C51\C51\LIB\C51L.LIB (?C?ILDPTR)
  D:\KEIL-C51\C51\LIB\C51L.LIB (?C?ILDOPTR)
  D:\KEIL-C51\C51\LIB\C51L.LIB (?C?LMUL)
  D:\KEIL-C51\C51\LIB\C51L.LIB (?C?ULDIV)
  D:\KEIL-C51\C51\LIB\C51L.LIB (?C?ULCMP)
  D:\KEIL-C51\C51\LIB\C51L.LIB (?C?ULSHR)
  D:\KEIL-C51\C51\LIB\C51L.LIB (?C?LSHL)
  D:\KEIL-C51\C51\LIB\C51L.LIB (?C?LLDOPTR)
  D:\KEIL-C51\C51\LIB\C51L.LIB (?C?LLDOPTR0)
  D:\KEIL-C51\C51\LIB\C51L.LIB (?C?LSTXDATA)
  D:\KEIL-C51\C51\LIB\C51L.LIB (?C?LSTKXDATA)
  D:\KEIL-C51\C51\LIB\C51L.LIB (?C?OFFXADD)
  D:\KEIL-C51\C51\LIB\C51L.LIB (?C?CCASE)
  D:\KEIL-C51\C51\LIB\C51L.LIB (?C?ICALL)
  D:\KEIL-C51\C51\LIB\C51L.LIB (PRINTF)
  D:\KEIL-C51\C51\LIB\C51L.LIB (SCANF)
  D:\KEIL-C51\C51\LIB\C51L.LIB (?C?ISTPTR)
  D:\KEIL-C51\C51\LIB\C51L.LIB (?C?LNEG)
BL51 BANKED LINKER/LOCATER V6.22.2.0                                                  08/04/2022  09:22:02  PAGE 2


  D:\KEIL-C51\C51\LIB\C51L.LIB (?C?LSTPTR)
  D:\KEIL-C51\C51\LIB\C51L.LIB (?C?LLDIDATA)
  D:\KEIL-C51\C51\LIB\C51L.LIB (?C?LLDXDATA)
  D:\KEIL-C51\C51\LIB\C51L.LIB (?C?LLDPDATA)
  D:\KEIL-C51\C51\LIB\C51L.LIB (?C?LLDCODE)
  D:\KEIL-C51\C51\LIB\C51L.LIB (?C?LLDIDATA0)
  D:\KEIL-C51\C51\LIB\C51L.LIB (?C?LLDXDATA0)
  D:\KEIL-C51\C51\LIB\C51L.LIB (?C?LLDPDATA0)
  D:\KEIL-C51\C51\LIB\C51L.LIB (?C?LLDCODE0)
  D:\KEIL-C51\C51\LIB\C51L.LIB (?C?PLDXDATA)
  D:\KEIL-C51\C51\LIB\C51L.LIB (?C?PLDIXDATA)
  D:\KEIL-C51\C51\LIB\C51L.LIB (?C?PILDXDATA)
  D:\KEIL-C51\C51\LIB\C51L.LIB (?C?PSTXDATA)
  D:\KEIL-C51\C51\LIB\C51L.LIB (GETCHAR)
  D:\KEIL-C51\C51\LIB\C51L.LIB (UNGETC)
  D:\KEIL-C51\C51\LIB\C51L.LIB (ISSPACE)
  D:\KEIL-C51\C51\LIB\C51L.LIB (?C?LSTIDATA)
  D:\KEIL-C51\C51\LIB\C51L.LIB (?C?LSTPDATA)
  D:\KEIL-C51\C51\LIB\C51L.LIB (_GETKEY)


LINK MAP OF MODULE:  .\Objects\GSM (?C_STARTUP)


            TYPE    BASE      LENGTH    RELOCATION   SEGMENT NAME
            -----------------------------------------------------

            * * * * * * *   D A T A   M E M O R Y   * * * * * * *
            REG     0000H     0008H     ABSOLUTE     "REG BANK 0"
            DATA    0008H     0005H     UNIT         _DATA_GROUP_
                    000DH     0013H                  *** GAP ***
            BIT     0020H.0   0001H.2   UNIT         _BIT_GROUP_
            BIT     0021H.2   0000H.3   UNIT         ?BI?GSM
            BIT     0021H.5   0000H.3   UNIT         ?BI?UNLOCKPASSWORD
            BIT     0022H.0   0000H.3   UNIT         ?BI?CARDREAD
            BIT     0022H.3   0000H.3   UNIT         ?BI?AUDIO
            BIT     0022H.6   0000H.2   UNIT         ?BI?LCD12864
            BIT     0023H.0   0000H.2   UNIT         ?BI?CARD
            BIT     0023H.2   0000H.1   UNIT         ?BI?NAMELIST
            BIT     0023H.3   0000H.1   UNIT         ?BI?TIMER
            BIT     0023H.4   0000H.1   UNIT         ?BI?SPI
            BIT     0023H.5   0000H.1   UNIT         ?BI?GETCHAR
                    0023H.6   0000H.2                *** GAP ***
            IDATA   0024H     0001H     UNIT         ?STACK

            * * * * * * *  X D A T A   M E M O R Y  * * * * * * *
            XDATA   0000H     0896H     UNIT         ?XD?AUDIO
            XDATA   0896H     0406H     UNIT         ?XD?LCD12864
            XDATA   0C9CH     03D8H     UNIT         ?XD?UART
            XDATA   1074H     00D1H     UNIT         _XDATA_GROUP_
            XDATA   1145H     0086H     UNIT         ?XD?SYSSTATUS
            XDATA   11CBH     0082H     UNIT         ?XD?SPI
            XDATA   124DH     0056H     UNIT         ?XD?GSM
            XDATA   12A3H     0056H     UNIT         ?XD?NAMELIST
            XDATA   12F9H     0052H     UNIT         ?XD?CARDREAD
            XDATA   134BH     0014H     UNIT         ?XD?SYSSTRING
            XDATA   135FH     000CH     UNIT         ?XD?UNLOCKPASSWORD
BL51 BANKED LINKER/LOCATER V6.22.2.0                                                  08/04/2022  09:22:02  PAGE 3


            XDATA   136BH     000BH     UNIT         ?XD?DRIVER
            XDATA   1376H     0008H     UNIT         ?XD?CARD
            XDATA   137EH     0003H     UNIT         ?XD?MAIN
            XDATA   1381H     0003H     UNIT         ?XD?_DISPLAYCSQ?LCD12864
            XDATA   1384H     0001H     UNIT         ?XD?TIMER
            XDATA   1385H     0001H     UNIT         ?XD?GETCHAR

            * * * * * * *   C O D E   M E M O R Y   * * * * * * *
            CODE    0000H     0003H     ABSOLUTE     
            CODE    0003H     0003H     ABSOLUTE     
                    0006H     0005H                  *** GAP ***
            CODE    000BH     0003H     ABSOLUTE     
            CODE    000EH     000AH     UNIT         ?PR?CLEARNAMELIST?NAMELIST
                    0018H     0003H                  *** GAP ***
            CODE    001BH     0003H     ABSOLUTE     
                    001EH     0005H                  *** GAP ***
            CODE    0023H     0003H     ABSOLUTE     
            CODE    0026H     0025H     UNIT         ?PR?EDITNAMEITEMCON?NAMELIST
            CODE    004BH     0003H     ABSOLUTE     
            CODE    004EH     003DH     UNIT         ?PR?TIMER0_INT?TIMER
            CODE    008BH     0003H     ABSOLUTE     
            CODE    008EH     0015H     UNIT         ?PR?IIC_NACK?EEPROM
            CODE    00A3H     0003H     ABSOLUTE     
            CODE    00A6H     0840H     UNIT         ?CO?LCD12864
            CODE    08E6H     0598H     UNIT         ?C?LIB_CODE
            CODE    0E7EH     04E4H     UNIT         ?PR?_REVNAMELIST?NAMELIST
            CODE    1362H     04E1H     UNIT         ?PR?CHECKRFIDCARD?CARDREAD
            CODE    1843H     048AH     UNIT         ?PR?_MODEMRECEIVEHANDLE?GSM
            CODE    1CCDH     044CH     UNIT         ?PR?_UART_CONFIGURATION?UART
            CODE    2119H     0425H     UNIT         ?PR?_PSWEDITKEY?UNLOCKPASSWORD
            CODE    253EH     03F6H     UNIT         ?PR?_NAMEEDITKEY?NAMELIST
            CODE    2934H     037AH     UNIT         ?CO?SYSSTRING
            CODE    2CAEH     0365H     UNIT         ?PR?PRINTF?PRINTF
            CODE    3013H     0336H     UNIT         ?PR?GSM_INITTASK?GSM
            CODE    3349H     0331H     UNIT         ?PR?_SHOWPSW?UNLOCKPASSWORD
            CODE    367AH     032BH     UNIT         ?CO?GSM
            CODE    39A5H     0322H     UNIT         ?PR?SCANF?SCANF
            CODE    3CC7H     02C1H     UNIT         ?PR?_SYSPSWEDITKEY?UNLOCKPASSWORD
            CODE    3F88H     027FH     UNIT         ?PR?_SHOWCARD?CARD
            CODE    4207H     0269H     UNIT         ?PR?MAIN?MAIN
            CODE    4470H     0256H     UNIT         ?PR?_SHOWNAME?NAMELIST
            CODE    46C6H     0254H     UNIT         ?PR?_GPIO_INILIZE?GPIO
            CODE    491AH     022FH     UNIT         ?PR?_NAMEDELETEKEY?NAMELIST
            CODE    4B49H     0216H     UNIT         ?C_INITSEG
            CODE    4D5FH     0215H     UNIT         ?PR?SHOWSUBPARA?SYSSTATUS
            CODE    4F74H     01F0H     UNIT         ?PR?_TIMER_INILIZE?TIMER
            CODE    5164H     01CEH     UNIT         ?PR?_SAVESUBPARA?SYSSTATUS
            CODE    5332H     01B8H     UNIT         ?PR?_CARDDELETEKEY?CARD
            CODE    54EAH     01B2H     UNIT         ?PR?_CARDEDITKEY?CARD
            CODE    569CH     01AAH     UNIT         ?PR?_PSWDELETEKEY?UNLOCKPASSWORD
            CODE    5846H     0188H     UNIT         ?PR?_SYSSUBSETKEY?SYSSTATUS
            CODE    59CEH     0183H     UNIT         ?PR?WAVREADTASK?AUDIO
            CODE    5B51H     0180H     UNIT         ?PR?_SYSKEY?SYSSTATUS
            CODE    5CD1H     017AH     UNIT         ?PR?_ATCMDCB_CPIN?GSM
            CODE    5E4BH     0172H     UNIT         ?PR?_SUBSETCON?SYSSTATUS
            CODE    5FBDH     0170H     UNIT         ?PR?_ATCMDCB_CREG?GSM
            CODE    612DH     0169H     UNIT         ?PR?_ATCMDCB_CSQ?GSM
BL51 BANKED LINKER/LOCATER V6.22.2.0                                                  08/04/2022  09:22:02  PAGE 4


            CODE    6296H     0153H     UNIT         ?PR?INITSYSPARA?SYSSTATUS
            CODE    63E9H     014DH     UNIT         ?PR?_WRITELCD?LCD12864
            CODE    6536H     014CH     UNIT         ?PR?_SYSIDLEKEY?SYSSTATUS
            CODE    6682H     0148H     UNIT         ?PR?_PSWINPUTKEY?UNLOCKPASSWORD
            CODE    67CAH     0142H     UNIT         ?PR?SKEYSCAN?DRIVER
            CODE    690CH     0121H     UNIT         ?PR?_GSMUARTCMD?GSM
            CODE    6A2DH     011EH     UNIT         ?PR?KEYSCAN?DRIVER
            CODE    6B4BH     010DH     UNIT         ?PR?CARDIRQ?CARDREAD
            CODE    6C58H     0104H     UNIT         ?PR?_SYSINPUTROOM?SYSSTATUS
            CODE    6D5CH     0100H     UNIT         ?PR?_INPUTSYSPSW?SYSSTATUS
            CODE    6E5CH     00FDH     UNIT         ?CO?NAMELIST
            CODE    6F59H     00F8H     UNIT         ?PR?_LOOKFORSTR?DRIVER
            CODE    7051H     00ECH     UNIT         ?PR?_CALLBYNAMEITEM?NAMELIST
            CODE    713DH     00E8H     UNIT         ?PR?GPIO_CONFIG?DRIVER
            CODE    7225H     00DEH     UNIT         ?PR?_SHOWMAIN?SYSSTRING
            CODE    7303H     00DEH     UNIT         ?PR?_ADDCARDITEM?CARD
            CODE    73E1H     00DDH     UNIT         ?CO?SYSSTATUS
            CODE    74BEH     00D1H     UNIT         ?PR?_SYSSETTINGKEY?SYSSTATUS
            CODE    758FH     00C0H     UNIT         ?PR?NAMEEDITCHAGETYPE?NAMELIST
            CODE    764FH     00A1H     UNIT         ?PR?INITUSERPARA?SYSSTATUS
            CODE    76F0H     00A0H     UNIT         ?PR?_CHECKCARD?CARD
            CODE    7790H     009AH     UNIT         ?PR?UART3_INT?UART
            CODE    782AH     0099H     UNIT         ?PR?_SPI_FLASH_READ?SPI
            CODE    78C3H     0098H     UNIT         ?PR?_SPI_INIT?SPI
            CODE    795BH     0095H     UNIT         ?PR?_MP3_STARTPLAY?AUDIO
            CODE    79F0H     008EH     UNIT         ?PR?UART1_INT?UART
            CODE    7A7EH     008CH     UNIT         ?C_C51STARTUP
            CODE    7B0AH     008BH     UNIT         ?PR?_DISPLAYFL?LCD12864
            CODE    7B95H     008BH     UNIT         ?PR?_WRITEBUF_AT24C02?EEPROM
            CODE    7C20H     0085H     UNIT         ?PR?_GETIDXBYROOM?SYSSTATUS
            CODE    7CA5H     0085H     UNIT         ?PR?SHOWGSMCSQ?SYSSTRING
            CODE    7D2AH     0084H     UNIT         ?PR?SHOWINPUTPSW?SYSSTATUS
            CODE    7DAEH     0083H     UNIT         ?PR?_GSM_SETVOLUM?GSM
            CODE    7E31H     0080H     UNIT         ?PR?_ADDPSWITEM?UNLOCKPASSWORD
            CODE    7EB1H     007CH     UNIT         ?PR?_BITBLT?LCD12864
            CODE    7F2DH     0079H     UNIT         ?PR?_BEEP_STARTPLAY?AUDIO
            CODE    7FA6H     0078H     UNIT         ?PR?_CHECKPSW?UNLOCKPASSWORD
            CODE    801EH     0077H     UNIT         ?PR?_ADDNAMEITEM?NAMELIST
            CODE    8095H     0077H     UNIT         ?PR?PWMTASK?AUDIO
            CODE    810CH     0070H     UNIT         ?PR?_WRITELCDICO?LCD12864
            CODE    817CH     006FH     UNIT         ?PR?_DELNAMEITEMBYIDX?NAMELIST
            CODE    81EBH     006FH     UNIT         ?PR?NAMESETCON?NAMELIST
            CODE    825AH     006FH     UNIT         ?PR?_DELPSWBYIDX?UNLOCKPASSWORD
            CODE    82C9H     006FH     UNIT         ?PR?PSWSETCON?UNLOCKPASSWORD
            CODE    8338H     006FH     UNIT         ?PR?_DELCARDBYIDX?CARD
            CODE    83A7H     006FH     UNIT         ?PR?CARDSETCON?CARD
            CODE    8416H     006CH     UNIT         ?PR?SHOWINPUTROOM?SYSSTATUS
            CODE    8482H     006BH     UNIT         ?PR?_DISPLAYCSQ?LCD12864
            CODE    84EDH     006BH     UNIT         ?PR?_SYSCARD?SYSSTATUS
            CODE    8558H     0064H     UNIT         ?PR?_GSM_CALL?GSM
            CODE    85BCH     0063H     UNIT         ?PR?_READBUF_AT24C02?EEPROM
            CODE    861FH     0063H     UNIT         ?PR?_EXT_INILIZE?EXTI
            CODE    8682H     005AH     UNIT         ?PR?_HS_STRCPY?DRIVER
            CODE    86DCH     0056H     UNIT         ?PR?UART_CONFIG?DRIVER
            CODE    8732H     0054H     UNIT         ?PR?_READROOMBYIDX?SYSSTATUS
            CODE    8786H     004FH     UNIT         ?PR?TIMER_CONFIG?DRIVER
            CODE    87D5H     004BH     UNIT         ?PR?_SYSTALKKEY?SYSSTATUS
BL51 BANKED LINKER/LOCATER V6.22.2.0                                                  08/04/2022  09:22:02  PAGE 5


            CODE    8820H     0049H     UNIT         ?PR?_GETNAMEITEMBYROOM?NAMELIST
            CODE    8869H     0049H     UNIT         ?PR?SPI_TRANSIVION?SPI
            CODE    88B2H     0048H     UNIT         ?PR?UARTTASK?UART
            CODE    88FAH     0044H     UNIT         ?PR?_HS_MEMCPY?DRIVER
            CODE    893EH     0042H     UNIT         ?PR?SHOWTALKTIME?SYSSTRING
            CODE    8980H     0040H     UNIT         ?PR?KEYBEEPTASK?AUDIO
            CODE    89C0H     0040H     UNIT         ?PR?EXT_INT0?EXTI
            CODE    8A00H     003BH     UNIT         ?PR?_WRITENAMEITEMBYIDX?NAMELIST
            CODE    8A3BH     003BH     UNIT         ?PR?_CARDEDITCARDIN?CARD
            CODE    8A76H     003BH     UNIT         ?PR?TIMER4_INT?TIMER
            CODE    8AB1H     0039H     UNIT         ?PR?_IIC_SEND_BYTE?EEPROM
            CODE    8AEAH     0038H     UNIT         ?PR?SYSSETTINGCON?SYSSTATUS
            CODE    8B22H     0037H     UNIT         ?CO?AUDIO
            CODE    8B59H     0035H     UNIT         ?CO?DRIVER
            CODE    8B8EH     0033H     UNIT         ?PR?DELETECARDCON?CARD
            CODE    8BC1H     0033H     UNIT         ?PR?_PRINTSTRING3?UART
            CODE    8BF4H     0032H     UNIT         ?PR?FLASHTASK?LCD12864
            CODE    8C26H     0032H     UNIT         ?PR?CARDMSTASK?CARDREAD
            CODE    8C58H     0031H     UNIT         ?PR?_WRITECARDBYIDX?CARD
            CODE    8C89H     0031H     UNIT         ?PR?_READCARDBYIDX?CARD
            CODE    8CBAH     0030H     UNIT         ?PR?_READNAMEITEMBYIDX?NAMELIST
            CODE    8CEAH     002FH     UNIT         ?PR?_ATCMDCB_AT?GSM
            CODE    8D19H     002FH     UNIT         ?PR?_ATCMDCB_CLCC?GSM
            CODE    8D48H     002FH     UNIT         ?PR?_INPUTROOMCON?SYSSTATUS
            CODE    8D77H     002FH     UNIT         ?PR?MP3_STOP?AUDIO
            CODE    8DA6H     002EH     UNIT         ?PR?_MEMISEMPTY?DRIVER
            CODE    8DD4H     002EH     UNIT         ?PR?IIC_READ_BYTE?EEPROM
            CODE    8E02H     002CH     UNIT         ?PR?_CLEARBUF?DRIVER
            CODE    8E2EH     002CH     UNIT         ?PR?TIMER1_INT?TIMER
            CODE    8E5AH     002BH     UNIT         ?PR?_GSM_SEND_DTMF?GSM
            CODE    8E85H     002AH     UNIT         ?PR?GSM_GETCSQ?GSM
            CODE    8EAFH     0029H     UNIT         ?PR?SYSIDLECON?SYSSTATUS
            CODE    8ED8H     0029H     UNIT         ?CO?UNLOCKPASSWORD
            CODE    8F01H     0029H     UNIT         ?PR?_DELCARDBYCARD?CARD
            CODE    8F2AH     0029H     UNIT         ?PR?SPI_CONFIG?AUDIO
            CODE    8F53H     0028H     UNIT         ?PR?_WRITEPSWBYIDX?UNLOCKPASSWORD
            CODE    8F7BH     0028H     UNIT         ?PR?PWM_CONFIG?AUDIO
            CODE    8FA3H     0028H     UNIT         ?PR?_TX3_WRITE2BUFF?UART
            CODE    8FCBH     0027H     UNIT         ?CO?CARD
            CODE    8FF2H     0027H     UNIT         ?PR?_TX1_WRITE2BUFF?UART
            CODE    9019H     0026H     UNIT         ?PR?_DELAY?DRIVER
            CODE    903FH     0026H     UNIT         ?PR?_STRLEN?DRIVER
            CODE    9065H     0025H     UNIT         ?PR?DELETENAMECON?NAMELIST
            CODE    908AH     0025H     UNIT         ?PR?IIC_ACK?EEPROM
            CODE    90AFH     0025H     UNIT         ?PR?_DELPSWBYROOM?UNLOCKPASSWORD
            CODE    90D4H     0025H     UNIT         ?PR?EDITPSWCON?UNLOCKPASSWORD
            CODE    90F9H     0025H     UNIT         ?PR?DELETEPSWCON?UNLOCKPASSWORD
            CODE    911EH     0025H     UNIT         ?PR?EDITSYSPSWCON?UNLOCKPASSWORD
            CODE    9143H     0025H     UNIT         ?PR?_DELCARDBYROOM?CARD
            CODE    9168H     0025H     UNIT         ?PR?EDITCARDCON?CARD
            CODE    918DH     0024H     UNIT         ?CO?MAIN
            CODE    91B1H     0024H     UNIT         ?PR?INIT_12864?LCD12864
            CODE    91D5H     0024H     UNIT         ?PR?GSM_REPOWER?GSM
            CODE    91F9H     0024H     UNIT         ?PR?INPUTPSWCON?UNLOCKPASSWORD
            CODE    921DH     0023H     UNIT         ?PR?SAVENAMECOUNT?NAMELIST
            CODE    9240H     0023H     UNIT         ?PR?SAVEPSWCOUNT?UNLOCKPASSWORD
            CODE    9263H     0023H     UNIT         ?PR?SAVECARDCOUNT?CARD
BL51 BANKED LINKER/LOCATER V6.22.2.0                                                  08/04/2022  09:22:02  PAGE 6


            CODE    9286H     0022H     UNIT         ?PR?_LCD_WDAT?LCD12864
            CODE    92A8H     0022H     UNIT         ?PR?GSM_STARTINIT?GSM
            CODE    92CAH     0022H     UNIT         ?PR?_SHOWNAMEBYIDX?NAMELIST
            CODE    92ECH     0021H     UNIT         ?PR?_NAMESETKEY?NAMELIST
            CODE    930DH     0021H     UNIT         ?PR?_PSWSETKEY?UNLOCKPASSWORD
            CODE    932EH     0021H     UNIT         ?PR?_CARDSETKEY?CARD
            CODE    934FH     0020H     UNIT         ?PR?_UNLOCK?DRIVER
            CODE    936FH     0020H     UNIT         ?CO?CARDREAD
            CODE    938FH     001DH     UNIT         ?PR?LCD_BUSY?LCD12864
            CODE    93ACH     001DH     UNIT         ?PR?_CHECKUNICODE?LCD12864
            CODE    93C9H     001DH     UNIT         ?PR?INPUTSYSPSWCON?SYSSTATUS
            CODE    93E6H     001DH     UNIT         ?PR?_READPSWBYIDX?UNLOCKPASSWORD
            CODE    9403H     001DH     UNIT         ?PR?SAVESYSPSW?UNLOCKPASSWORD
            CODE    9420H     001BH     UNIT         ?PR?LCDCLEAR?LCD12864
            CODE    943BH     001BH     UNIT         ?PR?_SPI_READWRITEBYTE?SPI
            CODE    9456H     001AH     UNIT         ?PR?CARDREADINIT?CARDREAD
            CODE    9470H     0019H     UNIT         ?PR?EXTI_CONFIG?DRIVER
            CODE    9489H     0019H     UNIT         ?PR?RELAYTASK?DRIVER
            CODE    94A2H     0019H     UNIT         ?PR?GSM_HUANGUP?GSM
            CODE    94BBH     0019H     UNIT         ?PR?SHOWUNLOCK?SYSSTRING
            CODE    94D4H     0019H     UNIT         ?PR?UART1CLEAR?UART
            CODE    94EDH     0019H     UNIT         ?PR?UART3CLEAR?UART
            CODE    9506H     0018H     UNIT         ?PR?_LCD_WCMD?LCD12864
            CODE    951EH     0017H     UNIT         ?PR?_NAMEDELALLKEY?NAMELIST
            CODE    9535H     0017H     UNIT         ?PR?_PSWDELALLKEY?UNLOCKPASSWORD
            CODE    954CH     0017H     UNIT         ?PR?_CARDDELALLKEY?CARD
            CODE    9563H     0016H     UNIT         ?PR?_HBSTRLEN?DRIVER
            CODE    9579H     0016H     UNIT         ?PR?_DISPLAYSTRING?LCD12864
            CODE    958FH     0016H     UNIT         ?PR?DELETEALLNAMECON?NAMELIST
            CODE    95A5H     0016H     UNIT         ?PR?IIC_START?EEPROM
            CODE    95BBH     0016H     UNIT         ?PR?IIC_STOP?EEPROM
            CODE    95D1H     0016H     UNIT         ?PR?DELETEALLPSWCON?UNLOCKPASSWORD
            CODE    95E7H     0016H     UNIT         ?PR?DELETEALLCARDCON?CARD
            CODE    95FDH     0015H     UNIT         ?PR?SHOWSAVEOK?SYSSTRING
            CODE    9612H     0015H     UNIT         ?PR?SHOWERR?SYSSTRING
            CODE    9627H     0015H     UNIT         ?PR?SHOWDELETEOK?SYSSTRING
            CODE    963CH     0015H     UNIT         ?PR?SHOWCARDERR?SYSSTRING
            CODE    9651H     0015H     UNIT         ?PR?SHOWGSMERR?SYSSTRING
            CODE    9666H     0014H     UNIT         ?PR?GETCHAR?GETCHAR
            CODE    967AH     0014H     UNIT         ?PR?_ISSPACE?ISSPACE
            CODE    968EH     0013H     UNIT         ?PR?INITNAMELIST?NAMELIST
            CODE    96A1H     0013H     UNIT         ?PR?IIC_AACK?EEPROM
            CODE    96B4H     0013H     UNIT         ?PR?INITPSW?UNLOCKPASSWORD
            CODE    96C7H     0013H     UNIT         ?PR?INITCARD?CARD
            CODE    96DAH     0012H     UNIT         ?PR?_DISPLAYICO?LCD12864
            CODE    96ECH     0012H     UNIT         ?PR?_IIC_DELAYMS?EEPROM
            CODE    96FEH     0011H     UNIT         ?PR?_DELNAMEITEMBYROOM?NAMELIST
            CODE    970FH     0010H     UNIT         ?PR?LCDADDROW?LCD12864
            CODE    971FH     0010H     UNIT         ?PR?SHOWCONFIRMSAVE?SYSSTRING
            CODE    972FH     0010H     UNIT         ?PR?SHOWCONFIRMDEL?SYSSTRING
            CODE    973FH     0010H     UNIT         ?PR?SHOWROOMERR?SYSSTRING
            CODE    974FH     0010H     UNIT         ?PR?SHOWRESET?SYSSTRING
            CODE    975FH     000EH     UNIT         ?PR?_PUTCHAR?DRIVER
            CODE    976DH     000AH     UNIT         ?PR?CLEARPSW?UNLOCKPASSWORD
            CODE    9777H     000AH     UNIT         ?PR?CLEARCARD?CARD
            CODE    9781H     000AH     UNIT         ?PR?_GETKEY?_GETKEY
            CODE    978BH     0009H     UNIT         ?PR?_SETFLASH?LCD12864
BL51 BANKED LINKER/LOCATER V6.22.2.0                                                  08/04/2022  09:22:02  PAGE 7


            CODE    9794H     0008H     UNIT         ?PR?GETCHAR?UNGETCHAR



OVERLAY MAP OF MODULE:   .\Objects\GSM (?C_STARTUP)


SEGMENT                                       BIT_GROUP          DATA_GROUP          XDATA_GROUP
  +--> CALLED SEGMENT                      START    LENGTH     START    LENGTH     START    LENGTH
--------------------------------------------------------------------------------------------------
?C_C51STARTUP                              -----    -----      -----    -----      -----    -----
  +--> ?PR?MAIN?MAIN
  +--> ?C_INITSEG

?PR?MAIN?MAIN                              -----    -----      -----    -----      -----    -----
  +--> ?PR?_DELAY?DRIVER
  +--> ?PR?GPIO_CONFIG?DRIVER
  +--> ?PR?TIMER_CONFIG?DRIVER
  +--> ?PR?UART_CONFIG?DRIVER
  +--> ?PR?EXTI_CONFIG?DRIVER
  +--> ?PR?SPI_CONFIG?AUDIO
  +--> ?PR?PWM_CONFIG?AUDIO
  +--> ?PR?INIT_12864?LCD12864
  +--> ?PR?INITSYSPARA?SYSSTATUS
  +--> ?PR?INITUSERPARA?SYSSTATUS
  +--> ?PR?GSM_STARTINIT?GSM
  +--> ?PR?CARDREADINIT?CARDREAD
  +--> ?PR?SYSIDLECON?SYSSTATUS
  +--> ?PR?_REVNAMELIST?NAMELIST
  +--> ?PR?UART1CLEAR?UART
  +--> ?CO?MAIN
  +--> ?PR?PRINTF?PRINTF
  +--> ?PR?_GSMUARTCMD?GSM
  +--> ?PR?UART3CLEAR?UART
  +--> ?PR?WAVREADTASK?AUDIO
  +--> ?PR?_UNLOCK?DRIVER
  +--> ?PR?UARTTASK?UART
  +--> ?PR?KEYSCAN?DRIVER
  +--> ?PR?_BEEP_STARTPLAY?AUDIO
  +--> ?PR?_SYSKEY?SYSSTATUS
  +--> ?PR?SKEYSCAN?DRIVER
  +--> ?PR?CARDMSTASK?CARDREAD
  +--> ?PR?GSM_INITTASK?GSM
  +--> ?PR?FLASHTASK?LCD12864
  +--> ?PR?RELAYTASK?DRIVER
  +--> ?PR?SHOWTALKTIME?SYSSTRING
  +--> ?PR?_MP3_STARTPLAY?AUDIO
  +--> ?PR?GSM_HUANGUP?GSM
  +--> ?PR?_SHOWMAIN?SYSSTRING
  +--> ?PR?_NAMEEDITKEY?NAMELIST
  +--> ?PR?CHECKRFIDCARD?CARDREAD
  +--> ?PR?_SYSCARD?SYSSTATUS

?PR?GPIO_CONFIG?DRIVER                     -----    -----      -----    -----      1074H    0002H
  +--> ?PR?_GPIO_INILIZE?GPIO

?PR?TIMER_CONFIG?DRIVER                    -----    -----      -----    -----      1074H    0008H
BL51 BANKED LINKER/LOCATER V6.22.2.0                                                  08/04/2022  09:22:02  PAGE 8


  +--> ?PR?_TIMER_INILIZE?TIMER

?PR?UART_CONFIG?DRIVER                     -----    -----      -----    -----      1074H    000CH
  +--> ?PR?_UART_CONFIGURATION?UART
  +--> ?CO?DRIVER
  +--> ?PR?PRINTF?PRINTF
  +--> ?PR?_TX3_WRITE2BUFF?UART

?PR?_UART_CONFIGURATION?UART               -----    -----      -----    -----      1080H    000AH

?PR?PRINTF?PRINTF                          0020H.1  0001H.1    0008H    0005H      111CH    0028H
  +--> ?PR?_PUTCHAR?DRIVER

?PR?_PUTCHAR?DRIVER                        -----    -----      -----    -----      1144H    0001H
  +--> ?PR?_TX1_WRITE2BUFF?UART

?PR?EXTI_CONFIG?DRIVER                     -----    -----      -----    -----      1074H    0003H
  +--> ?PR?_EXT_INILIZE?EXTI

?PR?SPI_CONFIG?AUDIO                       -----    -----      -----    -----      1074H    0009H
  +--> ?PR?_SPI_INIT?SPI

?PR?INIT_12864?LCD12864                    -----    -----      -----    -----      -----    -----
  +--> ?PR?_LCD_WCMD?LCD12864

?PR?_LCD_WCMD?LCD12864                     -----    -----      -----    -----      -----    -----
  +--> ?PR?LCD_BUSY?LCD12864

?PR?LCD_BUSY?LCD12864                      0020H.2  0000H.1    -----    -----      -----    -----

?PR?INITSYSPARA?SYSSTATUS                  0020H.0  0000H.1    -----    -----      -----    -----
  +--> ?PR?_READBUF_AT24C02?EEPROM
  +--> ?PR?_CLEARBUF?DRIVER
  +--> ?PR?_WRITEBUF_AT24C02?EEPROM
  +--> ?CO?SYSSTATUS
  +--> ?PR?PRINTF?PRINTF

?PR?_READBUF_AT24C02?EEPROM                -----    -----      -----    -----      111DH    0008H
  +--> ?PR?IIC_ACK?EEPROM
  +--> ?PR?_IIC_SEND_BYTE?EEPROM
  +--> ?PR?IIC_START?EEPROM
  +--> ?PR?IIC_READ_BYTE?EEPROM
  +--> ?PR?IIC_AACK?EEPROM
  +--> ?PR?IIC_NACK?EEPROM
  +--> ?PR?IIC_STOP?EEPROM

?PR?IIC_ACK?EEPROM                         -----    -----      -----    -----      -----    -----
  +--> ?PR?IIC_START?EEPROM
  +--> ?PR?_IIC_SEND_BYTE?EEPROM

?PR?_CLEARBUF?DRIVER                       -----    -----      -----    -----      111CH    0003H

?PR?_WRITEBUF_AT24C02?EEPROM               -----    -----      -----    -----      111DH    0007H
  +--> ?PR?_IIC_SEND_BYTE?EEPROM
  +--> ?PR?IIC_ACK?EEPROM
  +--> ?PR?IIC_STOP?EEPROM
  +--> ?PR?_IIC_DELAYMS?EEPROM
BL51 BANKED LINKER/LOCATER V6.22.2.0                                                  08/04/2022  09:22:02  PAGE 9



?PR?INITUSERPARA?SYSSTATUS                 -----    -----      -----    -----      -----    -----
  +--> ?PR?_READBUF_AT24C02?EEPROM
  +--> ?PR?_WRITEBUF_AT24C02?EEPROM
  +--> ?CO?SYSSTATUS
  +--> ?PR?PRINTF?PRINTF
  +--> ?PR?INITNAMELIST?NAMELIST
  +--> ?PR?INITPSW?UNLOCKPASSWORD
  +--> ?PR?INITCARD?CARD

?PR?INITNAMELIST?NAMELIST                  -----    -----      -----    -----      -----    -----
  +--> ?PR?CLEARNAMELIST?NAMELIST

?PR?CLEARNAMELIST?NAMELIST                 -----    -----      -----    -----      -----    -----
  +--> ?PR?SAVENAMECOUNT?NAMELIST

?PR?SAVENAMECOUNT?NAMELIST                 -----    -----      -----    -----      -----    -----
  +--> ?PR?_WRITEBUF_AT24C02?EEPROM

?PR?INITPSW?UNLOCKPASSWORD                 -----    -----      -----    -----      -----    -----
  +--> ?PR?CLEARPSW?UNLOCKPASSWORD

?PR?CLEARPSW?UNLOCKPASSWORD                -----    -----      -----    -----      -----    -----
  +--> ?PR?SAVEPSWCOUNT?UNLOCKPASSWORD

?PR?SAVEPSWCOUNT?UNLOCKPASSWORD            -----    -----      -----    -----      -----    -----
  +--> ?PR?_WRITEBUF_AT24C02?EEPROM

?PR?INITCARD?CARD                          -----    -----      -----    -----      -----    -----
  +--> ?PR?CLEARCARD?CARD

?PR?CLEARCARD?CARD                         -----    -----      -----    -----      -----    -----
  +--> ?PR?SAVECARDCOUNT?CARD

?PR?SAVECARDCOUNT?CARD                     -----    -----      -----    -----      -----    -----
  +--> ?PR?_WRITEBUF_AT24C02?EEPROM

?PR?GSM_STARTINIT?GSM                      -----    -----      -----    -----      -----    -----
  +--> ?CO?GSM
  +--> ?PR?PRINTF?PRINTF

?PR?SYSIDLECON?SYSSTATUS                   -----    -----      -----    -----      -----    -----
  +--> ?PR?_SHOWMAIN?SYSSTRING

?PR?_SHOWMAIN?SYSSTRING                    -----    -----      -----    -----      1080H    0001H
  +--> ?PR?LCDCLEAR?LCD12864
  +--> ?CO?SYSSTRING
  +--> ?PR?_DISPLAYSTRING?LCD12864
  +--> ?PR?_DISPLAYICO?LCD12864
  +--> ?PR?SHOWGSMCSQ?SYSSTRING

?PR?LCDCLEAR?LCD12864                      -----    -----      -----    -----      -----    -----
  +--> ?PR?_LCD_WCMD?LCD12864
  +--> ?PR?_CLEARBUF?DRIVER
  +--> ?PR?_SETFLASH?LCD12864

?PR?_DISPLAYSTRING?LCD12864                -----    -----      -----    -----      -----    -----
BL51 BANKED LINKER/LOCATER V6.22.2.0                                                  08/04/2022  09:22:02  PAGE 10


  +--> ?PR?_WRITELCD?LCD12864
  +--> ?PR?_BITBLT?LCD12864

?PR?_WRITELCD?LCD12864                     -----    -----      -----    -----      111CH    0008H
  +--> ?PR?_CHECKUNICODE?LCD12864
  +--> ?PR?LCDADDROW?LCD12864
  +--> ?CO?LCD12864

?PR?_BITBLT?LCD12864                       -----    -----      -----    -----      111CH    0007H
  +--> ?PR?_LCD_WCMD?LCD12864
  +--> ?PR?WAVREADTASK?AUDIO
  +--> ?PR?_LCD_WDAT?LCD12864

?PR?WAVREADTASK?AUDIO                      -----    -----      -----    -----      1123H    0001H
  +--> ?PR?MP3_STOP?AUDIO
  +--> ?PR?_SPI_FLASH_READ?SPI

?PR?_SPI_FLASH_READ?SPI                    -----    -----      -----    -----      1124H    000DH
  +--> ?PR?_DELAY?DRIVER
  +--> ?PR?_SPI_READWRITEBYTE?SPI

?PR?_LCD_WDAT?LCD12864                     -----    -----      -----    -----      -----    -----
  +--> ?PR?LCD_BUSY?LCD12864

?PR?_DISPLAYICO?LCD12864                   -----    -----      -----    -----      -----    -----
  +--> ?PR?_WRITELCDICO?LCD12864
  +--> ?PR?_BITBLT?LCD12864

?PR?_WRITELCDICO?LCD12864                  -----    -----      -----    -----      1081H    0007H
  +--> ?CO?LCD12864

?PR?SHOWGSMCSQ?SYSSTRING                   -----    -----      -----    -----      -----    -----
  +--> ?CO?SYSSTRING
  +--> ?PR?_DISPLAYSTRING?LCD12864

?PR?_REVNAMELIST?NAMELIST                  -----    -----      -----    -----      1074H    0059H
  +--> ?CO?NAMELIST
  +--> ?PR?PRINTF?PRINTF
  +--> ?PR?_LOOKFORSTR?DRIVER
  +--> ?PR?SCANF?SCANF
  +--> ?PR?_CLEARBUF?DRIVER
  +--> ?PR?_ADDNAMEITEM?NAMELIST

?PR?_LOOKFORSTR?DRIVER                     -----    -----      -----    -----      10CDH    000AH

?PR?SCANF?SCANF                            0020H.0  0000H.6    0008H    0005H      10CDH    002EH
  +--> ?PR?GETCHAR?UNGETCHAR
  +--> ?PR?_ISSPACE?ISSPACE
  +--> ?PR?GETCHAR?GETCHAR

?PR?GETCHAR?GETCHAR                        -----    -----      -----    -----      -----    -----
  +--> ?PR?_GETKEY?_GETKEY
  +--> ?PR?_PUTCHAR?DRIVER

?PR?_ADDNAMEITEM?NAMELIST                  -----    -----      -----    -----      10CDH    0005H
  +--> ?PR?_GETIDXBYROOM?SYSSTATUS
  +--> ?PR?_WRITENAMEITEMBYIDX?NAMELIST
BL51 BANKED LINKER/LOCATER V6.22.2.0                                                  08/04/2022  09:22:02  PAGE 11


  +--> ?PR?SAVENAMECOUNT?NAMELIST

?PR?_GETIDXBYROOM?SYSSTATUS                -----    -----      -----    -----      10D2H    0007H
  +--> ?PR?_READROOMBYIDX?SYSSTATUS

?PR?_READROOMBYIDX?SYSSTATUS               -----    -----      -----    -----      10D9H    0002H
  +--> ?PR?_READBUF_AT24C02?EEPROM

?PR?_WRITENAMEITEMBYIDX?NAMELIST           -----    -----      -----    -----      111AH    0003H
  +--> ?PR?_WRITEBUF_AT24C02?EEPROM

?PR?UART1CLEAR?UART                        -----    -----      -----    -----      -----    -----
  +--> ?PR?_CLEARBUF?DRIVER

?PR?_GSMUARTCMD?GSM                        -----    -----      -----    -----      1074H    0003H
  +--> ?PR?_PRINTSTRING3?UART
  +--> ?CO?GSM
  +--> ?PR?PRINTF?PRINTF
  +--> ?PR?GSM_REPOWER?GSM
  +--> ?PR?_MODEMRECEIVEHANDLE?GSM

?PR?_PRINTSTRING3?UART                     -----    -----      -----    -----      10AFH    0003H
  +--> ?PR?_TX3_WRITE2BUFF?UART

?PR?GSM_REPOWER?GSM                        -----    -----      -----    -----      -----    -----
  +--> ?CO?GSM
  +--> ?PR?_PRINTSTRING3?UART
  +--> ?PR?PRINTF?PRINTF

?PR?_MODEMRECEIVEHANDLE?GSM                -----    -----      -----    -----      1077H    0009H
  +--> ?CO?GSM
  +--> ?PR?_LOOKFORSTR?DRIVER
  +--> ?PR?PRINTF?PRINTF
  +--> ?PR?SHOWGSMERR?SYSSTRING
  +--> ?PR?GSM_REPOWER?GSM
  +--> ?PR?_STRLEN?DRIVER
  +--> ?PR?GSM_HUANGUP?GSM
  +--> ?PR?_MP3_STARTPLAY?AUDIO
  +--> ?PR?SCANF?SCANF
  +--> ?PR?_GSM_SETVOLUM?GSM
  +--> ?PR?SYSIDLECON?SYSSTATUS

?PR?SHOWGSMERR?SYSSTRING                   -----    -----      -----    -----      -----    -----
  +--> ?PR?LCDCLEAR?LCD12864
  +--> ?CO?SYSSTRING
  +--> ?PR?_DISPLAYSTRING?LCD12864
  +--> ?PR?_MP3_STARTPLAY?AUDIO

?PR?_MP3_STARTPLAY?AUDIO                   -----    -----      -----    -----      10C8H    0001H
  +--> ?PR?_DELAY?DRIVER
  +--> ?PR?WAVREADTASK?AUDIO

?PR?_STRLEN?DRIVER                         -----    -----      -----    -----      111CH    0003H

?PR?GSM_HUANGUP?GSM                        -----    -----      -----    -----      -----    -----
  +--> ?CO?GSM
  +--> ?PR?_PRINTSTRING3?UART
BL51 BANKED LINKER/LOCATER V6.22.2.0                                                  08/04/2022  09:22:02  PAGE 12



?PR?_GSM_SETVOLUM?GSM                      -----    -----      -----    -----      1080H    0001H
  +--> ?CO?GSM
  +--> ?PR?PRINTF?PRINTF

?PR?UART3CLEAR?UART                        -----    -----      -----    -----      -----    -----
  +--> ?PR?_CLEARBUF?DRIVER

?PR?_UNLOCK?DRIVER                         0020H.0  0000H.1    -----    -----      -----    -----
  +--> ?PR?SHOWUNLOCK?SYSSTRING

?PR?SHOWUNLOCK?SYSSTRING                   0020H.1  0000H.1    -----    -----      -----    -----
  +--> ?PR?LCDCLEAR?LCD12864
  +--> ?CO?SYSSTRING
  +--> ?PR?_DISPLAYSTRING?LCD12864
  +--> ?PR?_MP3_STARTPLAY?AUDIO

?PR?UARTTASK?UART                          -----    -----      -----    -----      -----    -----
  +--> ?PR?UART1CLEAR?UART
  +--> ?PR?UART3CLEAR?UART

?PR?KEYSCAN?DRIVER                         -----    -----      -----    -----      1074H    0001H

?PR?_BEEP_STARTPLAY?AUDIO                  -----    -----      -----    -----      -----    -----
  +--> ?PR?KEYBEEPTASK?AUDIO

?PR?KEYBEEPTASK?AUDIO                      -----    -----      -----    -----      -----    -----
  +--> ?CO?AUDIO

?PR?_SYSKEY?SYSSTATUS                      -----    -----      -----    -----      1074H    0001H
  +--> ?PR?_SYSIDLEKEY?SYSSTATUS
  +--> ?PR?_SYSSETTINGKEY?SYSSTATUS
  +--> ?PR?_NAMESETKEY?NAMELIST
  +--> ?PR?_NAMEEDITKEY?NAMELIST
  +--> ?PR?_NAMEDELETEKEY?NAMELIST
  +--> ?PR?_NAMEDELALLKEY?NAMELIST
  +--> ?PR?_PSWSETKEY?UNLOCKPASSWORD
  +--> ?PR?_PSWEDITKEY?UNLOCKPASSWORD
  +--> ?PR?_PSWDELETEKEY?UNLOCKPASSWORD
  +--> ?PR?_PSWDELALLKEY?UNLOCKPASSWORD
  +--> ?PR?_PSWINPUTKEY?UNLOCKPASSWORD
  +--> ?PR?_SYSINPUTROOM?SYSSTATUS
  +--> ?PR?_INPUTSYSPSW?SYSSTATUS
  +--> ?PR?_SYSPSWEDITKEY?UNLOCKPASSWORD
  +--> ?PR?_CARDSETKEY?CARD
  +--> ?PR?_CARDEDITKEY?CARD
  +--> ?PR?_CARDDELETEKEY?CARD
  +--> ?PR?_CARDDELALLKEY?CARD
  +--> ?PR?_SYSTALKKEY?SYSSTATUS
  +--> ?PR?_SYSSUBSETKEY?SYSSTATUS

?PR?_SYSIDLEKEY?SYSSTATUS                  -----    -----      -----    -----      1075H    0001H
  +--> ?PR?SYSIDLECON?SYSSTATUS
  +--> ?PR?INPUTPSWCON?UNLOCKPASSWORD
  +--> ?PR?INPUTSYSPSWCON?SYSSTATUS
  +--> ?PR?_SHOWNAMEBYIDX?NAMELIST
  +--> ?PR?_READNAMEITEMBYIDX?NAMELIST
BL51 BANKED LINKER/LOCATER V6.22.2.0                                                  08/04/2022  09:22:02  PAGE 13


  +--> ?PR?_CALLBYNAMEITEM?NAMELIST
  +--> ?PR?_MP3_STARTPLAY?AUDIO
  +--> ?PR?_STRLEN?DRIVER
  +--> ?PR?SHOWERR?SYSSTRING
  +--> ?PR?SHOWGSMERR?SYSSTRING
  +--> ?PR?_INPUTROOMCON?SYSSTATUS

?PR?INPUTPSWCON?UNLOCKPASSWORD             -----    -----      -----    -----      -----    -----
  +--> ?PR?_CLEARBUF?DRIVER
  +--> ?PR?_SHOWPSW?UNLOCKPASSWORD
  +--> ?PR?_MP3_STARTPLAY?AUDIO

?PR?_SHOWPSW?UNLOCKPASSWORD                0020H.0  0000H.1    -----    -----      107CH    0028H
  +--> ?PR?LCDCLEAR?LCD12864
  +--> ?CO?SYSSTRING
  +--> ?PR?_DISPLAYSTRING?LCD12864
  +--> ?CO?UNLOCKPASSWORD
  +--> ?PR?PRINTF?PRINTF
  +--> ?PR?_STRLEN?DRIVER
  +--> ?PR?_SETFLASH?LCD12864

?PR?INPUTSYSPSWCON?SYSSTATUS               -----    -----      -----    -----      -----    -----
  +--> ?PR?SHOWINPUTPSW?SYSSTATUS
  +--> ?PR?_MP3_STARTPLAY?AUDIO

?PR?SHOWINPUTPSW?SYSSTATUS                 -----    -----      -----    -----      1076H    001EH
  +--> ?PR?LCDCLEAR?LCD12864
  +--> ?CO?SYSSTRING
  +--> ?PR?_DISPLAYSTRING?LCD12864
  +--> ?PR?_HS_STRCPY?DRIVER
  +--> ?PR?_STRLEN?DRIVER
  +--> ?PR?_SETFLASH?LCD12864

?PR?_HS_STRCPY?DRIVER                      -----    -----      -----    -----      1094H    0006H

?PR?_SHOWNAMEBYIDX?NAMELIST                -----    -----      -----    -----      1076H    0050H
  +--> ?PR?_READNAMEITEMBYIDX?NAMELIST
  +--> ?PR?_SHOWNAME?NAMELIST

?PR?_READNAMEITEMBYIDX?NAMELIST            -----    -----      -----    -----      111AH    0003H
  +--> ?PR?_READBUF_AT24C02?EEPROM

?PR?_SHOWNAME?NAMELIST                     0020H.0  0000H.1    -----    -----      10C8H    0054H
  +--> ?PR?LCDCLEAR?LCD12864
  +--> ?CO?NAMELIST
  +--> ?CO?SYSSTRING
  +--> ?PR?PRINTF?PRINTF
  +--> ?PR?_DISPLAYSTRING?LCD12864
  +--> ?PR?_STRLEN?DRIVER
  +--> ?PR?_SETFLASH?LCD12864

?PR?_CALLBYNAMEITEM?NAMELIST               -----    -----      -----    -----      1076H    0036H
  +--> ?PR?_STRLEN?DRIVER
  +--> ?PR?_GSM_CALL?GSM
  +--> ?PR?LCDCLEAR?LCD12864
  +--> ?CO?NAMELIST
  +--> ?CO?SYSSTRING
BL51 BANKED LINKER/LOCATER V6.22.2.0                                                  08/04/2022  09:22:02  PAGE 14


  +--> ?PR?PRINTF?PRINTF
  +--> ?PR?_DISPLAYSTRING?LCD12864

?PR?_GSM_CALL?GSM                          -----    -----      -----    -----      10ACH    0003H
  +--> ?CO?GSM
  +--> ?PR?_PRINTSTRING3?UART

?PR?SHOWERR?SYSSTRING                      -----    -----      -----    -----      -----    -----
  +--> ?PR?LCDCLEAR?LCD12864
  +--> ?CO?SYSSTRING
  +--> ?PR?_DISPLAYSTRING?LCD12864
  +--> ?PR?_MP3_STARTPLAY?AUDIO

?PR?_INPUTROOMCON?SYSSTATUS                -----    -----      -----    -----      -----    -----
  +--> ?PR?SHOWINPUTROOM?SYSSTATUS
  +--> ?PR?_CLEARBUF?DRIVER
  +--> ?PR?_MP3_STARTPLAY?AUDIO

?PR?SHOWINPUTROOM?SYSSTATUS                -----    -----      -----    -----      1076H    0018H
  +--> ?PR?LCDCLEAR?LCD12864
  +--> ?CO?SYSSTRING
  +--> ?PR?_DISPLAYSTRING?LCD12864
  +--> ?CO?SYSSTATUS
  +--> ?PR?PRINTF?PRINTF

?PR?_SYSSETTINGKEY?SYSSTATUS               -----    -----      -----    -----      1075H    0001H
  +--> ?PR?SYSIDLECON?SYSSTATUS
  +--> ?PR?NAMESETCON?NAMELIST
  +--> ?PR?PSWSETCON?UNLOCKPASSWORD
  +--> ?PR?CARDSETCON?CARD
  +--> ?PR?EDITSYSPSWCON?UNLOCKPASSWORD
  +--> ?PR?_SUBSETCON?SYSSTATUS

?PR?NAMESETCON?NAMELIST                    -----    -----      -----    -----      10C8H    000AH
  +--> ?PR?LCDCLEAR?LCD12864
  +--> ?CO?SYSSTRING
  +--> ?PR?_DISPLAYSTRING?LCD12864
  +--> ?CO?NAMELIST
  +--> ?PR?PRINTF?PRINTF

?PR?PSWSETCON?UNLOCKPASSWORD               -----    -----      -----    -----      107CH    000AH
  +--> ?PR?LCDCLEAR?LCD12864
  +--> ?CO?SYSSTRING
  +--> ?PR?_DISPLAYSTRING?LCD12864
  +--> ?CO?UNLOCKPASSWORD
  +--> ?PR?PRINTF?PRINTF

?PR?CARDSETCON?CARD                        -----    -----      -----    -----      1078H    000AH
  +--> ?PR?LCDCLEAR?LCD12864
  +--> ?CO?SYSSTRING
  +--> ?PR?_DISPLAYSTRING?LCD12864
  +--> ?CO?CARD
  +--> ?PR?PRINTF?PRINTF

?PR?EDITSYSPSWCON?UNLOCKPASSWORD           -----    -----      -----    -----      -----    -----
  +--> ?PR?_CLEARBUF?DRIVER
  +--> ?PR?_SHOWPSW?UNLOCKPASSWORD
BL51 BANKED LINKER/LOCATER V6.22.2.0                                                  08/04/2022  09:22:02  PAGE 15



?PR?_SUBSETCON?SYSSTATUS                   -----    -----      -----    -----      -----    -----
  +--> ?PR?SHOWSUBPARA?SYSSTATUS

?PR?SHOWSUBPARA?SYSSTATUS                  -----    -----      -----    -----      1076H    0018H
  +--> ?PR?LCDCLEAR?LCD12864
  +--> ?CO?SYSSTATUS
  +--> ?CO?SYSSTRING
  +--> ?PR?PRINTF?PRINTF
  +--> ?PR?_DISPLAYSTRING?LCD12864
  +--> ?PR?_STRLEN?DRIVER

?PR?_NAMESETKEY?NAMELIST                   -----    -----      -----    -----      -----    -----
  +--> ?PR?EDITNAMEITEMCON?NAMELIST
  +--> ?PR?DELETENAMECON?NAMELIST
  +--> ?PR?DELETEALLNAMECON?NAMELIST
  +--> ?PR?SYSSETTINGCON?SYSSTATUS

?PR?EDITNAMEITEMCON?NAMELIST               -----    -----      -----    -----      -----    -----
  +--> ?PR?_CLEARBUF?DRIVER
  +--> ?PR?_SHOWNAME?NAMELIST

?PR?DELETENAMECON?NAMELIST                 -----    -----      -----    -----      -----    -----
  +--> ?PR?_CLEARBUF?DRIVER
  +--> ?PR?_SHOWNAME?NAMELIST

?PR?DELETEALLNAMECON?NAMELIST              -----    -----      -----    -----      -----    -----
  +--> ?PR?LCDCLEAR?LCD12864
  +--> ?CO?SYSSTRING
  +--> ?PR?_DISPLAYSTRING?LCD12864

?PR?SYSSETTINGCON?SYSSTATUS                -----    -----      -----    -----      -----    -----
  +--> ?PR?LCDCLEAR?LCD12864
  +--> ?CO?SYSSTRING
  +--> ?PR?_DISPLAYSTRING?LCD12864
  +--> ?PR?_DISPLAYICO?LCD12864

?PR?_NAMEEDITKEY?NAMELIST                  -----    -----      -----    -----      1075H    0001H
  +--> ?PR?_CLEARBUF?DRIVER
  +--> ?PR?_STRLEN?DRIVER
  +--> ?PR?_ADDNAMEITEM?NAMELIST
  +--> ?PR?SHOWSAVEOK?SYSSTRING
  +--> ?PR?SHOWERR?SYSSTRING
  +--> ?PR?NAMEEDITCHAGETYPE?NAMELIST
  +--> ?PR?NAMESETCON?NAMELIST
  +--> ?CO?SYSSTRING
  +--> ?PR?_SHOWNAME?NAMELIST

?PR?SHOWSAVEOK?SYSSTRING                   -----    -----      -----    -----      -----    -----
  +--> ?PR?LCDCLEAR?LCD12864
  +--> ?CO?SYSSTRING
  +--> ?PR?_DISPLAYSTRING?LCD12864
  +--> ?PR?_MP3_STARTPLAY?AUDIO

?PR?NAMEEDITCHAGETYPE?NAMELIST             -----    -----      -----    -----      1076H    0052H
  +--> ?PR?_GETNAMEITEMBYROOM?NAMELIST
  +--> ?PR?_HS_MEMCPY?DRIVER
BL51 BANKED LINKER/LOCATER V6.22.2.0                                                  08/04/2022  09:22:02  PAGE 16


  +--> ?PR?_STRLEN?DRIVER
  +--> ?PR?SHOWCONFIRMSAVE?SYSSTRING

?PR?_GETNAMEITEMBYROOM?NAMELIST            -----    -----      -----    -----      10C8H    0005H
  +--> ?PR?_GETIDXBYROOM?SYSSTATUS
  +--> ?PR?_READNAMEITEMBYIDX?NAMELIST

?PR?_HS_MEMCPY?DRIVER                      -----    -----      -----    -----      10C8H    0008H

?PR?SHOWCONFIRMSAVE?SYSSTRING              -----    -----      -----    -----      -----    -----
  +--> ?PR?LCDCLEAR?LCD12864
  +--> ?CO?SYSSTRING
  +--> ?PR?_DISPLAYSTRING?LCD12864

?PR?_NAMEDELETEKEY?NAMELIST                -----    -----      -----    -----      1075H    0053H
  +--> ?PR?_CLEARBUF?DRIVER
  +--> ?PR?_DELNAMEITEMBYROOM?NAMELIST
  +--> ?PR?SHOWDELETEOK?SYSSTRING
  +--> ?PR?_GETNAMEITEMBYROOM?NAMELIST
  +--> ?PR?_HS_MEMCPY?DRIVER
  +--> ?PR?_STRLEN?DRIVER
  +--> ?PR?SHOWCONFIRMDEL?SYSSTRING
  +--> ?PR?NAMESETCON?NAMELIST
  +--> ?PR?_SHOWNAME?NAMELIST

?PR?_DELNAMEITEMBYROOM?NAMELIST            -----    -----      -----    -----      -----    -----
  +--> ?PR?_GETIDXBYROOM?SYSSTATUS
  +--> ?PR?_DELNAMEITEMBYIDX?NAMELIST

?PR?_DELNAMEITEMBYIDX?NAMELIST             -----    -----      -----    -----      10C8H    0052H
  +--> ?PR?SAVENAMECOUNT?NAMELIST
  +--> ?PR?_READNAMEITEMBYIDX?NAMELIST
  +--> ?PR?_WRITENAMEITEMBYIDX?NAMELIST

?PR?SHOWDELETEOK?SYSSTRING                 -----    -----      -----    -----      -----    -----
  +--> ?PR?LCDCLEAR?LCD12864
  +--> ?CO?SYSSTRING
  +--> ?PR?_DISPLAYSTRING?LCD12864
  +--> ?PR?_MP3_STARTPLAY?AUDIO

?PR?SHOWCONFIRMDEL?SYSSTRING               -----    -----      -----    -----      -----    -----
  +--> ?PR?LCDCLEAR?LCD12864
  +--> ?CO?SYSSTRING
  +--> ?PR?_DISPLAYSTRING?LCD12864

?PR?_NAMEDELALLKEY?NAMELIST                -----    -----      -----    -----      -----    -----
  +--> ?PR?CLEARNAMELIST?NAMELIST
  +--> ?PR?SHOWDELETEOK?SYSSTRING
  +--> ?PR?NAMESETCON?NAMELIST

?PR?_PSWSETKEY?UNLOCKPASSWORD              -----    -----      -----    -----      -----    -----
  +--> ?PR?EDITPSWCON?UNLOCKPASSWORD
  +--> ?PR?DELETEPSWCON?UNLOCKPASSWORD
  +--> ?PR?DELETEALLPSWCON?UNLOCKPASSWORD
  +--> ?PR?SYSSETTINGCON?SYSSTATUS

?PR?EDITPSWCON?UNLOCKPASSWORD              -----    -----      -----    -----      -----    -----
BL51 BANKED LINKER/LOCATER V6.22.2.0                                                  08/04/2022  09:22:02  PAGE 17


  +--> ?PR?_CLEARBUF?DRIVER
  +--> ?PR?_SHOWPSW?UNLOCKPASSWORD

?PR?DELETEPSWCON?UNLOCKPASSWORD            -----    -----      -----    -----      -----    -----
  +--> ?PR?_CLEARBUF?DRIVER
  +--> ?PR?_SHOWPSW?UNLOCKPASSWORD

?PR?DELETEALLPSWCON?UNLOCKPASSWORD         -----    -----      -----    -----      -----    -----
  +--> ?PR?LCDCLEAR?LCD12864
  +--> ?CO?SYSSTRING
  +--> ?PR?_DISPLAYSTRING?LCD12864

?PR?_PSWEDITKEY?UNLOCKPASSWORD             -----    -----      -----    -----      1075H    0007H
  +--> ?PR?_CLEARBUF?DRIVER
  +--> ?PR?_ADDPSWITEM?UNLOCKPASSWORD
  +--> ?PR?SHOWSAVEOK?SYSSTRING
  +--> ?PR?SHOWERR?SYSSTRING
  +--> ?PR?SHOWCONFIRMSAVE?SYSSTRING
  +--> ?PR?PSWSETCON?UNLOCKPASSWORD
  +--> ?PR?_SHOWPSW?UNLOCKPASSWORD

?PR?_ADDPSWITEM?UNLOCKPASSWORD             -----    -----      -----    -----      107CH    0005H
  +--> ?PR?_GETIDXBYROOM?SYSSTATUS
  +--> ?CO?UNLOCKPASSWORD
  +--> ?PR?PRINTF?PRINTF
  +--> ?PR?_WRITEPSWBYIDX?UNLOCKPASSWORD
  +--> ?PR?SAVEPSWCOUNT?UNLOCKPASSWORD

?PR?_WRITEPSWBYIDX?UNLOCKPASSWORD          -----    -----      -----    -----      -----    -----
  +--> ?PR?_WRITEBUF_AT24C02?EEPROM

?PR?_PSWDELETEKEY?UNLOCKPASSWORD           -----    -----      -----    -----      1075H    0003H
  +--> ?PR?_CLEARBUF?DRIVER
  +--> ?PR?_DELPSWBYROOM?UNLOCKPASSWORD
  +--> ?PR?SHOWDELETEOK?SYSSTRING
  +--> ?PR?SHOWCONFIRMDEL?SYSSTRING
  +--> ?PR?PSWSETCON?UNLOCKPASSWORD
  +--> ?PR?_SHOWPSW?UNLOCKPASSWORD

?PR?_DELPSWBYROOM?UNLOCKPASSWORD           -----    -----      -----    -----      1078H    0002H
  +--> ?PR?_DELPSWBYIDX?UNLOCKPASSWORD
  +--> ?PR?_GETIDXBYROOM?SYSSTATUS

?PR?_DELPSWBYIDX?UNLOCKPASSWORD            -----    -----      -----    -----      107AH    0006H
  +--> ?PR?SAVEPSWCOUNT?UNLOCKPASSWORD
  +--> ?PR?_READPSWBYIDX?UNLOCKPASSWORD
  +--> ?PR?_WRITEPSWBYIDX?UNLOCKPASSWORD

?PR?_READPSWBYIDX?UNLOCKPASSWORD           -----    -----      -----    -----      -----    -----
  +--> ?PR?_READBUF_AT24C02?EEPROM

?PR?_PSWDELALLKEY?UNLOCKPASSWORD           -----    -----      -----    -----      -----    -----
  +--> ?PR?CLEARPSW?UNLOCKPASSWORD
  +--> ?PR?SHOWDELETEOK?SYSSTRING
  +--> ?PR?PSWSETCON?UNLOCKPASSWORD

?PR?_PSWINPUTKEY?UNLOCKPASSWORD            -----    -----      -----    -----      1075H    0001H
BL51 BANKED LINKER/LOCATER V6.22.2.0                                                  08/04/2022  09:22:02  PAGE 18


  +--> ?PR?SYSIDLECON?SYSSTATUS
  +--> ?PR?_CHECKPSW?UNLOCKPASSWORD
  +--> ?PR?_UNLOCK?DRIVER
  +--> ?PR?SHOWERR?SYSSTRING
  +--> ?PR?_MP3_STARTPLAY?AUDIO
  +--> ?PR?_SHOWPSW?UNLOCKPASSWORD

?PR?_CHECKPSW?UNLOCKPASSWORD               -----    -----      -----    -----      1076H    0008H
  +--> ?CO?UNLOCKPASSWORD
  +--> ?PR?PRINTF?PRINTF
  +--> ?PR?_READPSWBYIDX?UNLOCKPASSWORD

?PR?_SYSINPUTROOM?SYSSTATUS                -----    -----      -----    -----      1075H    0001H
  +--> ?PR?_GETNAMEITEMBYROOM?NAMELIST
  +--> ?PR?_CALLBYNAMEITEM?NAMELIST
  +--> ?PR?_MP3_STARTPLAY?AUDIO
  +--> ?PR?_STRLEN?DRIVER
  +--> ?PR?SHOWERR?SYSSTRING
  +--> ?PR?SHOWGSMERR?SYSSTRING
  +--> ?PR?SHOWROOMERR?SYSSTRING
  +--> ?PR?SHOWINPUTROOM?SYSSTATUS
  +--> ?PR?MP3_STOP?AUDIO
  +--> ?PR?SYSIDLECON?SYSSTATUS

?PR?SHOWROOMERR?SYSSTRING                  -----    -----      -----    -----      -----    -----
  +--> ?PR?LCDCLEAR?LCD12864
  +--> ?CO?SYSSTRING
  +--> ?PR?_DISPLAYSTRING?LCD12864

?PR?_INPUTSYSPSW?SYSSTATUS                 -----    -----      -----    -----      1075H    0001H
  +--> ?PR?SYSSETTINGCON?SYSSTATUS
  +--> ?PR?SHOWERR?SYSSTRING
  +--> ?PR?_MP3_STARTPLAY?AUDIO
  +--> ?PR?SHOWINPUTPSW?SYSSTATUS
  +--> ?PR?MP3_STOP?AUDIO
  +--> ?PR?SYSIDLECON?SYSSTATUS

?PR?_SYSPSWEDITKEY?UNLOCKPASSWORD          -----    -----      -----    -----      1075H    0001H
  +--> ?PR?_CLEARBUF?DRIVER
  +--> ?PR?SAVESYSPSW?UNLOCKPASSWORD
  +--> ?PR?SHOWSAVEOK?SYSSTRING
  +--> ?PR?SHOWERR?SYSSTRING
  +--> ?PR?SHOWCONFIRMSAVE?SYSSTRING
  +--> ?PR?SYSSETTINGCON?SYSSTATUS
  +--> ?PR?_SHOWPSW?UNLOCKPASSWORD

?PR?SAVESYSPSW?UNLOCKPASSWORD              -----    -----      -----    -----      -----    -----
  +--> ?PR?_WRITEBUF_AT24C02?EEPROM

?PR?_CARDSETKEY?CARD                       -----    -----      -----    -----      -----    -----
  +--> ?PR?EDITCARDCON?CARD
  +--> ?PR?DELETECARDCON?CARD
  +--> ?PR?DELETEALLCARDCON?CARD
  +--> ?PR?SYSSETTINGCON?SYSSTATUS

?PR?EDITCARDCON?CARD                       -----    -----      -----    -----      -----    -----
  +--> ?PR?_CLEARBUF?DRIVER
BL51 BANKED LINKER/LOCATER V6.22.2.0                                                  08/04/2022  09:22:02  PAGE 19


  +--> ?PR?_SHOWCARD?CARD

?PR?_SHOWCARD?CARD                         0020H.0  0000H.1    -----    -----      107AH    0043H
  +--> ?PR?LCDCLEAR?LCD12864
  +--> ?CO?CARD
  +--> ?CO?SYSSTRING
  +--> ?PR?PRINTF?PRINTF
  +--> ?PR?_DISPLAYSTRING?LCD12864
  +--> ?PR?_STRLEN?DRIVER
  +--> ?PR?_SETFLASH?LCD12864
  +--> ?PR?_MEMISEMPTY?DRIVER
  +--> ?PR?_HBSTRLEN?DRIVER

?PR?_MEMISEMPTY?DRIVER                     -----    -----      -----    -----      10BDH    0003H

?PR?DELETECARDCON?CARD                     -----    -----      -----    -----      -----    -----
  +--> ?PR?_CLEARBUF?DRIVER
  +--> ?PR?_MEMISEMPTY?DRIVER
  +--> ?PR?_SHOWCARD?CARD

?PR?DELETEALLCARDCON?CARD                  -----    -----      -----    -----      -----    -----
  +--> ?PR?LCDCLEAR?LCD12864
  +--> ?CO?SYSSTRING
  +--> ?PR?_DISPLAYSTRING?LCD12864

?PR?_CARDEDITKEY?CARD                      -----    -----      -----    -----      1075H    0003H
  +--> ?PR?_CLEARBUF?DRIVER
  +--> ?PR?_MEMISEMPTY?DRIVER
  +--> ?PR?_ADDCARDITEM?CARD
  +--> ?PR?SHOWSAVEOK?SYSSTRING
  +--> ?PR?SHOWERR?SYSSTRING
  +--> ?PR?SHOWCONFIRMSAVE?SYSSTRING
  +--> ?PR?CARDSETCON?CARD
  +--> ?PR?_SHOWCARD?CARD

?PR?_ADDCARDITEM?CARD                      -----    -----      -----    -----      1078H    000BH
  +--> ?PR?_READCARDBYIDX?CARD
  +--> ?PR?_WRITECARDBYIDX?CARD
  +--> ?PR?SAVECARDCOUNT?CARD

?PR?_READCARDBYIDX?CARD                    -----    -----      -----    -----      1086H    0003H
  +--> ?PR?_READBUF_AT24C02?EEPROM

?PR?_WRITECARDBYIDX?CARD                   -----    -----      -----    -----      1083H    0003H
  +--> ?PR?_WRITEBUF_AT24C02?EEPROM

?PR?_CARDDELETEKEY?CARD                    -----    -----      -----    -----      1075H    0003H
  +--> ?PR?_CLEARBUF?DRIVER
  +--> ?PR?_MEMISEMPTY?DRIVER
  +--> ?PR?_DELCARDBYCARD?CARD
  +--> ?PR?_DELCARDBYROOM?CARD
  +--> ?PR?SHOWDELETEOK?SYSSTRING
  +--> ?PR?SHOWCONFIRMDEL?SYSSTRING
  +--> ?PR?CARDSETCON?CARD
  +--> ?PR?_SHOWCARD?CARD

?PR?_DELCARDBYCARD?CARD                    -----    -----      -----    -----      1078H    0003H
BL51 BANKED LINKER/LOCATER V6.22.2.0                                                  08/04/2022  09:22:02  PAGE 20


  +--> ?PR?_DELCARDBYIDX?CARD
  +--> ?PR?_CHECKCARD?CARD

?PR?_DELCARDBYIDX?CARD                     -----    -----      -----    -----      107BH    0008H
  +--> ?PR?SAVECARDCOUNT?CARD
  +--> ?PR?_READCARDBYIDX?CARD
  +--> ?PR?_WRITECARDBYIDX?CARD

?PR?_CHECKCARD?CARD                        -----    -----      -----    -----      107BH    000BH
  +--> ?PR?_READCARDBYIDX?CARD
  +--> ?CO?CARD
  +--> ?PR?PRINTF?PRINTF

?PR?_DELCARDBYROOM?CARD                    -----    -----      -----    -----      1078H    0002H
  +--> ?PR?_DELCARDBYIDX?CARD
  +--> ?PR?_GETIDXBYROOM?SYSSTATUS

?PR?_CARDDELALLKEY?CARD                    -----    -----      -----    -----      -----    -----
  +--> ?PR?CLEARCARD?CARD
  +--> ?PR?SHOWDELETEOK?SYSSTRING
  +--> ?PR?CARDSETCON?CARD

?PR?_SYSTALKKEY?SYSSTATUS                  -----    -----      -----    -----      1075H    0001H
  +--> ?PR?_GSM_SEND_DTMF?GSM
  +--> ?PR?GSM_HUANGUP?GSM
  +--> ?PR?SYSIDLECON?SYSSTATUS
  +--> ?PR?_GSM_SETVOLUM?GSM

?PR?_GSM_SEND_DTMF?GSM                     -----    -----      -----    -----      1076H    000EH
  +--> ?CO?GSM
  +--> ?PR?_PRINTSTRING3?UART

?PR?_SYSSUBSETKEY?SYSSTATUS                -----    -----      -----    -----      1075H    0001H
  +--> ?PR?SHOWSUBPARA?SYSSTATUS
  +--> ?PR?_SAVESUBPARA?SYSSTATUS
  +--> ?PR?SYSSETTINGCON?SYSSTATUS

?PR?_SAVESUBPARA?SYSSTATUS                 -----    -----      -----    -----      1076H    0002H
  +--> ?PR?_WRITEBUF_AT24C02?EEPROM
  +--> ?PR?SHOWSAVEOK?SYSSTRING

?PR?SKEYSCAN?DRIVER                        -----    -----      -----    -----      -----    -----
  +--> ?PR?_UNLOCK?DRIVER
  +--> ?CO?DRIVER
  +--> ?PR?PRINTF?PRINTF
  +--> ?PR?INITSYSPARA?SYSSTATUS
  +--> ?PR?SHOWRESET?SYSSTRING

?PR?SHOWRESET?SYSSTRING                    -----    -----      -----    -----      -----    -----
  +--> ?PR?LCDCLEAR?LCD12864
  +--> ?CO?SYSSTRING
  +--> ?PR?_DISPLAYSTRING?LCD12864

?PR?GSM_INITTASK?GSM                       -----    -----      -----    -----      -----    -----
  +--> ?PR?GSM_STARTINIT?GSM
  +--> ?CO?GSM
  +--> ?PR?PRINTF?PRINTF
BL51 BANKED LINKER/LOCATER V6.22.2.0                                                  08/04/2022  09:22:02  PAGE 21


  +--> ?PR?_PRINTSTRING3?UART
  +--> ?PR?GSM_REPOWER?GSM
  +--> ?PR?GSM_GETCSQ?GSM
  +--> ?PR?GSM_HUANGUP?GSM
  +--> ?PR?_MP3_STARTPLAY?AUDIO
  +--> ?PR?_STRLEN?DRIVER
  +--> ?PR?SHOWERR?SYSSTRING
  +--> ?PR?_GSM_SETVOLUM?GSM
  +--> ?PR?_CALLBYNAMEITEM?NAMELIST
  +--> ?PR?SYSIDLECON?SYSSTATUS

?PR?GSM_GETCSQ?GSM                         -----    -----      -----    -----      -----    -----
  +--> ?CO?GSM
  +--> ?PR?PRINTF?PRINTF

?PR?FLASHTASK?LCD12864                     -----    -----      -----    -----      -----    -----
  +--> ?PR?_DISPLAYFL?LCD12864

?PR?_DISPLAYFL?LCD12864                    0020H.0  0000H.1    -----    -----      -----    -----
  +--> ?PR?_LCD_WCMD?LCD12864
  +--> ?PR?_LCD_WDAT?LCD12864

?PR?SHOWTALKTIME?SYSSTRING                 -----    -----      -----    -----      -----    -----
  +--> ?PR?LCDCLEAR?LCD12864
  +--> ?CO?SYSSTRING
  +--> ?PR?PRINTF?PRINTF
  +--> ?PR?_DISPLAYSTRING?LCD12864

?PR?CHECKRFIDCARD?CARDREAD                 -----    -----      -----    -----      1074H    0008H
  +--> ?CO?CARDREAD
  +--> ?PR?PRINTF?PRINTF

?PR?_SYSCARD?SYSSTATUS                     -----    -----      -----    -----      1074H    0003H
  +--> ?PR?_CARDEDITCARDIN?CARD
  +--> ?PR?_CHECKCARD?CARD
  +--> ?PR?_UNLOCK?DRIVER
  +--> ?PR?SHOWCARDERR?SYSSTRING

?PR?_CARDEDITCARDIN?CARD                   -----    -----      -----    -----      1077H    0003H
  +--> ?PR?_HS_MEMCPY?DRIVER
  +--> ?PR?_SHOWCARD?CARD

?PR?SHOWCARDERR?SYSSTRING                  -----    -----      -----    -----      -----    -----
  +--> ?PR?LCDCLEAR?LCD12864
  +--> ?CO?SYSSTRING
  +--> ?PR?_DISPLAYSTRING?LCD12864
  +--> ?PR?_MP3_STARTPLAY?AUDIO

?C_INITSEG                                 -----    -----      -----    -----      -----    -----
  +--> ?CO?GSM
  +--> ?PR?_ATCMDCB_AT?GSM
  +--> ?PR?_ATCMDCB_CPIN?GSM
  +--> ?PR?_ATCMDCB_CREG?GSM
  +--> ?PR?_ATCMDCB_CLCC?GSM
  +--> ?PR?_ATCMDCB_CSQ?GSM

?PR?_ATCMDCB_AT?GSM                        -----    -----      -----    -----      -----    -----
BL51 BANKED LINKER/LOCATER V6.22.2.0                                                  08/04/2022  09:22:02  PAGE 22


  +--> ?CO?GSM
  +--> ?PR?_LOOKFORSTR?DRIVER

?PR?_ATCMDCB_CPIN?GSM                      -----    -----      -----    -----      1074H    0009H
  +--> ?CO?GSM
  +--> ?PR?_LOOKFORSTR?DRIVER
  +--> ?PR?_STRLEN?DRIVER
  +--> ?PR?SCANF?SCANF
  +--> ?PR?PRINTF?PRINTF

?PR?_ATCMDCB_CREG?GSM                      -----    -----      -----    -----      1074H    0009H
  +--> ?CO?GSM
  +--> ?PR?_LOOKFORSTR?DRIVER
  +--> ?PR?_STRLEN?DRIVER
  +--> ?PR?SCANF?SCANF
  +--> ?PR?PRINTF?PRINTF

?PR?_ATCMDCB_CLCC?GSM                      -----    -----      -----    -----      -----    -----
  +--> ?CO?GSM
  +--> ?PR?_LOOKFORSTR?DRIVER

?PR?_ATCMDCB_CSQ?GSM                       -----    -----      -----    -----      1074H    0009H
  +--> ?CO?GSM
  +--> ?PR?_LOOKFORSTR?DRIVER
  +--> ?PR?_STRLEN?DRIVER
  +--> ?PR?SCANF?SCANF
  +--> ?PR?PRINTF?PRINTF

*** NEW ROOT ***************************************************

?PR?TIMER0_INT?TIMER                       -----    -----      -----    -----      -----    -----
  +--> ?PR?KEYBEEPTASK?AUDIO

*** NEW ROOT ***************************************************

?PR?TIMER4_INT?TIMER                       -----    -----      -----    -----      -----    -----
  +--> ?PR?PWMTASK?AUDIO

*** NEW ROOT ***************************************************

?PR?EXT_INT0?EXTI                          -----    -----      -----    -----      -----    -----
  +--> ?PR?CARDIRQ?CARDREAD



SYMBOL TABLE OF MODULE:  .\Objects\GSM (?C_STARTUP)

  VALUE           TYPE          NAME
  ----------------------------------

  -------         MODULE        ?C_STARTUP
  C:7A7EH         SEGMENT       ?C_C51STARTUP
  I:0024H         SEGMENT       ?STACK
  C:0000H         PUBLIC        ?C_STARTUP
  D:00E0H         SYMBOL        ACC
  D:00F0H         SYMBOL        B
  D:0083H         SYMBOL        DPH
BL51 BANKED LINKER/LOCATER V6.22.2.0                                                  08/04/2022  09:22:02  PAGE 23


  D:0082H         SYMBOL        DPL
  N:0000H         SYMBOL        IBPSTACK
  N:0100H         SYMBOL        IBPSTACKTOP
  N:0080H         SYMBOL        IDATALEN
  C:7A81H         SYMBOL        IDATALOOP
  N:0000H         SYMBOL        PBPSTACK
  N:0100H         SYMBOL        PBPSTACKTOP
  N:0000H         SYMBOL        PDATALEN
  N:0000H         SYMBOL        PDATASTART
  N:0000H         SYMBOL        PPAGE
  N:0000H         SYMBOL        PPAGEENABLE
  D:00A0H         SYMBOL        PPAGE_SFR
  D:0081H         SYMBOL        SP
  C:7A7EH         SYMBOL        STARTUP1
  N:0000H         SYMBOL        XBPSTACK
  N:0000H         SYMBOL        XBPSTACKTOP
  N:0000H         SYMBOL        XDATALEN
  N:0000H         SYMBOL        XDATASTART
  C:0000H         LINE#         126
  C:7A7EH         LINE#         133
  C:7A80H         LINE#         134
  C:7A81H         LINE#         135
  C:7A82H         LINE#         136
  C:7A84H         LINE#         185
  C:7A87H         LINE#         196
  -------         ENDMOD        ?C_STARTUP

  -------         MODULE        MAIN
  C:0000H         SYMBOL        _ICE_DUMMY_
  D:0080H         PUBLIC        P0
  D:0090H         PUBLIC        P1
  D:00A0H         PUBLIC        P2
  D:00B0H         PUBLIC        P3
  D:00C0H         PUBLIC        P4
  D:00C8H         PUBLIC        P5
  B:00A8H.7       PUBLIC        EA
  D:00E8H         PUBLIC        P6
  D:00F8H         PUBLIC        P7
  D:00A8H         PUBLIC        IE
  X:137EH         PUBLIC        MainTime
  D:00B8H         PUBLIC        IP
  D:00D8H         PUBLIC        CCON
  C:4207H         PUBLIC        main
  B:0080H.1       PUBLIC        P01
  B:00C0H.0       PUBLIC        P40
  D:0098H         PUBLIC        SCON
  D:0088H         PUBLIC        TCON
  D:00F0H         PUBLIC        B
  D:00E0H         PUBLIC        ACC
  X:1380H         PUBLIC        UsrKey
  D:00D0H         PUBLIC        PSW
  -------         PROC          MAIN
  C:4207H         LINE#         18
  C:4207H         LINE#         19
  C:4207H         LINE#         20
  C:420EH         LINE#         21
  C:4210H         LINE#         22
BL51 BANKED LINKER/LOCATER V6.22.2.0                                                  08/04/2022  09:22:02  PAGE 24


  C:4213H         LINE#         23
  C:4216H         LINE#         24
  C:4219H         LINE#         25
  C:421CH         LINE#         26
  C:421FH         LINE#         28
  C:4222H         LINE#         29
  C:4225H         LINE#         31
  C:422CH         LINE#         32
  C:422FH         LINE#         33
  C:4231H         LINE#         34
  C:4238H         LINE#         35
  C:423DH         LINE#         36
  C:4240H         LINE#         37
  C:4247H         LINE#         38
  C:424AH         LINE#         39
  C:424DH         LINE#         40
  C:4250H         LINE#         45
  C:4250H         LINE#         46
  C:4250H         LINE#         47
  C:4256H         LINE#         48
  C:4256H         LINE#         50
  C:425FH         LINE#         51
  C:4262H         LINE#         52
  C:4262H         LINE#         53
  C:4268H         LINE#         54
  C:4268H         LINE#         55
  C:427FH         LINE#         56
  C:4290H         LINE#         57
  C:4293H         LINE#         58
  C:4293H         LINE#         67
  C:4296H         LINE#         69
  C:429DH         LINE#         70
  C:429DH         LINE#         71
  C:42AAH         LINE#         72
  C:42B6H         LINE#         73
  C:42B6H         LINE#         74
  C:42C2H         LINE#         75
  C:42C2H         LINE#         76
  C:42CEH         LINE#         77
  C:42CEH         LINE#         78
  C:42DAH         LINE#         79
  C:42DAH         LINE#         80
  C:42DFH         LINE#         81
  C:42DFH         LINE#         82
  C:42E5H         LINE#         83
  C:42E5H         LINE#         84
  C:42E7H         LINE#         86
  C:42EAH         LINE#         87
  C:42F2H         LINE#         88
  C:42F5H         LINE#         89
  C:42F5H         LINE#         92
  C:42FAH         LINE#         96
  C:430BH         LINE#         97
  C:4313H         LINE#         98
  C:4313H         LINE#         99
  C:4316H         LINE#         101
  C:4319H         LINE#         102
BL51 BANKED LINKER/LOCATER V6.22.2.0                                                  08/04/2022  09:22:02  PAGE 25


  C:431CH         LINE#         103
  C:431FH         LINE#         107
  C:4337H         LINE#         108
  C:4337H         LINE#         109
  C:433EH         LINE#         110
  C:4340H         LINE#         111
  C:4343H         LINE#         112
  C:4361H         LINE#         113
  C:4361H         LINE#         114
  C:436FH         LINE#         115
  C:436FH         LINE#         116
  C:4372H         LINE#         117
  C:4372H         LINE#         118
  C:4372H         LINE#         119
  C:437AH         LINE#         120
  C:437AH         LINE#         121
  C:437DH         LINE#         124
  C:4398H         LINE#         125
  C:4398H         LINE#         126
  C:439DH         LINE#         127
  C:439DH         LINE#         128
  C:43B5H         LINE#         129
  C:43B5H         LINE#         130
  C:43B8H         LINE#         131
  C:43BDH         LINE#         132
  C:43C0H         LINE#         133
  C:43C0H         LINE#         134
  C:43C0H         LINE#         143
  C:43C6H         LINE#         144
  C:43CEH         LINE#         145
  C:43FCH         LINE#         146
  C:43FCH         LINE#         147
  C:4414H         LINE#         148
  C:4414H         LINE#         158
  C:4414H         LINE#         160
  C:442AH         LINE#         161
  C:442AH         LINE#         162
  C:4438H         LINE#         163
  C:443FH         LINE#         164
  C:443FH         LINE#         165
  C:4444H         LINE#         166
  C:4444H         LINE#         167
  C:4444H         LINE#         168
  C:4444H         LINE#         170
  C:444EH         LINE#         171
  C:444EH         LINE#         176
  C:4450H         LINE#         177
  C:4450H         LINE#         178
  C:4456H         LINE#         179
  C:4456H         LINE#         180
  C:4459H         LINE#         181
  C:445CH         LINE#         182
  C:445CH         LINE#         184
  C:4461H         LINE#         188
  C:446AH         LINE#         189
  C:446AH         LINE#         190
  C:446DH         LINE#         191
BL51 BANKED LINKER/LOCATER V6.22.2.0                                                  08/04/2022  09:22:02  PAGE 26


  C:446DH         LINE#         204
  -------         ENDPROC       MAIN
  -------         ENDMOD        MAIN

  -------         MODULE        DRIVER
  C:0000H         SYMBOL        _ICE_DUMMY_
  D:0080H         PUBLIC        P0
  D:0090H         PUBLIC        P1
  D:00A0H         PUBLIC        P2
  D:00B0H         PUBLIC        P3
  D:00C0H         PUBLIC        P4
  D:00C8H         PUBLIC        P5
  D:00E8H         PUBLIC        P6
  D:00F8H         PUBLIC        P7
  C:8E02H         PUBLIC        _ClearBuf
  X:136FH         PUBLIC        DtmfData
  C:713DH         PUBLIC        GPIO_config
  C:88FAH         PUBLIC        _HS_memcpy
  D:00A8H         PUBLIC        IE
  C:9019H         PUBLIC        _delay
  C:9489H         PUBLIC        RelayTask
  C:86DCH         PUBLIC        UART_config
  D:00B8H         PUBLIC        IP
  C:903FH         PUBLIC        _strlen
  D:00D8H         PUBLIC        CCON
  C:8682H         PUBLIC        _HS_strcpy
  C:67CAH         PUBLIC        SkeyScan
  X:1370H         PUBLIC        SkeyStatus
  C:9563H         PUBLIC        _HBstrlen
  C:6A2DH         PUBLIC        KeyScan
  B:00C0H.0       PUBLIC        P40
  B:0080H.4       PUBLIC        P04
  D:0098H         PUBLIC        SCON
  B:00C0H.1       PUBLIC        P41
  B:0080H.5       PUBLIC        P05
  D:0088H         PUBLIC        TCON
  B:0080H.6       PUBLIC        P06
  B:00F8H.0       PUBLIC        P70
  B:00C0H.3       PUBLIC        P43
  B:00F8H.1       PUBLIC        P71
  B:00F8H.2       PUBLIC        P72
  B:00C8H.4       PUBLIC        P54
  B:00F8H.3       PUBLIC        P73
  B:00C8H.5       PUBLIC        P55
  D:00F0H         PUBLIC        B
  X:1371H         PUBLIC        ResetKeyTime
  D:00E0H         PUBLIC        ACC
  X:1373H         PUBLIC        SkeyStatusOld
  C:6F59H         PUBLIC        _lookforstr
  C:8786H         PUBLIC        Timer_config
  C:934FH         PUBLIC        _Unlock
  C:8DA6H         PUBLIC        _MemIsEmpty
  C:9470H         PUBLIC        Exti_config
  D:00D0H         PUBLIC        PSW
  X:1374H         PUBLIC        Rly1Time
  C:975FH         PUBLIC        _putchar
  -------         PROC          _DELAY
BL51 BANKED LINKER/LOCATER V6.22.2.0                                                  08/04/2022  09:22:02  PAGE 27


  D:0006H         SYMBOL        t
  -------         DO            
  D:0004H         SYMBOL        i
  D:0002H         SYMBOL        j
  -------         ENDDO         
  C:9019H         LINE#         14
  C:9019H         LINE#         15
  C:9019H         LINE#         17
  C:9020H         LINE#         18
  C:9029H         LINE#         19
  C:903EH         LINE#         20
  -------         ENDPROC       _DELAY
  -------         PROC          _PUTCHAR
  X:1144H         SYMBOL        ch
  C:975FH         LINE#         22
  C:9764H         LINE#         23
  C:9764H         LINE#         24
  C:9767H         LINE#         25
  C:976CH         LINE#         26
  -------         ENDPROC       _PUTCHAR
  -------         PROC          _STRLEN
  X:111CH         SYMBOL        pch
  -------         DO            
  D:0007H         SYMBOL        len
  -------         ENDDO         
  C:903FH         LINE#         27
  C:904AH         LINE#         28
  C:904AH         LINE#         29
  C:904CH         LINE#         30
  C:9064H         LINE#         31
  C:9064H         LINE#         32
  -------         ENDPROC       _STRLEN
  -------         PROC          _HBSTRLEN
  D:0001H         SYMBOL        pch
  -------         DO            
  D:0007H         SYMBOL        len
  -------         ENDDO         
  C:9563H         LINE#         33
  C:9563H         LINE#         34
  C:9563H         LINE#         35
  C:9565H         LINE#         36
  C:956AH         LINE#         37
  C:956AH         LINE#         38
  C:956BH         LINE#         39
  C:956EH         LINE#         40
  C:956EH         LINE#         41
  C:956FH         LINE#         42
  C:956FH         LINE#         43
  C:9576H         LINE#         44
  C:9578H         LINE#         45
  C:9578H         LINE#         46
  -------         ENDPROC       _HBSTRLEN
  -------         PROC          _LOOKFORSTR
  X:10CDH         SYMBOL        srcBuf
  X:10D0H         SYMBOL        detBuf
  -------         DO            
  X:10D3H         SYMBOL        i
BL51 BANKED LINKER/LOCATER V6.22.2.0                                                  08/04/2022  09:22:02  PAGE 28


  X:10D5H         SYMBOL        j
  -------         ENDDO         
  C:6F59H         LINE#         48
  C:6F64H         LINE#         49
  C:6F64H         LINE#         51
  C:6F6BH         LINE#         52
  C:6F6FH         LINE#         53
  C:6F8EH         LINE#         54
  C:6F8EH         LINE#         55
  C:6FA2H         LINE#         56
  C:6FA2H         LINE#         57
  C:6FC3H         LINE#         58
  C:6FC3H         LINE#         59
  C:7004H         LINE#         60
  C:7004H         LINE#         61
  C:7004H         LINE#         62
  C:7004H         LINE#         63
  C:7014H         LINE#         64
  C:702FH         LINE#         65
  C:702FH         LINE#         66
  C:7038H         LINE#         67
  C:7038H         LINE#         68
  C:7038H         LINE#         69
  C:7049H         LINE#         70
  C:704CH         LINE#         71
  C:7050H         LINE#         72
  -------         ENDPROC       _LOOKFORSTR
  -------         PROC          _CLEARBUF
  X:111CH         SYMBOL        buf
  D:0004H         SYMBOL        len
  C:8E02H         LINE#         74
  C:8E0DH         LINE#         75
  C:8E0DH         LINE#         76
  C:8E17H         LINE#         77
  C:8E17H         LINE#         78
  C:8E2BH         LINE#         79
  C:8E2DH         LINE#         80
  -------         ENDPROC       _CLEARBUF
  -------         PROC          _HS_MEMCPY
  X:10C8H         SYMBOL        dst
  X:10CBH         SYMBOL        src
  X:10CEH         SYMBOL        len
  C:88FAH         LINE#         81
  C:8905H         LINE#         82
  C:8905H         LINE#         83
  C:8913H         LINE#         84
  C:8913H         LINE#         85
  C:893BH         LINE#         86
  C:893DH         LINE#         87
  -------         ENDPROC       _HS_MEMCPY
  -------         PROC          _HS_STRCPY
  X:1094H         SYMBOL        dst
  X:1097H         SYMBOL        src
  -------         DO            
  D:0006H         SYMBOL        i
  -------         ENDDO         
  C:8682H         LINE#         88
BL51 BANKED LINKER/LOCATER V6.22.2.0                                                  08/04/2022  09:22:02  PAGE 29


  C:868DH         LINE#         89
  C:868DH         LINE#         90
  C:8690H         LINE#         91
  C:86A0H         LINE#         92
  C:86A0H         LINE#         93
  C:86C6H         LINE#         94
  C:86CBH         LINE#         95
  C:86CDH         LINE#         96
  -------         ENDPROC       _HS_STRCPY
  -------         PROC          _MEMISEMPTY
  X:10BDH         SYMBOL        buf
  D:0004H         SYMBOL        len
  C:8DA6H         LINE#         99
  C:8DB1H         LINE#         100
  C:8DB1H         LINE#         101
  C:8DBBH         LINE#         102
  C:8DBBH         LINE#         103
  C:8DD0H         LINE#         104
  C:8DD0H         LINE#         105
  C:8DD2H         LINE#         106
  C:8DD2H         LINE#         107
  C:8DD2H         LINE#         108
  C:8DD3H         LINE#         109
  -------         ENDPROC       _MEMISEMPTY
  -------         PROC          GPIO_CONFIG
  -------         DO            
  X:1074H         SYMBOL        GPIO_InitStructure
  -------         ENDDO         
  C:713DH         LINE#         111
  C:713DH         LINE#         112
  C:713DH         LINE#         114
  C:7143H         LINE#         118
  C:7148H         LINE#         119
  C:7153H         LINE#         121
  C:715EH         LINE#         124
  C:7169H         LINE#         126
  C:716FH         LINE#         127
  C:717AH         LINE#         129
  C:7180H         LINE#         130
  C:718AH         LINE#         132
  C:7190H         LINE#         133
  C:719BH         LINE#         135
  C:71A1H         LINE#         136
  C:71ACH         LINE#         138
  C:71B2H         LINE#         139
  C:71BDH         LINE#         142
  C:71C3H         LINE#         144
  C:71C7H         LINE#         145
  C:71D2H         LINE#         147
  C:71D8H         LINE#         148
  C:71E3H         LINE#         150
  C:71E9H         LINE#         151
  C:71F4H         LINE#         153
  C:71FAH         LINE#         154
  C:7205H         LINE#         156
  C:720BH         LINE#         157
  C:7216H         LINE#         159
BL51 BANKED LINKER/LOCATER V6.22.2.0                                                  08/04/2022  09:22:02  PAGE 30


  C:7218H         LINE#         160
  C:721AH         LINE#         162
  C:721CH         LINE#         163
  C:721EH         LINE#         164
  C:7220H         LINE#         166
  C:7222H         LINE#         167
  C:7224H         LINE#         170
  -------         ENDPROC       GPIO_CONFIG
  -------         PROC          UART_CONFIG
  -------         DO            
  X:1074H         SYMBOL        COMx_InitStructure
  -------         ENDDO         
  C:86DCH         LINE#         172
  C:86DCH         LINE#         173
  C:86DCH         LINE#         175
  C:86E2H         LINE#         176
  C:86E6H         LINE#         177
  C:86EEH         LINE#         178
  C:86F4H         LINE#         179
  C:86F7H         LINE#         180
  C:86FAH         LINE#         181
  C:86FCH         LINE#         182
  C:86FFH         LINE#         183
  C:870AH         LINE#         184
  C:8713H         LINE#         187
  C:8719H         LINE#         188
  C:8724H         LINE#         189
  C:8729H         LINE#         190
  -------         ENDPROC       UART_CONFIG
  -------         PROC          TIMER_CONFIG
  -------         DO            
  X:1074H         SYMBOL        TIM_InitStructure
  -------         ENDDO         
  C:8786H         LINE#         203
  C:8786H         LINE#         204
  C:8786H         LINE#         206
  C:878BH         LINE#         207
  C:878DH         LINE#         208
  C:8790H         LINE#         209
  C:8793H         LINE#         210
  C:8795H         LINE#         211
  C:879DH         LINE#         212
  C:87A1H         LINE#         214
  C:87ABH         LINE#         216
  C:87B5H         LINE#         217
  C:87C0H         LINE#         219
  C:87CAH         LINE#         220
  -------         ENDPROC       TIMER_CONFIG
  -------         PROC          EXTI_CONFIG
  -------         DO            
  X:1074H         SYMBOL        Exti_InitStructure
  -------         ENDDO         
  C:9470H         LINE#         224
  C:9470H         LINE#         225
  C:9470H         LINE#         228
  C:9476H         LINE#         229
  C:947BH         LINE#         230
BL51 BANKED LINKER/LOCATER V6.22.2.0                                                  08/04/2022  09:22:02  PAGE 31


  C:947FH         LINE#         231
  -------         ENDPROC       EXTI_CONFIG
  -------         PROC          KEYSCAN
  -------         DO            
  X:136BH         SYMBOL        KeyStep
  X:136CH         SYMBOL        KeyTime
  X:1074H         SYMBOL        key
  -------         ENDDO         
  C:6A2DH         LINE#         238
  C:6A2DH         LINE#         239
  C:6A2DH         LINE#         243
  C:6A4DH         LINE#         244
  C:6A4DH         LINE#         245
  C:6A4DH         LINE#         246
  C:6A50H         LINE#         247
  C:6A5BH         LINE#         248
  C:6A5BH         LINE#         249
  C:6A61H         LINE#         250
  C:6A67H         LINE#         251
  C:6A67H         LINE#         252
  C:6A6AH         LINE#         253
  C:6A6AH         LINE#         254
  C:6A72H         LINE#         255
  C:6A72H         LINE#         256
  C:6A73H         LINE#         257
  C:6A76H         LINE#         258
  C:6A81H         LINE#         259
  C:6A81H         LINE#         260
  C:6A87H         LINE#         261
  C:6A87H         LINE#         262
  C:6A8AH         LINE#         263
  C:6A8AH         LINE#         264
  C:6A92H         LINE#         265
  C:6A95H         LINE#         266
  C:6A9BH         LINE#         267
  C:6A9EH         LINE#         268
  C:6A9EH         LINE#         269
  C:6AA4H         LINE#         270
  C:6AA7H         LINE#         271
  C:6AADH         LINE#         272
  C:6AE8H         LINE#         273
  C:6AE8H         LINE#         274
  C:6AE8H         LINE#         275
  C:6AEBH         LINE#         276
  C:6AEBH         LINE#         277
  C:6AEEH         LINE#         278
  C:6AEEH         LINE#         279
  C:6AF1H         LINE#         280
  C:6AF1H         LINE#         281
  C:6AF4H         LINE#         282
  C:6AF4H         LINE#         283
  C:6AF7H         LINE#         284
  C:6AF7H         LINE#         285
  C:6AFAH         LINE#         286
  C:6AFAH         LINE#         287
  C:6AFDH         LINE#         288
  C:6AFDH         LINE#         289
BL51 BANKED LINKER/LOCATER V6.22.2.0                                                  08/04/2022  09:22:02  PAGE 32


  C:6B00H         LINE#         290
  C:6B00H         LINE#         291
  C:6B03H         LINE#         292
  C:6B03H         LINE#         293
  C:6B06H         LINE#         294
  C:6B06H         LINE#         295
  C:6B09H         LINE#         296
  C:6B09H         LINE#         297
  C:6B0CH         LINE#         298
  C:6B0CH         LINE#         299
  C:6B0FH         LINE#         300
  C:6B0FH         LINE#         301
  C:6B12H         LINE#         302
  C:6B12H         LINE#         303
  C:6B15H         LINE#         304
  C:6B15H         LINE#         305
  C:6B18H         LINE#         306
  C:6B18H         LINE#         307
  C:6B18H         LINE#         308
  C:6B18H         LINE#         309
  C:6B20H         LINE#         310
  C:6B20H         LINE#         311
  C:6B26H         LINE#         312
  C:6B2AH         LINE#         313
  C:6B2AH         LINE#         314
  C:6B2CH         LINE#         315
  C:6B2CH         LINE#         316
  C:6B34H         LINE#         317
  C:6B34H         LINE#         318
  C:6B3AH         LINE#         319
  C:6B3CH         LINE#         320
  C:6B44H         LINE#         321
  C:6B44H         LINE#         322
  C:6B48H         LINE#         323
  C:6B48H         LINE#         324
  C:6B48H         LINE#         326
  C:6B48H         LINE#         327
  C:6B4AH         LINE#         328
  -------         ENDPROC       KEYSCAN
[...]
  C:8A76H         LINE#         51
  C:8A93H         LINE#         54
  C:8A96H         LINE#         56
  -------         ENDPROC       TIMER4_INT
  -------         PROC          _TIMER_INILIZE
  D:0005H         SYMBOL        TIM
  D:0001H         SYMBOL        TIMx
  C:4F74H         LINE#         66
  C:4F76H         LINE#         67
  C:4F76H         LINE#         69
  C:4F7CH         LINE#         70
  C:4F7CH         LINE#         71
  C:4F7EH         LINE#         72
  C:4F8BH         LINE#         73
  C:4F8DH         LINE#         74
  C:4F9CH         LINE#         75
  C:4FCAH         LINE#         77
  C:4FD6H         LINE#         78
  C:4FDDH         LINE#         79
  C:4FEAH         LINE#         80
  C:4FF0H         LINE#         81
  C:4FF9H         LINE#         82
  C:4FFCH         LINE#         83
  C:500AH         LINE#         84
  C:500DH         LINE#         86
  C:501FH         LINE#         87
  C:502AH         LINE#         88
  C:502DH         LINE#         89
  C:502DH         LINE#         92
  C:5035H         LINE#         93
  C:5035H         LINE#         94
  C:5037H         LINE#         95
  C:5044H         LINE#         96
  C:5046H         LINE#         97
  C:5055H         LINE#         98
  C:5083H         LINE#         99
  C:508FH         LINE#         100
  C:5096H         LINE#         101
  C:50A3H         LINE#         102
  C:50A9H         LINE#         103
BL51 BANKED LINKER/LOCATER V6.22.2.0                                                  08/04/2022  09:22:02  PAGE 132


  C:50B2H         LINE#         104
  C:50B5H         LINE#         105
  C:50C3H         LINE#         106
  C:50C6H         LINE#         108
  C:50D8H         LINE#         109
  C:50E3H         LINE#         110
  C:50E6H         LINE#         111
  C:50E6H         LINE#         152
  C:50EBH         LINE#         153
  C:50EBH         LINE#         154
  C:50EEH         LINE#         155
  C:50FCH         LINE#         156
  C:50FFH         LINE#         157
  C:510EH         LINE#         158
  C:5115H         LINE#         159
  C:5120H         LINE#         160
  C:512EH         LINE#         161
  C:5131H         LINE#         162
  C:513FH         LINE#         163
  C:5142H         LINE#         165
  C:5152H         LINE#         166
  C:515EH         LINE#         167
  C:5161H         LINE#         168
  C:5161H         LINE#         170
  C:5163H         LINE#         171
  -------         ENDPROC       _TIMER_INILIZE
  -------         ENDMOD        TIMER

  -------         MODULE        GPIO
  C:0000H         SYMBOL        _ICE_DUMMY_
  D:0093H         PUBLIC        P0M1
  D:0092H         PUBLIC        P1M0
  D:0096H         PUBLIC        P2M0
  D:0091H         PUBLIC        P1M1
  D:0080H         PUBLIC        P0
  D:00B2H         PUBLIC        P3M0
  D:0095H         PUBLIC        P2M1
  D:0090H         PUBLIC        P1
  D:00B4H         PUBLIC        P4M0
  D:00B1H         PUBLIC        P3M1
  D:00A0H         PUBLIC        P2
  D:00CAH         PUBLIC        P5M0
  D:00B3H         PUBLIC        P4M1
  D:00B0H         PUBLIC        P3
  D:00CCH         PUBLIC        P6M0
  D:00C9H         PUBLIC        P5M1
  D:00C0H         PUBLIC        P4
  D:00E2H         PUBLIC        P7M0
  D:00CBH         PUBLIC        P6M1
  D:00C8H         PUBLIC        P5
  D:00E8H         PUBLIC        P6
  D:00E1H         PUBLIC        P7M1
  D:00F8H         PUBLIC        P7
  D:00A8H         PUBLIC        IE
  D:00B8H         PUBLIC        IP
  D:00D8H         PUBLIC        CCON
  D:0098H         PUBLIC        SCON
BL51 BANKED LINKER/LOCATER V6.22.2.0                                                  08/04/2022  09:22:02  PAGE 133


  D:0088H         PUBLIC        TCON
  D:00F0H         PUBLIC        B
  D:00E0H         PUBLIC        ACC
  C:46C6H         PUBLIC        _GPIO_Inilize
  D:00D0H         PUBLIC        PSW
  D:0094H         PUBLIC        P0M0
  -------         PROC          _GPIO_INILIZE
  D:0007H         SYMBOL        GPIO
  D:0001H         SYMBOL        GPIOx
  C:46C6H         LINE#         10
  C:46C6H         LINE#         11
  C:46C6H         LINE#         12
  C:46CFH         LINE#         13
  C:46DBH         LINE#         14
  C:46DEH         LINE#         15
  C:46DEH         LINE#         16
  C:46ECH         LINE#         17
  C:46FDH         LINE#         18
  C:470EH         LINE#         19
  C:471FH         LINE#         20
  C:471FH         LINE#         21
  C:4724H         LINE#         22
  C:4724H         LINE#         23
  C:4735H         LINE#         24
  C:4744H         LINE#         25
  C:4754H         LINE#         26
  C:4767H         LINE#         27
  C:4767H         LINE#         28
  C:476CH         LINE#         29
  C:476CH         LINE#         30
  C:477DH         LINE#         31
  C:478CH         LINE#         32
  C:479CH         LINE#         33
  C:47AFH         LINE#         34
  C:47AFH         LINE#         35
  C:47B4H         LINE#         36
  C:47B4H         LINE#         37
  C:47C5H         LINE#         38
  C:47D4H         LINE#         39
  C:47E4H         LINE#         40
  C:47F7H         LINE#         41
  C:47F7H         LINE#         42
  C:47FCH         LINE#         43
  C:47FCH         LINE#         44
  C:480DH         LINE#         45
  C:481CH         LINE#         46
  C:482CH         LINE#         47
  C:483FH         LINE#         48
  C:483FH         LINE#         49
  C:4844H         LINE#         50
  C:4844H         LINE#         51
  C:4855H         LINE#         52
  C:4864H         LINE#         53
  C:4874H         LINE#         54
  C:4887H         LINE#         55
  C:4887H         LINE#         56
  C:488CH         LINE#         57
BL51 BANKED LINKER/LOCATER V6.22.2.0                                                  08/04/2022  09:22:02  PAGE 134


  C:488CH         LINE#         58
  C:489DH         LINE#         59
  C:48ACH         LINE#         60
  C:48BCH         LINE#         61
  C:48CFH         LINE#         62
  C:48CFH         LINE#         63
  C:48D4H         LINE#         64
  C:48D4H         LINE#         65
  C:48E5H         LINE#         66
  C:48F4H         LINE#         67
  C:4904H         LINE#         68
  C:4917H         LINE#         69
  C:4917H         LINE#         70
  C:4919H         LINE#         71
  -------         ENDPROC       _GPIO_INILIZE
  -------         ENDMOD        GPIO

  -------         MODULE        EXTI
  C:0000H         SYMBOL        _ICE_DUMMY_
  D:0080H         PUBLIC        P0
  D:0090H         PUBLIC        P1
  D:00A0H         PUBLIC        P2
  D:00B0H         PUBLIC        P3
  D:00C0H         PUBLIC        P4
  D:00C8H         PUBLIC        P5
  D:00E8H         PUBLIC        P6
  D:00F8H         PUBLIC        P7
  D:00A8H         PUBLIC        IE
  D:00B8H         PUBLIC        IP
  D:00D8H         PUBLIC        CCON
  C:89C0H         PUBLIC        Ext_INT0
  D:0098H         PUBLIC        SCON
  D:0088H         PUBLIC        TCON
  B:0088H.1       PUBLIC        IE0
  D:00F0H         PUBLIC        B
  D:00E0H         PUBLIC        ACC
  B:00A8H.0       PUBLIC        EX0
  B:0088H.0       PUBLIC        IT0
  B:00B8H.0       PUBLIC        PX0
  D:00B7H         PUBLIC        IPH
  C:861FH         PUBLIC        _Ext_Inilize
  D:00D0H         PUBLIC        PSW
  -------         PROC          EXT_INT0
  C:89C0H         LINE#         8
  C:89DDH         LINE#         11
  C:89E0H         LINE#         12
  C:89E5H         LINE#         13
  -------         ENDPROC       EXT_INT0
  -------         PROC          _EXT_INILIZE
  D:0007H         SYMBOL        EXT
  D:0001H         SYMBOL        INTx
  C:861FH         LINE#         51
  C:861FH         LINE#         52
  C:861FH         LINE#         55
  C:8622H         LINE#         56
  C:8622H         LINE#         57
  C:8624H         LINE#         58
BL51 BANKED LINKER/LOCATER V6.22.2.0                                                  08/04/2022  09:22:02  PAGE 135


  C:8631H         LINE#         59
  C:8633H         LINE#         60
  C:8642H         LINE#         61
  C:8670H         LINE#         62
  C:867AH         LINE#         63
  C:867CH         LINE#         64
  C:867FH         LINE#         65
  C:867FH         LINE#         104
  C:8681H         LINE#         105
  -------         ENDPROC       _EXT_INILIZE
  -------         ENDMOD        EXTI

  -------         MODULE        SPI
  C:0000H         SYMBOL        _ICE_DUMMY_
  D:0080H         PUBLIC        P0
  D:0090H         PUBLIC        P1
  C:8869H         PUBLIC        SPI_Transivion
  D:00A0H         PUBLIC        P2
  D:00B0H         PUBLIC        P3
  D:00C0H         PUBLIC        P4
  D:00C8H         PUBLIC        P5
  D:00E8H         PUBLIC        P6
  D:00F8H         PUBLIC        P7
  D:00CEH         PUBLIC        SPCTL
  D:00A2H         PUBLIC        P_SW1
  D:00A8H         PUBLIC        IE
  B:0023H.4       PUBLIC        B_SPI_Busy
  D:00B8H         PUBLIC        IP
  C:782AH         PUBLIC        _SPI_Flash_Read
  D:00D8H         PUBLIC        CCON
  D:0098H         PUBLIC        SCON
  D:0088H         PUBLIC        TCON
  B:00F8H.4       PUBLIC        P74
  X:11CBH         PUBLIC        SPI_RxCnt
  D:00AFH         PUBLIC        IE2
  D:00F0H         PUBLIC        B
  D:00E0H         PUBLIC        ACC
  X:11CCH         PUBLIC        SPI_RxTimerOut
  D:00CDH         PUBLIC        SPSTAT
  C:78C3H         PUBLIC        _SPI_Init
  C:944CH         PUBLIC        _SPI_ReadWriteByte
  X:11CDH         PUBLIC        SPI_RxBuffer
  D:00D0H         PUBLIC        PSW
  D:00CFH         PUBLIC        SPDAT
  -------         PROC          _SPI_INIT
  D:0001H         SYMBOL        SPIx
  C:78C3H         LINE#         29
  C:78C3H         LINE#         30
  C:78C3H         LINE#         31
  C:78D1H         LINE#         32
  C:78D4H         LINE#         33
  C:78DFH         LINE#         34
  C:78E2H         LINE#         35
  C:78F0H         LINE#         36
  C:78F3H         LINE#         37
  C:7900H         LINE#         38
  C:7903H         LINE#         39
BL51 BANKED LINKER/LOCATER V6.22.2.0                                                  08/04/2022  09:22:02  PAGE 136


  C:7911H         LINE#         40
  C:7914H         LINE#         41
  C:7921H         LINE#         42
  C:7924H         LINE#         43
  C:7932H         LINE#         44
  C:7935H         LINE#         45
  C:7945H         LINE#         46
  C:7953H         LINE#         48
  C:7958H         LINE#         49
  C:795AH         LINE#         50
  -------         ENDPROC       _SPI_INIT
  -------         PROC          SPI_TRANSIVION
  C:8869H         LINE#         96
  C:8876H         LINE#         98
  C:887BH         LINE#         99
  C:887BH         LINE#         100
  C:887DH         LINE#         101
  C:887FH         LINE#         103
  C:887FH         LINE#         104
  C:888AH         LINE#         105
  C:889EH         LINE#         106
  C:88A4H         LINE#         107
  C:88A4H         LINE#         108
  C:88A7H         LINE#         109
  -------         ENDPROC       SPI_TRANSIVION
  -------         PROC          L?0028
  -------         ENDPROC       L?0028
  -------         PROC          _SPI_READWRITEBYTE
  D:0007H         SYMBOL        dat
  C:944CH         LINE#         111
  C:944CH         LINE#         112
  C:944CH         LINE#         113
  C:944EH         LINE#         114
  C:9450H         LINE#         115
  C:9453H         LINE#         116
  C:9455H         LINE#         117
  C:9455H         LINE#         118
  -------         ENDPROC       _SPI_READWRITEBYTE
  -------         PROC          _SPI_FLASH_READ
  X:1124H         SYMBOL        pBuffer
  X:1127H         SYMBOL        ReadAddr
  X:112BH         SYMBOL        NumByteToRead
  -------         DO            
  X:112DH         SYMBOL        i
  X:112FH         SYMBOL        tmp
  -------         ENDDO         
  C:782AH         LINE#         139
  C:7839H         LINE#         140
  C:7839H         LINE#         141
  C:7839H         LINE#         142
  C:783BH         LINE#         143
  C:7842H         LINE#         144
  C:7847H         LINE#         145
  C:784CH         LINE#         146
  C:7851H         LINE#         147
  C:785CH         LINE#         148
  C:7878H         LINE#         149
BL51 BANKED LINKER/LOCATER V6.22.2.0                                                  08/04/2022  09:22:02  PAGE 137


  C:7878H         LINE#         150
  C:7889H         LINE#         151
  C:78B0H         LINE#         152
  C:78C0H         LINE#         153
  C:78C2H         LINE#         154
  -------         ENDPROC       _SPI_FLASH_READ
  -------         ENDMOD        SPI

  -------         MODULE        ?C?COPY
  C:09B6H         PUBLIC        ?C?COPY
  -------         ENDMOD        ?C?COPY

  -------         MODULE        ?C?CLDPTR
  C:09DCH         PUBLIC        ?C?CLDPTR
  -------         ENDMOD        ?C?CLDPTR

  -------         MODULE        ?C?CLDOPTR
  C:09F5H         PUBLIC        ?C?CLDOPTR
  -------         ENDMOD        ?C?CLDOPTR

  -------         MODULE        ?C?CSTPTR
  C:0A22H         PUBLIC        ?C?CSTPTR
  -------         ENDMOD        ?C?CSTPTR

  -------         MODULE        ?C?CSTOPTR
  C:0A34H         PUBLIC        ?C?CSTOPTR
  -------         ENDMOD        ?C?CSTOPTR

  -------         MODULE        ?C?IMUL
  C:0A56H         PUBLIC        ?C?IMUL
  -------         ENDMOD        ?C?IMUL

  -------         MODULE        ?C?UIDIV
  C:0A68H         PUBLIC        ?C?UIDIV
  -------         ENDMOD        ?C?UIDIV

  -------         MODULE        ?C?IILDX
  C:0ABDH         PUBLIC        ?C?IILDX
  -------         ENDMOD        ?C?IILDX

  -------         MODULE        ?C?ILDIX
  C:0AD3H         PUBLIC        ?C?ILDIX
  -------         ENDMOD        ?C?ILDIX

  -------         MODULE        ?C?ILDPTR
  C:0AE9H         PUBLIC        ?C?ILDPTR
  -------         ENDMOD        ?C?ILDPTR

  -------         MODULE        ?C?ILDOPTR
  C:0B14H         PUBLIC        ?C?ILDOPTR
  -------         ENDMOD        ?C?ILDOPTR

  -------         MODULE        ?C?LMUL
  C:0B4CH         PUBLIC        ?C?LMUL
  -------         ENDMOD        ?C?LMUL

  -------         MODULE        ?C?ULDIV
BL51 BANKED LINKER/LOCATER V6.22.2.0                                                  08/04/2022  09:22:02  PAGE 138


  C:0BD7H         PUBLIC        ?C?ULDIV
  -------         ENDMOD        ?C?ULDIV

  -------         MODULE        ?C?ULCMP
  C:0C69H         PUBLIC        ?C?ULCMP
  -------         ENDMOD        ?C?ULCMP

  -------         MODULE        ?C?ULSHR
  C:0C7AH         PUBLIC        ?C?ULSHR
  -------         ENDMOD        ?C?ULSHR

  -------         MODULE        ?C?LSHL
  C:0C8DH         PUBLIC        ?C?LSHL
  -------         ENDMOD        ?C?LSHL

  -------         MODULE        ?C?LLDOPTR
  C:0CA0H         PUBLIC        ?C?LLDOPTR
  -------         ENDMOD        ?C?LLDOPTR

  -------         MODULE        ?C?LLDOPTR0
  C:0CD0H         PUBLIC        ?C?LLDOPTR0
  -------         ENDMOD        ?C?LLDOPTR0

  -------         MODULE        ?C?LSTXDATA
  C:0D00H         PUBLIC        ?C?LSTXDATA
  -------         ENDMOD        ?C?LSTXDATA

  -------         MODULE        ?C?LSTKXDATA
  C:0D0CH         PUBLIC        ?C?LSTKXDATA
  -------         ENDMOD        ?C?LSTKXDATA

  -------         MODULE        ?C?OFFXADD
  C:0D3DH         PUBLIC        ?C?OFFXADD
  -------         ENDMOD        ?C?OFFXADD

  -------         MODULE        ?C?CCASE
  C:0D49H         PUBLIC        ?C?CCASE
  -------         ENDMOD        ?C?CCASE

  -------         MODULE        ?C?ICALL
  C:0D6FH         PUBLIC        ?C?ICALL
  C:0D73H         PUBLIC        ?C?ICALL2
  -------         ENDMOD        ?C?ICALL

  -------         MODULE        PRINTF
  X:111CH         PUBLIC        ?_PRINTF517?BYTE
  X:111CH         PUBLIC        ?_PRINTF?BYTE
  X:111CH         PUBLIC        ?_SPRINTF517?BYTE
  X:111CH         PUBLIC        ?_SPRINTF?BYTE
  C:2D19H         PUBLIC        _PRINTF
  C:2D19H         PUBLIC        _PRINTF517
  C:2D13H         PUBLIC        _SPRINTF
  C:2D13H         PUBLIC        _SPRINTF517
  -------         ENDMOD        PRINTF

  -------         MODULE        SCANF
  X:10CDH         PUBLIC        ?_SCANF517?BYTE
BL51 BANKED LINKER/LOCATER V6.22.2.0                                                  08/04/2022  09:22:02  PAGE 139


  X:10CDH         PUBLIC        ?_SCANF?BYTE
  X:10CDH         PUBLIC        ?_SSCANF517?BYTE
  X:10CDH         PUBLIC        ?_SSCANF?BYTE
  C:3A32H         PUBLIC        _SCANF
  C:3A32H         PUBLIC        _SCANF517
  C:3A2EH         PUBLIC        _SSCANF
  C:3A2EH         PUBLIC        _SSCANF517
  -------         ENDMOD        SCANF

  -------         MODULE        ?C?ISTPTR
  C:0D75H         PUBLIC        ?C?ISTPTR
  -------         ENDMOD        ?C?ISTPTR

  -------         MODULE        ?C?LNEG
  C:0D94H         PUBLIC        ?C?LNEG
  -------         ENDMOD        ?C?LNEG

  -------         MODULE        ?C?LSTPTR
  C:0DA2H         PUBLIC        ?C?LSTPTR
  -------         ENDMOD        ?C?LSTPTR

  -------         MODULE        ?C?LLDIDATA
  C:0DBCH         PUBLIC        ?C?LLDIDATA
  -------         ENDMOD        ?C?LLDIDATA

  -------         MODULE        ?C?LLDXDATA
  C:0DC8H         PUBLIC        ?C?LLDXDATA
  -------         ENDMOD        ?C?LLDXDATA

  -------         MODULE        ?C?LLDPDATA
  C:0DD4H         PUBLIC        ?C?LLDPDATA
  -------         ENDMOD        ?C?LLDPDATA

  -------         MODULE        ?C?LLDCODE
  C:0DE0H         PUBLIC        ?C?LLDCODE
  -------         ENDMOD        ?C?LLDCODE

  -------         MODULE        ?C?LLDIDATA0
  C:0DF0H         PUBLIC        ?C?LLDIDATA0
  -------         ENDMOD        ?C?LLDIDATA0

  -------         MODULE        ?C?LLDXDATA0
  C:0DFDH         PUBLIC        ?C?LLDXDATA0
  -------         ENDMOD        ?C?LLDXDATA0

  -------         MODULE        ?C?LLDPDATA0
  C:0E09H         PUBLIC        ?C?LLDPDATA0
  -------         ENDMOD        ?C?LLDPDATA0

  -------         MODULE        ?C?LLDCODE0
  C:0E16H         PUBLIC        ?C?LLDCODE0
  -------         ENDMOD        ?C?LLDCODE0

  -------         MODULE        ?C?PLDXDATA
  C:0E26H         PUBLIC        ?C?PLDXDATA
  -------         ENDMOD        ?C?PLDXDATA

BL51 BANKED LINKER/LOCATER V6.22.2.0                                                  08/04/2022  09:22:02  PAGE 140


  -------         MODULE        ?C?PLDIXDATA
  C:0E2FH         PUBLIC        ?C?PLDIXDATA
  -------         ENDMOD        ?C?PLDIXDATA

  -------         MODULE        ?C?PILDXDATA
  C:0E46H         PUBLIC        ?C?PILDXDATA
  -------         ENDMOD        ?C?PILDXDATA

  -------         MODULE        ?C?PSTXDATA
  C:0E5DH         PUBLIC        ?C?PSTXDATA
  -------         ENDMOD        ?C?PSTXDATA

  -------         MODULE        GETCHAR
  B:0023H.5       PUBLIC        ?C?CHARLOADED
  X:1385H         PUBLIC        ?_UNGETCHAR?BYTE
  C:9666H         PUBLIC        GETCHAR
  -------         ENDMOD        GETCHAR

  -------         MODULE        UNGETC
  C:9794H         PUBLIC        _UNGETCHAR
  -------         ENDMOD        UNGETC

  -------         MODULE        ISSPACE
  C:967AH         PUBLIC        _isspace
  -------         ENDMOD        ISSPACE

  -------         MODULE        ?C?LSTIDATA
  C:0E66H         PUBLIC        ?C?LSTIDATA
  -------         ENDMOD        ?C?LSTIDATA

  -------         MODULE        ?C?LSTPDATA
  C:0E72H         PUBLIC        ?C?LSTPDATA
  -------         ENDMOD        ?C?LSTPDATA

  -------         MODULE        _GETKEY
  C:9781H         PUBLIC        _GETKEY
  -------         ENDMOD        _GETKEY

*** WARNING L16: UNCALLED SEGMENT, IGNORED FOR OVERLAY PROCESS
    SEGMENT: ?PR?_DISPLAYCSQ?LCD12864

Program Size: data=17.6 xdata=4998 code=38799
LINK/LOCATE RUN COMPLETE.  1 WARNING(S),  0 ERROR(S)
